******************************************************************************
                  TI ARM Linker PC v18.1.0                     
******************************************************************************
>> Linked Thu Feb 22 11:28:18 2018

OUTPUT FILE NAME:   <empty_EK_TM4C123GXL_TI.out>
ENTRY POINT SYMBOL: "_c_int00"  address: 000043e1


MEMORY CONFIGURATION

         name            origin    length      used     unused   attr    fill
----------------------  --------  ---------  --------  --------  ----  --------
  FLASH                 00000000   00040000  0000858e  00037a72  R  X
  SRAM                  20000000   00008000  00001b8e  00006472  RW X


SEGMENT ALLOCATION MAP

run origin  load origin   length   init length attrs members
----------  ----------- ---------- ----------- ----- -------
00000000    00000000    00008598   00008598    r-x
  00000000    00000000    0000003c   0000003c    r-- .resetVecs
  00000040    00000040    0000630a   0000630a    r-x .text
  0000634c    0000634c    00002020   00002020    r-- .const
  00008370    00008370    00000228   00000228    r-- .cinit
20000000    20000000    00001b90   00000000    rw-
  20000000    20000000    00000360   00000000    rw- .vecs
  20000360    20000360    000010a8   00000000    rw- .bss
  20001408    20001408    00000486   00000000    rw- .data
  20001890    20001890    00000300   00000000    rw- .stack


SECTION ALLOCATION MAP

 output                                  attributes/
section   page    origin      length       input sections
--------  ----  ----------  ----------   ----------------
.text      0    00000040    0000630a     
                  00000040    00000430     sysbios.aem4f : BIOS.obj (.text:ti_sysbios_family_arm_m3_Hwi_excDumpRegs__I)
                  00000470    0000034c     ti.targets.arm.rtsarm.aem4f : System.oem4f (.text:xdc_runtime_System_doPrint__I)
                  000007bc    00000004     driverlib.lib : uart.obj (.text:UARTIntClear)
                  000007c0    000002d0     sysbios.aem4f : BIOS.obj (.text:ti_sysbios_knl_Semaphore_pend__E)
                  00000a90    0000026c                   : BIOS.obj (.text:ti_sysbios_heaps_HeapMem_free__E)
                  00000cfc    00000004     rtsv7M4_T_le_v4SPD16_eabi.lib : exit.c.obj (.text:abort:abort)
                  00000d00    00000250     sysbios.aem4f : BIOS.obj (.text:ti_sysbios_heaps_HeapMem_alloc__E)
                  00000f50    0000020c     drivers_tivaware.aem4f : UARTTiva.oem4f (.text:UARTTiva_open)
                  0000115c    00000004     empty_pem4f.oem4f (.text:ti_sysbios_BIOS_RtsGateProxy_enter__E)
                  00001160    000001fc     sysbios.aem4f : BIOS.obj (.text:ti_sysbios_family_arm_m3_Hwi_excHandlerMax__I)
                  0000135c    00000004     empty_pem4f.oem4f (.text:ti_sysbios_BIOS_RtsGateProxy_leave__E)
                  00001360    00000174     sysbios.aem4f : BIOS.obj (.text:ti_sysbios_family_arm_m3_Hwi_excBusFault__I)
                  000014d4    00000170     drivers_tivaware.aem4f : PWMTiva.oem4f (.text:PWMTiva_open)
                  00001644    00000004     sysbios.aem4f : BIOS.obj (.text:ti_sysbios_family_arm_lm4_Timer_masterEnable__I)
                  00001648    00000164                   : BIOS.obj (.text:ti_sysbios_family_arm_m3_Hwi_excUsageFault__I)
                  000017ac    00000150     drivers_tivaware.aem4f : GPIOTiva.oem4f (.text:GPIO_setConfig)
                  000018fc    00000004     empty_pem4f.oem4f (.text:ti_sysbios_family_arm_m3_Hwi_destruct)
                  00001900    00000148     sysbios.aem4f : BIOS.obj (.text:ti_sysbios_family_arm_m3_Hwi_excMemFault__I)
                  00001a48    0000013c                   : BIOS.obj (.text:ti_sysbios_heaps_HeapMem_Instance_init__E)
                  00001b84    00000004     empty_pem4f.oem4f (.text:ti_sysbios_family_arm_m3_TaskSupport_Module__startupDone__S)
                  00001b88    00000134     sysbios.aem4f : BIOS.obj (.text:ti_sysbios_family_arm_lm4_Timer_start__E)
                  00001cbc    00000130     driverlib.lib : gpio.obj (.text:GPIOPadConfigSet)
                  00001dec    00000004     empty_pem4f.oem4f (.text:ti_sysbios_heaps_HeapMem_Module_GateProxy_enter__E)
                  00001df0    0000011c     sysbios.aem4f : BIOS.obj (.text:ti_sysbios_knl_Clock_Instance_init__E)
                  00001f0c    00000118     ti.targets.arm.rtsarm.aem4f : Error.oem4f (.text:xdc_runtime_Error_policyDefault__E)
                  00002024    00000100     Boot.aem4f : Boot_sysctl.oem4f (.text:ti_catalog_arm_cortexm4_tiva_ce_Boot_sysCtlClockSetI__I)
                  00002124    00000100     ti.targets.arm.rtsarm.aem4f : Core-mem.oem4f (.text:xdc_runtime_Core_createObject__I)
                  00002224    000000f8                                 : Startup.oem4f (.text:xdc_runtime_Startup_startMods__I)
                  0000231c    000000f8     empty_pem4f.oem4f (.text:xdc_runtime_System_printfExtend__I)
                  00002414    000000f4     sysbios.aem4f : m3_Hwi_asm.obj (.text:ti_sysbios_family_arm_m3_Hwi_dispatch__I)
                  00002508    000000f0     drivers_tivaware.aem4f : PWMTiva.oem4f (.text:PWMTiva_setDuty)
                  000025f8    000000ec     sysbios.aem4f : BIOS.obj (.text:ti_sysbios_knl_Semaphore_post__E)
                  000026e4    000000cc     ti.targets.arm.rtsarm.aem4f : Core-smem.oem4f (.text:xdc_runtime_Core_constructObject__I)
                  000027b0    000000bc     sysbios.aem4f : BIOS.obj (.text:ti_sysbios_family_arm_m3_Hwi_excDebugMon__I)
                  0000286c    00000004     empty_pem4f.oem4f (.text:ti_sysbios_heaps_HeapMem_Module_GateProxy_leave__E)
                  00002870    000000bc     sysbios.aem4f : BIOS.obj (.text:ti_sysbios_family_arm_m3_Hwi_excHardFault__I)
                  0000292c    000000ba     ti.tirtos.utils.aem4f : UARTMon.oem4f (.text:UARTMon_taskFxn)
                  000029e6    00000002     rtsv7M4_T_le_v4SPD16_eabi.lib : _lock.c.obj (.text:_nop)
                  000029e8    000000b8     empty.obj (.text:main)
                  00002aa0    000000b4     sysbios.aem4f : BIOS.obj (.text:ti_sysbios_gates_GateMutex_enter__E)
                  00002b54    00000004     empty_pem4f.oem4f (.text:ti_sysbios_knl_Clock_TimerProxy_getMaxTicks__E)
                  00002b58    000000b4     sysbios.aem4f : BIOS.obj (.text:ti_sysbios_knl_Task_checkStacks__E)
                  00002c0c    000000ac     drivers_tivaware.aem4f : UARTTiva.oem4f (.text:readTaskBlocking)
                  00002cb8    000000ac     sysbios.aem4f : BIOS.obj (.text:ti_sysbios_family_arm_lm4_Timer_enableTiva__I)
                  00002d64    00000004     empty_pem4f.oem4f (.text:ti_sysbios_knl_Clock_destruct)
                  00002d68    000000a8     sysbios.aem4f : BIOS.obj (.text:ti_sysbios_family_arm_lm4_Timer_enableTimers__I)
                  00002e10    000000a8                   : BIOS.obj (.text:ti_sysbios_knl_Task_postInit__I)
                  00002eb8    000000a4                   : BIOS.obj (.text:ti_sysbios_knl_Clock_Instance_finalize__E)
                  00002f5c    000000a0     auto_init.aem4f : auto_init.oem4f (.text)
                  00002ffc    000000a0     ti.targets.arm.rtsarm.aem4f : Text.oem4f (.text:xdc_runtime_Text_putMod__E)
                  0000309c    0000009c     rtsv7M4_T_le_v4SPD16_eabi.lib : memcpy_t2.asm.obj (.text)
                  00003138    0000009c     sysbios.aem4f : BIOS.obj (.text:ti_sysbios_knl_Semaphore_Instance_init__E)
                  000031d4    0000009a     ti.targets.arm.rtsarm.aem4f : Text.oem4f (.text:xdc_runtime_Text_putSite__E)
                  0000326e    00000098     drivers_tivaware.aem4f : UARTTiva.oem4f (.text:UARTTiva_readPolling)
                  00003306    00000002     rtsv7M4_T_le_v4SPD16_eabi.lib : div0.asm.obj (.text)
                  00003308    00000098     Boot.aem4f : Boot.oem4f (.text:ti_catalog_arm_cortexm4_tiva_ce_Boot_sysCtlClockSet__E)
                  000033a0    00000094     drivers_tivaware.aem4f : UARTTiva.oem4f (.text:UARTTiva_write)
                  00003434    00000004     empty_pem4f.oem4f (.text:ti_sysbios_knl_Queue_destruct)
                  00003438    00000094     sysbios.aem4f : BIOS.obj (.text:ti_sysbios_family_arm_m3_Hwi_Instance_init__E)
                  000034cc    00000004     empty_pem4f.oem4f (.text:ti_sysbios_knl_Semaphore_destruct)
                  000034d0    00000094     sysbios.aem4f : BIOS.obj (.text:ti_sysbios_family_arm_m3_Hwi_initNVIC__E)
                  00003564    0000008c     drivers_tivaware.aem4f : GPIOTiva.oem4f (.text:GPIO_init)
                  000035f0    0000008c                            : UARTTiva.oem4f (.text:UARTTiva_control)
                  0000367c    0000008c     sysbios.aem4f : m3_TaskSupport_asm.obj (.text:ti_sysbios_family_arm_m3_TaskSupport_buildTaskStack)
                  00003708    0000008a     drivers_tivaware.aem4f : UARTTiva.oem4f (.text:readIsrTextBlocking)
                  00003792    00000002     empty_pem4f.oem4f (.text:ti_sysbios_BIOS_nullFunc__I)
                  00003794    00000088     drivers_tivaware.aem4f : PWMTiva.oem4f (.text:PWMTiva_control)
                  0000381c    00000084     empty.obj (.text:pwmLEDinit)
                  000038a0    00000084     sysbios.aem4f : BIOS.obj (.text:ti_sysbios_family_arm_m3_Hwi_postInit__I)
                  00003924    00000082     drivers_tivaware.aem4f : UARTTiva.oem4f (.text:readIsrTextCallback)
                  000039a6    0000007a                            : UARTTiva.oem4f (.text:readTaskCallback)
                  00003a20    0000007a     rtsv7M4_T_le_v4SPD16_eabi.lib : memset_t2.asm.obj (.text)
                  00003a9a    00000006     driverlib.lib : gpio.obj (.text:GPIOIntClear)
                  00003aa0    00000074     sysbios.aem4f : BIOS.obj (.text:ti_sysbios_knl_Clock_start__E)
                  00003b14    00000004     ti.targets.arm.rtsarm.aem4f : Error.oem4f (.text:xdc_runtime_Error_getSite__E)
                  00003b18    00000070     sysbios.aem4f : BIOS.obj (.text:ti_sysbios_knl_Clock_workFunc__E)
                  00003b88    00000070                   : BIOS.obj (.text:ti_sysbios_knl_Task_exit__E)
                  00003bf8    0000006d     ti.targets.arm.rtsarm.aem4f : System.oem4f (.text:xdc_runtime_System_formatNum__I)
                  00003c65    00000001     --HOLE-- [fill = 0]
                  00003c66    00000002     empty_pem4f.oem4f (.text:xdc_runtime_Startup_reset__I)
                  00003c68    0000006c     sysbios.aem4f : BIOS.obj (.text:ti_sysbios_knl_Swi_restoreHwi__E)
                  00003cd4    0000006c     drivers_tivaware.aem4f : UARTTiva.oem4f (.text:writeData)
                  00003d40    0000006c     ti.targets.arm.rtsarm.aem4f : Error.oem4f (.text:xdc_runtime_Error_print__E)
                  00003dac    0000006c                                 : Memory.oem4f (.text:xdc_runtime_Memory_alloc__E)
                  00003e18    0000006a     drivers_tivaware.aem4f : PWMTiva.oem4f (.text:PWMTiva_close)
                  00003e82    00000068     rtsv7M4_T_le_v4SPD16_eabi.lib : copy_decompress_lzss.c.obj (.text:decompress:lzss:__TI_decompress_lzss)
                  00003eea    00000066     ti.targets.arm.rtsarm.aem4f : Core-mem.oem4f (.text:xdc_runtime_Core_deleteObject__I)
                  00003f50    00000064     drivers_tivaware.aem4f : GPIOTiva.oem4f (.text:GPIO_hwiIntFxn)
                  00003fb4    00000004     empty_pem4f.oem4f (.text:xdc_runtime_System_Module_GateProxy_enter__E)
                  00003fb8    00000064     sysbios.aem4f : BIOS.obj (.text:ti_sysbios_family_arm_lm4_Timer_Module_startup__E)
                  0000401c    00000064     empty_pem4f.oem4f (.text:ti_sysbios_family_arm_m3_Hwi_create)
                  00004080    00000064     sysbios.aem4f : BIOS.obj (.text:ti_sysbios_family_arm_m3_Hwi_dispatchC__I)
                  000040e4    00000004     empty_pem4f.oem4f (.text:xdc_runtime_System_Module_GateProxy_leave__E)
                  000040e8    00000060     sysbios.aem4f : BIOS.obj (.text:ti_sysbios_family_arm_lm4_Timer_isrStub__E)
                  00004148    00000060                   : BIOS.obj (.text:ti_sysbios_knl_Task_schedule__I)
                  000041a8    0000005e     drivers_tivaware.aem4f : UARTTiva.oem4f (.text:readIsrBinaryBlocking)
                  00004206    00000002     --HOLE-- [fill = 0]
                  00004208    0000005c     sysbios.aem4f : BIOS.obj (.text:ti_sysbios_knl_Swi_run__I)
                  00004264    00000004     ti.targets.arm.rtsarm.aem4f : System.oem4f (.text:xdc_runtime_System_aprintf_va__F)
                  00004268    0000005c     sysbios.aem4f : BIOS.obj (.text:ti_sysbios_knl_Swi_schedule__I)
                  000042c4    00000004     ti.targets.arm.rtsarm.aem4f : System.oem4f (.text:xdc_runtime_System_printf_va__F)
                  000042c8    0000005c     sysbios.aem4f : BIOS.obj (.text:ti_sysbios_knl_Task_Module_startup__E)
                  00004324    00000004     --HOLE-- [fill = 0]
                  00004328    0000005c                   : BIOS.obj (.text:ti_sysbios_knl_Task_startCore__E)
                  00004384    0000005b     ti.targets.arm.rtsarm.aem4f : Text.oem4f (.text:xdc_runtime_Text_putLab__E)
                  000043df    00000001     --HOLE-- [fill = 0]
                  000043e0    00000058     boot.aem4f : boot.oem4f (.text)
                  00004438    00000058     rtsv7M4_T_le_v4SPD16_eabi.lib : hostwrite.c.obj (.text:HOSTwrite)
                  00004490    00000058     empty_pem4f.oem4f (.text:ti_sysbios_family_arm_m3_Hwi_construct)
                  000044e8    00000058     sysbios.aem4f : m3_Hwi_asm_switch.obj (.text:ti_sysbios_family_arm_m3_Hwi_initStacks__E)
                  00004540    00000056     driverlib.lib : gpio.obj (.text:GPIOIntTypeSet)
                  00004596    00000054     drivers_tivaware.aem4f : UARTTiva.oem4f (.text:readIsrBinaryCallback)
                  000045ea    00000002     --HOLE-- [fill = 0]
                  000045ec    00000054     ti.targets.arm.rtsarm.aem4f : Assert.oem4f (.text:xdc_runtime_Assert_raise__I)
                  00004640    00000050     drivers_tivaware.aem4f : GPIOTiva.oem4f (.text:GPIO_setCallback)
                  00004690    00000050                            : UARTTiva.oem4f (.text:UARTTiva_writeCancel)
                  000046e0    00000050     sysbios.aem4f : BIOS.obj (.text:ti_sysbios_family_arm_m3_Hwi_Module_startup__E)
                  00004730    00000050     ti.targets.arm.rtsarm.aem4f : Startup.oem4f (.text:xdc_runtime_Startup_exec__E)
                  00004780    00000050                                 : Text.oem4f (.text:xdc_runtime_Text_visitRope2__I)
                  000047d0    0000004c     drivers_tivaware.aem4f : UARTTiva.oem4f (.text:UARTTiva_close)
                  0000481c    0000004c     rtsv7M4_T_le_v4SPD16_eabi.lib : cpy_tbl.c.obj (.text:copy_in)
                  00004868    0000004c     sysbios.aem4f : BIOS.obj (.text:ti_sysbios_heaps_HeapMem_getStats__E)
                  000048b4    00000004     --HOLE-- [fill = 0]
                  000048b8    0000004c                   : BIOS.obj (.text:ti_sysbios_knl_Swi_runLoop__I)
                  00004904    00000004     --HOLE-- [fill = 0]
                  00004908    0000004c                   : BIOS.obj (.text:ti_sysbios_knl_Task_allBlockedFunction__I)
                  00004954    00000048     driverlib.lib : gpio.obj (.text:GPIOPinConfigure)
                  0000499c    00000048     empty.obj (.text:gpioButtonFxn1)
                  000049e4    00000004     --HOLE-- [fill = 0]
                  000049e8    00000048     sysbios.aem4f : BIOS.obj (.text:ti_sysbios_family_arm_m3_Hwi_disableInterrupt__E)
                  00004a30    00000048                   : BIOS.obj (.text:ti_sysbios_family_arm_m3_Hwi_enableInterrupt__E)
                  00004a78    00000048                   : BIOS.obj (.text:ti_sysbios_family_arm_m3_Hwi_excReserved__I)
                  00004ac0    00000046     drivers_tivaware.aem4f : RingBuf.oem4f (.text:RingBuf_put)
                  00004b06    00000046     ti.targets.arm.rtsarm.aem4f : Core-params.oem4f (.text:xdc_runtime_Core_assignParams__I)
                  00004b4c    00000044     empty.obj (.text:gpioButtonFxn0)
                  00004b90    00000044     sysbios.aem4f : BIOS.obj (.text:ti_sysbios_family_arm_m3_Hwi_getStackInfo__E)
                  00004bd4    00000004     --HOLE-- [fill = 0]
                  00004bd8    00000044                   : BIOS.obj (.text:ti_sysbios_knl_Swi_post__E)
                  00004c1c    00000044     ti.targets.arm.rtsarm.aem4f : Error.oem4f (.text:xdc_runtime_Error_setX__E)
                  00004c60    00000044                                 : SysMin.oem4f (.text:xdc_runtime_SysMin_flush__E)
                  00004ca4    00000044                                 : Text.oem4f (.text:xdc_runtime_Text_xprintf__I)
                  00004ce8    00000042     driverlib.lib : uart.obj (.text:UARTConfigSetExpClk)
                  00004d2a    00000042     drivers_tivaware.aem4f : UARTTiva.oem4f (.text:UARTTiva_hwiIntFxn)
                  00004d6c    00000042                            : UARTTiva.oem4f (.text:UARTTiva_writePolling)
                  00004dae    00000002     --HOLE-- [fill = 0]
                  00004db0    00000040     EK_TM4C123GXL.obj (.text:EK_TM4C123GXL_initGeneral)
                  00004df0    00000040     drivers_tivaware.aem4f : RingBuf.oem4f (.text:RingBuf_get)
                  00004e30    00000040                            : UARTTiva.oem4f (.text:UARTTiva_read)
                  00004e70    00000040     rtsv7M4_T_le_v4SPD16_eabi.lib : u_divt2.asm.obj (.text)
                  00004eb0    00000040     sysbios.aem4f : BIOS.obj (.text:ti_sysbios_family_arm_lm4_Timer_startup__E)
                  00004ef0    0000003c                   : BIOS.obj (.text:ti_sysbios_family_arm_m3_Hwi_excSvCall__I)
                  00004f2c    00000004     --HOLE-- [fill = 0]
                  00004f30    0000003c                   : BIOS.obj (.text:ti_sysbios_heaps_HeapMem_init__I)
                  00004f6c    00000004     --HOLE-- [fill = 0]
                  00004f70    0000003c                   : BIOS.obj (.text:ti_sysbios_knl_Swi_restore__E)
                  00004fac    00000038     drivers_tivaware.aem4f : PWM.oem4f (.text:PWM_init)
                  00004fe4    00000038                            : UART.oem4f (.text:UART_init)
                  0000501c    00000038     rtsv7M4_T_le_v4SPD16_eabi.lib : trgmsg.c.obj (.text:__TI_writemsg)
                  00005054    00000004     --HOLE-- [fill = 0]
                  00005058    00000038     sysbios.aem4f : BIOS.obj (.text:ti_sysbios_family_arm_m3_Hwi_excNoIsr__I)
                  00005090    00000038                   : BIOS.obj (.text:ti_sysbios_knl_Task_processVitalTaskFlag__I)
                  000050c8    00000038     ti.targets.arm.rtsarm.aem4f : SysMin.oem4f (.text:xdc_runtime_SysMin_putch__E)
                  00005100    00000038                                 : System.oem4f (.text:xdc_runtime_System_atexit__E)
                  00005138    00000036     drivers_tivaware.aem4f : UARTTiva.oem4f (.text:UARTTiva_readCancel)
                  0000516e    00000002     --HOLE-- [fill = 0]
                  00005170    00000034     EK_TM4C123GXL.obj (.text:EK_TM4C123GXL_initPWM)
                  000051a4    00000034     driverlib.lib : sysctl.obj (.text:SysCtlPeripheralEnable)
                  000051d8    00000034     rtsv7M4_T_le_v4SPD16_eabi.lib : trgmsg.c.obj (.text:__TI_readmsg)
                  0000520c    00000004     --HOLE-- [fill = 0]
                  00005210    00000034     sysbios.aem4f : BIOS.obj (.text:ti_sysbios_family_arm_m3_Hwi_Instance_finalize__E)
                  00005244    00000004     --HOLE-- [fill = 0]
                  00005248    00000034                   : BIOS.obj (.text:ti_sysbios_family_arm_m3_Hwi_excNmi__I)
                  0000527c    00000004     --HOLE-- [fill = 0]
                  00005280    00000034                   : BIOS.obj (.text:ti_sysbios_hal_Hwi_checkStack)
                  000052b4    00000034     empty_pem4f.oem4f (.text:ti_sysbios_knl_Clock_construct)
                  000052e8    00000034     ti.targets.arm.rtsarm.aem4f : Core-label.oem4f (.text:xdc_runtime_Core_assignLabel__I)
                  0000531c    00000033                                 : Text.oem4f (.text:xdc_runtime_Text_printVisFxn__I)
                  0000534f    00000001     --HOLE-- [fill = 0]
                  00005350    00000032     sysbios.aem4f : BIOS.obj (.text:ti_sysbios_hal_Hwi_initStack)
                  00005382    00000002     --HOLE-- [fill = 0]
                  00005384    00000030     EK_TM4C123GXL.obj (.text:EK_TM4C123GXL_initGPIO)
                  000053b4    00000030     drivers_tivaware.aem4f : GPIOTiva.oem4f (.text:GPIO_enableInt)
                  000053e4    00000030                            : PWMTiva.oem4f (.text:PWMTiva_init)
                  00005414    00000030                            : PWM.oem4f (.text:PWM_open)
                  00005444    00000030                            : UART.oem4f (.text:UART_open)
                  00005474    00000030     empty_pem4f.oem4f (.text:ti_sysbios_BIOS_atExitFunc__I)
                  000054a4    00000004     --HOLE-- [fill = 0]
                  000054a8    00000030     sysbios.aem4f : BIOS.obj (.text:ti_sysbios_family_arm_lm4_Timer_stop__E)
                  000054d8    00000030                   : BIOS.obj (.text:ti_sysbios_family_arm_m3_TaskSupport_start__E)
                  00005508    00000030     empty_pem4f.oem4f (.text:ti_sysbios_gates_GateHwi_Object__create__S)
                  00005538    00000030     empty_pem4f.oem4f (.text:ti_sysbios_gates_GateMutex_Object__create__S)
                  00005568    00000030     empty_pem4f.oem4f (.text:ti_sysbios_heaps_HeapMem_Object__create__S)
                  00005598    00000030     empty_pem4f.oem4f (.text:ti_sysbios_knl_Semaphore_construct)
                  000055c8    00000030     sysbios.aem4f : BIOS.obj (.text:ti_sysbios_knl_Semaphore_pendTimeout__I)
                  000055f8    00000030                   : BIOS.obj (.text:ti_sysbios_knl_Task_unblockI__E)
                  00005628    00000030     ti.targets.arm.rtsarm.aem4f : SysMin.oem4f (.text:xdc_runtime_SysMin_abort__E)
                  00005658    00000030                                 : System.oem4f (.text:xdc_runtime_System_processAtExit__E)
                  00005688    0000002c     EK_TM4C123GXL.obj (.text:EK_TM4C123GXL_initUART)
                  000056b4    0000002c     empty_pem4f.oem4f (.text:ti_sysbios_knl_Clock_doTick__I)
                  000056e0    0000002c     empty_pem4f.oem4f (.text:ti_sysbios_knl_Queue_construct)
                  0000570c    00000004     --HOLE-- [fill = 0]
                  00005710    0000002c     sysbios.aem4f : BIOS.obj (.text:ti_sysbios_knl_Task_restore__E)
                  0000573c    0000002c     ti.targets.arm.rtsarm.aem4f : Text.oem4f (.text:xdc_runtime_Text_cordText__E)
                  00005768    0000002a     driverlib.lib : gpio.obj (.text:GPIODirModeSet)
                  00005792    0000002a     ti.targets.arm.rtsarm.aem4f : System.oem4f (.text:xdc_runtime_System_putchar__I)
                  000057bc    00000004     --HOLE-- [fill = 0]
                  000057c0    00000028     sysbios.aem4f : BIOS.obj (.text:ti_sysbios_knl_Swi_Module_startup__E)
                  000057e8    00000026                   : m3_Hwi_asm.obj (.text:ti_sysbios_family_arm_m3_Hwi_pendSV__I)
                  0000580e    00000026     ti.targets.arm.rtsarm.aem4f : System.oem4f (.text:xdc_runtime_System_avprintf__E)
                  00005834    00000024     empty_pem4f.oem4f (.text:ti_sysbios_BIOS_errorRaiseHook__I)
                  00005858    00000024     empty_pem4f.oem4f (.text:ti_sysbios_BIOS_registerRTSLock__I)
                  0000587c    00000024     empty_pem4f.oem4f (.text:ti_sysbios_BIOS_removeRTSLock__I)
                  000058a0    00000024     empty_pem4f.oem4f (.text:ti_sysbios_BIOS_startFunc__I)
                  000058c4    00000024     empty_pem4f.oem4f (.text:ti_sysbios_gates_GateMutex_Object__delete__S)
                  000058e8    00000024     sysbios.aem4f : BIOS.obj (.text:ti_sysbios_knl_Clock_Module_startup__E)
                  0000590c    00000004     --HOLE-- [fill = 0]
                  00005910    00000024                   : BIOS.obj (.text:ti_sysbios_knl_Task_restoreHwi__E)
                  00005934    00000024     ti.targets.arm.rtsarm.aem4f : System.oem4f (.text:xdc_runtime_System_vprintf__E)
                  00005958    00000022     driverlib.lib : pwm.obj (.text:PWMGenConfigure)
                  0000597a    00000022     drivers_tivaware.aem4f : PWMTiva.oem4f (.text:PWMTiva_getPeriodCounts)
                  0000599c    00000004     --HOLE-- [fill = 0]
                  000059a0    00000022     sysbios.aem4f : BIOS.obj (.text:ti_sysbios_family_arm_lm4_Timer_write__I)
                  000059c2    00000022     empty_pem4f.oem4f (.text:xdc_runtime_SysMin_output__I)
                  000059e4    00000020     empty_pem4f.oem4f (.text:ti_sysbios_BIOS_rtsLock__I)
                  00005a04    00000020     sysbios.aem4f : m3_Hwi_asm.obj (.text:ti_sysbios_family_arm_m3_Hwi_excHandlerAsm__I)
                  00005a24    00000004     --HOLE-- [fill = 0]
                  00005a28    00000020                   : BIOS.obj (.text:ti_sysbios_family_arm_m3_Hwi_excHandler__I)
                  00005a48    00000020     empty_pem4f.oem4f (.text:ti_sysbios_gates_GateHwi_Object__delete__S)
                  00005a68    00000020     empty_pem4f.oem4f (.text:ti_sysbios_heaps_HeapMem_Object__delete__S)
                  00005a88    00000020     empty_pem4f.oem4f (.text:ti_sysbios_knl_Clock_Object__destruct__S)
                  00005aa8    00000020     sysbios.aem4f : BIOS.obj (.text:ti_sysbios_knl_Idle_run__E)
                  00005ac8    00000020     empty_pem4f.oem4f (.text:ti_sysbios_knl_Semaphore_Object__destruct__S)
                  00005ae8    00000020     ti.targets.arm.rtsarm.aem4f : Registry.oem4f (.text:xdc_runtime_Registry_findById__E)
                  00005b08    00000020                                 : SysMin.oem4f (.text:xdc_runtime_SysMin_Module_startup__E)
                  00005b28    0000001e     driverlib.lib : pwm.obj (.text:PWMPulseWidthSet)
                  00005b46    0000001e     drivers_tivaware.aem4f : PWMTiva.oem4f (.text:PWMTiva_getPeriodMicroSecs)
                  00005b64    0000001e     sysbios.aem4f : m3_Hwi_asm_switch.obj (.text:ti_sysbios_family_xxx_Hwi_switchAndRunFunc)
                  00005b82    00000002     --HOLE-- [fill = 0]
                  00005b84    0000001c     driverlib.lib : uart.obj (.text:UARTDisable)
                  00005ba0    0000001c     drivers_tivaware.aem4f : GPIOTiva.oem4f (.text:getGpioIntIndex)
                  00005bbc    0000001c     empty_pem4f.oem4f (.text:ti_sysbios_family_arm_m3_Hwi_Object__destruct__S)
                  00005bd8    0000001c     sysbios.aem4f : BIOS.obj (.text:ti_sysbios_gates_GateMutex_Instance_init__E)
                  00005bf4    0000001c     empty_pem4f.oem4f (.text:ti_sysbios_knl_Queue_Object__destruct__S)
                  00005c10    0000001c     sysbios.aem4f : BIOS.obj (.text:ti_sysbios_knl_Task_enter__I)
                  00005c2c    0000001c     ti.targets.arm.rtsarm.aem4f : Error.oem4f (.text:xdc_runtime_Error_raiseX__E)
                  00005c48    0000001c                                 : Memory.oem4f (.text:xdc_runtime_Memory_valloc__E)
                  00005c64    0000001c                                 : SysMin.oem4f (.text:xdc_runtime_SysMin_exit__E)
                  00005c80    0000001c                                 : System.oem4f (.text:xdc_runtime_System_abort__E)
                  00005c9c    0000001a     empty_pem4f.oem4f (.text:ti_sysbios_family_arm_m3_Hwi_Handle__label__S)
                  00005cb6    0000001a     empty_pem4f.oem4f (.text:ti_sysbios_gates_GateHwi_Handle__label__S)
                  00005cd0    0000001a     empty_pem4f.oem4f (.text:ti_sysbios_gates_GateMutex_Handle__label__S)
                  00005cea    0000001a     empty_pem4f.oem4f (.text:ti_sysbios_heaps_HeapMem_Handle__label__S)
                  00005d04    0000001a     empty_pem4f.oem4f (.text:ti_sysbios_knl_Swi_Handle__label__S)
                  00005d1e    0000001a     empty_pem4f.oem4f (.text:ti_sysbios_knl_Task_Handle__label__S)
                  00005d38    0000001a     empty_pem4f.oem4f (.text:xdc_runtime_System_aprintf__E)
                  00005d52    0000001a     empty_pem4f.oem4f (.text:xdc_runtime_System_printf__E)
                  00005d6c    00000018     drivers_tivaware.aem4f : UART.oem4f (.text:UART_Params_init)
                  00005d84    00000018     rtsv7M4_T_le_v4SPD16_eabi.lib : args_main.c.obj (.text:_args_main)
                  00005d9c    00000018     empty_pem4f.oem4f (.text:ti_sysbios_BIOS_rtsUnlock__I)
                  00005db4    00000018     empty_pem4f.oem4f (.text:ti_sysbios_family_arm_lm4_Timer_Module__startupDone__F)
                  00005dcc    00000018     empty_pem4f.oem4f (.text:ti_sysbios_family_arm_m3_Hwi_Module__startupDone__F)
                  00005de4    00000018     sysbios.aem4f : m3_TaskSupport_asm.obj (.text:ti_sysbios_family_arm_m3_TaskSupport_swap__E)
                  00005dfc    00000004     --HOLE-- [fill = 0]
                  00005e00    00000018                   : BIOS.obj (.text:ti_sysbios_gates_GateMutex_leave__E)
                  00005e18    00000018     ti.targets.arm.rtsarm.aem4f : Error.oem4f (.text:xdc_runtime_Error_check__E)
                  00005e30    00000018                                 : System.oem4f (.text:xdc_runtime_System_exit__E)
                  00005e48    00000018                                 : Text.oem4f (.text:xdc_runtime_Text_ropeText__E)
                  00005e60    00000016     empty_pem4f.oem4f (.text:ti_sysbios_BIOS_exitFunc__I)
                  00005e76    00000002     --HOLE-- [fill = 0]
                  00005e78    00000014     driverlib.lib : pwm.obj (.text:PWMClockSet)
                  00005e8c    00000014                   : sysctl.obj (.text:SysCtlPWMClockSet)
                  00005ea0    00000014                   : uart.obj (.text:UARTEnable)
                  00005eb4    00000014     rtsv7M4_T_le_v4SPD16_eabi.lib : strlen.c.obj (.text:strlen)
                  00005ec8    00000014     empty_pem4f.oem4f (.text:ti_sysbios_family_arm_m3_Hwi_Object__get__S)
                  00005edc    00000004     --HOLE-- [fill = 0]
                  00005ee0    00000014     sysbios.aem4f : BIOS.obj (.text:ti_sysbios_family_arm_m3_Hwi_switchFromBootStack__E)
                  00005ef4    00000014     empty_pem4f.oem4f (.text:ti_sysbios_heaps_HeapMem_Object__get__S)
                  00005f08    00000014     empty_pem4f.oem4f (.text:ti_sysbios_knl_Swi_Object__get__S)
                  00005f1c    00000012     driverlib.lib : gpio.obj (.text:GPIOPinTypeGPIOInput)
                  00005f2e    00000012                   : gpio.obj (.text:GPIOPinTypePWM)
                  00005f40    00000012                   : gpio.obj (.text:GPIOPinTypeUART)
                  00005f52    00000012                   : pwm.obj (.text:PWMGenPeriodGet)
                  00005f64    00000012                   : pwm.obj (.text:PWMOutputInvert)
                  00005f76    00000012                   : pwm.obj (.text:PWMOutputState)
                  00005f88    00000012     drivers_tivaware.aem4f : RingBuf.oem4f (.text:RingBuf_construct)
                  00005f9a    00000006     driverlib.lib : gpio.obj (.text:GPIOPinWrite)
                  00005fa0    00000012     sysbios.aem4f : BIOS.obj (.text:ti_sysbios_hal_Hwi_Module_startup__E)
                  00005fb2    00000012     empty_pem4f.oem4f (.text:xdc_runtime_Startup_exec__I)
                  00005fc4    00000010     driverlib.lib : pwm.obj (.text:PWMGenPeriodSet)
                  00005fd4    00000010     drivers_tivaware.aem4f : PWM.oem4f (.text:PWM_Params_init)
                  00005fe4    00000010                            : UARTTiva.oem4f (.text:readBlockingTimeout)
                  00005ff4    00000004     --HOLE-- [fill = 0]
                  00005ff8    00000010     sysbios.aem4f : BIOS.obj (.text:ti_sysbios_BIOS_getCpuFreq__E)
                  00006008    00000010                   : BIOS.obj (.text:ti_sysbios_BIOS_setThreadType__E)
                  00006018    00000010                   : BIOS.obj (.text:ti_sysbios_BIOS_start__E)
                  00006028    00000010                   : m3_TaskSupport_asm.obj (.text:ti_sysbios_family_arm_m3_TaskSupport_glue)
                  00006038    00000010                   : BIOS.obj (.text:ti_sysbios_gates_GateMutex_Instance_finalize__E)
                  00006048    00000010                   : BIOS.obj (.text:ti_sysbios_knl_Semaphore_Instance_finalize__E)
                  00006058    00000010                   : BIOS.obj (.text:ti_sysbios_knl_Swi_disable__E)
                  00006068    00000010     empty_pem4f.oem4f (.text:ti_sysbios_knl_Task_Object__get__S)
                  00006078    00000010     sysbios.aem4f : BIOS.obj (.text:ti_sysbios_knl_Task_disable__E)
                  00006088    00000010     ti.targets.arm.rtsarm.aem4f : Gate.oem4f (.text:xdc_runtime_Gate_leaveSystem__E)
                  00006098    00000010                                 : Memory.oem4f (.text:xdc_runtime_Memory_free__E)
                  000060a8    00000010                                 : SysMin.oem4f (.text:xdc_runtime_SysMin_ready__E)
                  000060b8    00000010                                 : System.oem4f (.text:xdc_runtime_System_vsnprintf__E)
                  000060c8    00000010     empty_pem4f.oem4f (.text:xdc_runtime_Text_visitRope__I)
                  000060d8    0000000e     driverlib.lib : gpio.obj (.text:GPIOIntStatus)
                  000060e6    0000000e                   : uart.obj (.text:UARTCharGetNonBlocking)
                  000060f4    0000000e                   : uart.obj (.text:UARTCharPutNonBlocking)
                  00006102    0000000e     rtsv7M4_T_le_v4SPD16_eabi.lib : copy_decompress_none.c.obj (.text:decompress:none:__TI_decompress_none)
                  00006110    0000000e     sysbios.aem4f : BIOS.obj (.text:ti_sysbios_knl_Idle_loop__E)
                  0000611e    00000002     --HOLE-- [fill = 0]
                  00006120    0000000e                   : BIOS.obj (.text:ti_sysbios_knl_Queue_empty__E)
                  0000612e    00000002     --HOLE-- [fill = 0]
                  00006130    0000000c     empty_pem4f.oem4f (.text:.bootCodeSection:ti_catalog_arm_cortexm4_tiva_ce_Boot_init__I)
                  0000613c    0000000c     driverlib.lib : gpio.obj (.text:GPIOIntEnable)
                  00006148    0000000c                   : pwm.obj (.text:PWMGenDisable)
                  00006154    0000000c                   : pwm.obj (.text:PWMGenEnable)
                  00006160    0000000c     drivers_tivaware.aem4f : RingBuf.oem4f (.text:RingBuf_peek)
                  0000616c    0000000c     driverlib.lib : uart.obj (.text:UARTFlowControlSet)
                  00006178    0000000c     drivers_tivaware.aem4f : UARTTiva.oem4f (.text:UARTTiva_init)
                  00006184    0000000c     rtsv7M4_T_le_v4SPD16_eabi.lib : _lock.c.obj (.text:_register_lock)
                  00006190    0000000c                                   : _lock.c.obj (.text:_register_unlock)
                  0000619c    0000000c                                   : copy_zero_init.c.obj (.text:decompress:ZI:__TI_zero_init)
                  000061a8    0000000c     sysbios.aem4f : BIOS.obj (.text:ti_sysbios_family_arm_lm4_Timer_getMaxTicks__E)
                  000061b4    0000000c     empty_pem4f.oem4f (.text:ti_sysbios_family_arm_m3_Hwi_Params__init__S)
                  000061c0    0000000c     sysbios.aem4f : BIOS.obj (.text:ti_sysbios_family_arm_m3_Hwi_disableFxn__E)
                  000061cc    00000004     --HOLE-- [fill = 0]
                  000061d0    0000000c                   : BIOS.obj (.text:ti_sysbios_family_arm_m3_TaskSupport_checkStack__E)
                  000061dc    00000004     --HOLE-- [fill = 0]
                  000061e0    0000000c                   : BIOS.obj (.text:ti_sysbios_gates_GateHwi_enter__E)
                  000061ec    0000000c     empty_pem4f.oem4f (.text:ti_sysbios_knl_Clock_Params__init__S)
                  000061f8    0000000c     empty_pem4f.oem4f (.text:ti_sysbios_knl_Queue_Object__get__S)
                  00006204    0000000c     empty_pem4f.oem4f (.text:ti_sysbios_knl_Semaphore_Params__init__S)
                  00006210    0000000c     ti.targets.arm.rtsarm.aem4f : Error.oem4f (.text:xdc_runtime_Error_init__E)
                  0000621c    0000000c                                 : Gate.oem4f (.text:xdc_runtime_Gate_enterSystem__E)
                  00006228    0000000c                                 : Memory.oem4f (.text:xdc_runtime_Memory_calloc__E)
                  00006234    0000000c                                 : Memory.oem4f (.text:xdc_runtime_Memory_getMaxDefaultTypeAlign__E)
                  00006240    0000000a     drivers_tivaware.aem4f : PWM.oem4f (.text:PWM_setDuty)
                  0000624a    0000000a     driverlib.lib : uart.obj (.text:UARTCharGet)
                  00006254    0000000a                   : uart.obj (.text:UARTCharPut)
                  0000625e    0000000a                   : uart.obj (.text:UARTIntDisable)
                  00006268    0000000a                   : uart.obj (.text:UARTIntStatus)
                  00006272    0000000a     drivers_tivaware.aem4f : UART.oem4f (.text:UART_read)
                  0000627c    0000000a                            : UART.oem4f (.text:UART_write)
                  00006286    0000000a     empty_pem4f.oem4f (.text:xdc_runtime_IHeap_alloc)
                  00006290    0000000a     empty_pem4f.oem4f (.text:xdc_runtime_IHeap_free)
                  0000629a    00000008     driverlib.lib : uart.obj (.text:UARTIntEnable)
                  000062a2    00000008                   : uart.obj (.text:UARTRxErrorGet)
                  000062aa    00000008     drivers_tivaware.aem4f : UARTTiva.oem4f (.text:readSemCallback)
                  000062b2    00000008     sysbios.aem4f : BIOS.obj (.text:ti_sysbios_family_arm_lm4_Timer_masterDisable__I)
                  000062ba    00000006     driverlib.lib : uart.obj (.text:UARTFIFOLevelSet)
                  000062c0    00000008     sysbios.aem4f : BIOS.obj (.text:ti_sysbios_family_arm_m3_Hwi_doSwiRestore__I)
                  000062c8    00000008                   : BIOS.obj (.text:ti_sysbios_family_arm_m3_Hwi_startup__E)
                  000062d0    00000008     drivers_tivaware.aem4f : UARTTiva.oem4f (.text:writeSemCallback)
                  000062d8    00000006     driverlib.lib : uart.obj (.text:UARTRxErrorClear)
                  000062de    00000006     Boot.aem4f : Boot_sysctl.oem4f (.text:ti_catalog_arm_cortexm4_tiva_ce_Boot_sysCtlDelayI__I)
                  000062e4    00000004     --HOLE-- [fill = 0]
                  000062e8    00000006     sysbios.aem4f : BIOS.obj (.text:ti_sysbios_family_arm_m3_Hwi_doTaskRestore__I)
                  000062ee    00000002     --HOLE-- [fill = 0]
                  000062f0    00000006                   : BIOS.obj (.text:ti_sysbios_family_arm_m3_Hwi_restoreFxn__E)
                  000062f6    00000002     --HOLE-- [fill = 0]
                  000062f8    00000006                   : BIOS.obj (.text:ti_sysbios_gates_GateHwi_leave__E)
                  000062fe    00000002     --HOLE-- [fill = 0]
                  00006300    00000006                   : BIOS.obj (.text:ti_sysbios_heaps_HeapMem_isBlocking__E)
                  00006306    00000002     --HOLE-- [fill = 0]
                  00006308    00000006                   : BIOS.obj (.text:ti_sysbios_knl_Clock_stop__E)
                  0000630e    00000002     --HOLE-- [fill = 0]
                  00006310    00000006                   : BIOS.obj (.text:ti_sysbios_knl_Queue_Instance_init__E)
                  00006316    00000002     --HOLE-- [fill = 0]
                  00006318    00000006                   : BIOS.obj (.text:ti_sysbios_knl_Swi_startup__E)
                  0000631e    00000006     ti.targets.arm.rtsarm.aem4f : System.oem4f (.text:xdc_runtime_System_Module_startup__E)
                  00006324    00000004     --HOLE-- [fill = 0]
                  00006328    00000004     sysbios.aem4f : BIOS.obj (.text:ti_sysbios_gates_GateHwi_query__E)
                  0000632c    00000004     --HOLE-- [fill = 0]
                  00006330    00000004                   : BIOS.obj (.text:ti_sysbios_gates_GateMutex_query__E)
                  00006334    00000004     --HOLE-- [fill = 0]
                  00006338    00000004                   : BIOS.obj (.text:ti_sysbios_knl_Task_startup__E)
                  0000633c    00000004     --HOLE-- [fill = 0]
                  00006340    00000002                   : BIOS.obj (.text:ti_sysbios_gates_GateHwi_Instance_init__E)
                  00006342    00000006     --HOLE-- [fill = 0]
                  00006348    00000002                   : BIOS.obj (.text:ti_sysbios_knl_Clock_logTick__E)

.const     0    0000634c    00002020     
                  0000634c    0000186d     empty_pem4f.oem4f (.const:xdc_runtime_Text_charTab__A)
                  00007bb9    00000001     empty_pem4f.oem4f (.const:xdc_runtime_Error_policy__C)
                  00007bba    000000bc     empty_pem4f.oem4f (.const:xdc_runtime_Text_nodeTab__A)
                  00007c76    00000002     empty_pem4f.oem4f (.const:ti_catalog_arm_cortexm4_tiva_ce_Boot_Module__id__C)
                  00007c78    00000090     driverlib.lib : gpio.obj (.const:g_pui32GPIOBaseAddrs)
                  00007d08    00000054     drivers_tivaware.aem4f : GPIOTiva.oem4f (.const:.string)
                  00007d5c    0000004c                            : UARTTiva.oem4f (.const)
                  00007da8    00000048     empty_pem4f.oem4f (.const:.string)
                  00007df0    00000048     drivers_tivaware.aem4f : GPIOTiva.oem4f (.const:gpioBaseAddresses)
                  00007e38    00000030     empty_pem4f.oem4f (.const:ti_sysbios_family_arm_m3_Hwi_Object__PARAMS__C)
                  00007e68    00000028     drivers_tivaware.aem4f : UARTTiva.oem4f (.const:UARTTiva_fxnTable)
                  00007e90    00000028     empty_pem4f.oem4f (.const:ti_sysbios_heaps_HeapMem_Module__FXNS__C)
                  00007eb8    00000024     EK_TM4C123GXL.obj (.const:PWM_config)
                  00007edc    00000024     drivers_tivaware.aem4f : UART.oem4f (.const:UART_defaultParams)
                  00007f00    00000024     empty_pem4f.oem4f (.const:ti_sysbios_gates_GateHwi_Module__FXNS__C)
                  00007f24    00000024     empty_pem4f.oem4f (.const:ti_sysbios_gates_GateMutex_Module__FXNS__C)
                  00007f48    00000024     empty_pem4f.oem4f (.const:ti_sysbios_heaps_HeapMem_Object__PARAMS__C)
                  00007f6c    00000024     empty_pem4f.oem4f (.const:ti_sysbios_knl_Clock_Object__PARAMS__C)
                  00007f90    00000024     empty_pem4f.oem4f (.const:ti_sysbios_knl_Semaphore_Object__PARAMS__C)
                  00007fb4    00000020     drivers_tivaware.aem4f : PWMTiva.oem4f (.const)
                  00007fd4    00000020     empty_pem4f.oem4f (.const:ti_sysbios_family_arm_m3_Hwi_Object__DESC__C)
                  00007ff4    00000020     empty_pem4f.oem4f (.const:ti_sysbios_gates_GateHwi_Object__DESC__C)
                  00008014    00000020     empty_pem4f.oem4f (.const:ti_sysbios_gates_GateMutex_Object__DESC__C)
                  00008034    00000020     empty_pem4f.oem4f (.const:ti_sysbios_heaps_HeapMem_Object__DESC__C)
                  00008054    00000020     empty_pem4f.oem4f (.const:ti_sysbios_knl_Clock_Object__DESC__C)
                  00008074    00000020     empty_pem4f.oem4f (.const:ti_sysbios_knl_Queue_Object__DESC__C)
                  00008094    00000020     empty_pem4f.oem4f (.const:ti_sysbios_knl_Semaphore_Object__DESC__C)
                  000080b4    00000020     empty_pem4f.oem4f (.const:xdc_runtime_Startup_sfxnTab__A)
                  000080d4    00000018     EK_TM4C123GXL.obj (.const:UART_config)
                  000080ec    00000018     EK_TM4C123GXL.obj (.const:pwmTivaHWAttrs)
                  00008104    00000018     empty_pem4f.oem4f (.const:ti_sysbios_gates_GateHwi_Object__PARAMS__C)
                  0000811c    00000018     empty_pem4f.oem4f (.const:ti_sysbios_gates_GateMutex_Object__PARAMS__C)
                  00008134    00000018     empty_pem4f.oem4f (.const:ti_sysbios_knl_Queue_Object__PARAMS__C)
                  0000814c    00000018     EK_TM4C123GXL.obj (.const:uartTivaHWAttrs)
                  00008164    00000014     EK_TM4C123GXL.obj (.const:GPIOTiva_config)
                  00008178    00000014     empty_pem4f.oem4f (.const:xdc_runtime_Startup_firstFxns__A)
                  0000818c    00000010     empty_pem4f.oem4f (.const:xdc_runtime_Startup_sfxnRts__A)
                  0000819c    0000000c     drivers_tivaware.aem4f : PWM.oem4f (.const)
                  000081a8    00000008     empty_pem4f.oem4f (.const:ti_sysbios_family_arm_m3_Hwi_excHookFuncs__A)
                  000081b0    00000008     empty_pem4f.oem4f (.const:ti_sysbios_knl_Idle_funcList__C)
                  000081b8    00000008     empty_pem4f.oem4f (.const:xdc_runtime_Startup_firstFxns__C)
                  000081c0    00000008     empty_pem4f.oem4f (.const:xdc_runtime_Startup_lastFxns__C)
                  000081c8    00000004     empty_pem4f.oem4f (.const:ti_catalog_arm_cortexm4_tiva_ce_Boot_A_mustUseEnhancedClockMode__C)
                  000081cc    00000004     empty_pem4f.oem4f (.const:ti_catalog_arm_cortexm4_tiva_ce_Boot_Module__diagsEnabled__C)
                  000081d0    00000004     empty_pem4f.oem4f (.const:ti_catalog_arm_cortexm4_tiva_ce_Boot_Module__diagsIncluded__C)
                  000081d4    00000004     empty_pem4f.oem4f (.const:ti_catalog_arm_cortexm4_tiva_ce_Boot_Module__diagsMask__C)
                  000081d8    00000004     empty_pem4f.oem4f (.const:ti_sysbios_family_arm_lm4_Timer_enableFunc__C)
                  000081dc    00000004     empty_pem4f.oem4f (.const:ti_sysbios_family_arm_lm4_Timer_numTimerDevices__C)
                  000081e0    00000004     empty_pem4f.oem4f (.const:ti_sysbios_family_arm_lm4_Timer_startupNeeded__C)
                  000081e4    00000004     empty_pem4f.oem4f (.const:ti_sysbios_family_arm_m3_Hwi_E_NMI__C)
                  000081e8    00000004     empty_pem4f.oem4f (.const:ti_sysbios_family_arm_m3_Hwi_E_alreadyDefined__C)
                  000081ec    00000004     empty_pem4f.oem4f (.const:ti_sysbios_family_arm_m3_Hwi_E_busFault__C)
                  000081f0    00000004     empty_pem4f.oem4f (.const:ti_sysbios_family_arm_m3_Hwi_E_debugMon__C)
                  000081f4    00000004     empty_pem4f.oem4f (.const:ti_sysbios_family_arm_m3_Hwi_E_hardFault__C)
                  000081f8    00000004     empty_pem4f.oem4f (.const:ti_sysbios_family_arm_m3_Hwi_E_memFault__C)
                  000081fc    00000004     empty_pem4f.oem4f (.const:ti_sysbios_family_arm_m3_Hwi_E_noIsr__C)
                  00008200    00000004     empty_pem4f.oem4f (.const:ti_sysbios_family_arm_m3_Hwi_E_reserved__C)
                  00008204    00000004     empty_pem4f.oem4f (.const:ti_sysbios_family_arm_m3_Hwi_E_svCall__C)
                  00008208    00000004     empty_pem4f.oem4f (.const:ti_sysbios_family_arm_m3_Hwi_E_usageFault__C)
                  0000820c    00000004     empty_pem4f.oem4f (.const:ti_sysbios_family_arm_m3_Hwi_NUM_INTERRUPTS__C)
                  00008210    00000004     empty_pem4f.oem4f (.const:ti_sysbios_family_arm_m3_Hwi_Object__count__C)
                  00008214    00000004     empty_pem4f.oem4f (.const:ti_sysbios_family_arm_m3_Hwi_ccr__C)
                  00008218    00000004     empty_pem4f.oem4f (.const:ti_sysbios_family_arm_m3_Hwi_excHandlerFunc__C)
                  0000821c    00000004     empty_pem4f.oem4f (.const:ti_sysbios_family_arm_m3_Hwi_excHookFuncs__C)
                  00008220    00000004     empty_pem4f.oem4f (.const:ti_sysbios_family_arm_m3_Hwi_nullIsrFunc__C)
                  00008224    00000004     empty_pem4f.oem4f (.const:ti_sysbios_family_arm_m3_Hwi_priGroup__C)
                  00008228    00000004     empty_pem4f.oem4f (.const:ti_sysbios_gates_GateMutex_A_badContext__C)
                  0000822c    00000004     empty_pem4f.oem4f (.const:ti_sysbios_gates_GateMutex_Instance_State_sem__O)
                  00008230    00000004     empty_pem4f.oem4f (.const:ti_sysbios_gates_GateMutex_Module__diagsEnabled__C)
                  00008234    00000004     empty_pem4f.oem4f (.const:ti_sysbios_gates_GateMutex_Module__diagsIncluded__C)
                  00008238    00000004     empty_pem4f.oem4f (.const:ti_sysbios_gates_GateMutex_Module__diagsMask__C)
                  0000823c    00000004     empty_pem4f.oem4f (.const:ti_sysbios_hal_Hwi_E_stackOverflow__C)
                  00008240    00000004     empty_pem4f.oem4f (.const:ti_sysbios_heaps_HeapMem_A_align__C)
                  00008244    00000004     empty_pem4f.oem4f (.const:ti_sysbios_heaps_HeapMem_A_heapSize__C)
                  00008248    00000004     empty_pem4f.oem4f (.const:ti_sysbios_heaps_HeapMem_A_invalidFree__C)
                  0000824c    00000004     empty_pem4f.oem4f (.const:ti_sysbios_heaps_HeapMem_A_zeroBlock__C)
                  00008250    00000004     empty_pem4f.oem4f (.const:ti_sysbios_heaps_HeapMem_E_memory__C)
                  00008254    00000004     empty_pem4f.oem4f (.const:ti_sysbios_heaps_HeapMem_Module__diagsEnabled__C)
                  00008258    00000004     empty_pem4f.oem4f (.const:ti_sysbios_heaps_HeapMem_Module__diagsIncluded__C)
                  0000825c    00000004     empty_pem4f.oem4f (.const:ti_sysbios_heaps_HeapMem_Module__diagsMask__C)
                  00008260    00000004     empty_pem4f.oem4f (.const:ti_sysbios_heaps_HeapMem_Module__gateObj__C)
                  00008264    00000004     empty_pem4f.oem4f (.const:ti_sysbios_heaps_HeapMem_Object__count__C)
                  00008268    00000004     empty_pem4f.oem4f (.const:ti_sysbios_heaps_HeapMem_reqAlign__C)
                  0000826c    00000004     empty_pem4f.oem4f (.const:ti_sysbios_knl_Clock_A_badThreadType__C)
                  00008270    00000004     empty_pem4f.oem4f (.const:ti_sysbios_knl_Clock_Module_State_clockQ__O)
                  00008274    00000004     empty_pem4f.oem4f (.const:ti_sysbios_knl_Clock_Module__diagsEnabled__C)
                  00008278    00000004     empty_pem4f.oem4f (.const:ti_sysbios_knl_Clock_Module__diagsIncluded__C)
                  0000827c    00000004     empty_pem4f.oem4f (.const:ti_sysbios_knl_Clock_Module__diagsMask__C)
                  00008280    00000004     empty_pem4f.oem4f (.const:ti_sysbios_knl_Idle_funcList__A)
                  00008284    00000004     empty_pem4f.oem4f (.const:ti_sysbios_knl_Semaphore_A_badContext__C)
                  00008288    00000004     empty_pem4f.oem4f (.const:ti_sysbios_knl_Semaphore_A_noEvents__C)
                  0000828c    00000004     empty_pem4f.oem4f (.const:ti_sysbios_knl_Semaphore_A_overflow__C)
                  00008290    00000004     empty_pem4f.oem4f (.const:ti_sysbios_knl_Semaphore_A_pendTaskDisabled__C)
                  00008294    00000004     empty_pem4f.oem4f (.const:ti_sysbios_knl_Semaphore_Instance_State_pendQ__O)
                  00008298    00000004     empty_pem4f.oem4f (.const:ti_sysbios_knl_Semaphore_Module__diagsEnabled__C)
                  0000829c    00000004     empty_pem4f.oem4f (.const:ti_sysbios_knl_Semaphore_Module__diagsIncluded__C)
                  000082a0    00000004     empty_pem4f.oem4f (.const:ti_sysbios_knl_Semaphore_Module__diagsMask__C)
                  000082a4    00000004     empty_pem4f.oem4f (.const:ti_sysbios_knl_Swi_Object__count__C)
                  000082a8    00000004     empty_pem4f.oem4f (.const:ti_sysbios_knl_Task_E_spOutOfBounds__C)
                  000082ac    00000004     empty_pem4f.oem4f (.const:ti_sysbios_knl_Task_E_stackOverflow__C)
                  000082b0    00000004     empty_pem4f.oem4f (.const:ti_sysbios_knl_Task_Module_State_inactiveQ__O)
                  000082b4    00000004     empty_pem4f.oem4f (.const:ti_sysbios_knl_Task_Object__count__C)
                  000082b8    00000004     empty_pem4f.oem4f (.const:ti_sysbios_knl_Task_allBlockedFunc__C)
                  000082bc    00000004     empty_pem4f.oem4f (.const:ti_sysbios_knl_Task_numConstructedTasks__C)
                  000082c0    00000004     empty_pem4f.oem4f (.const:xdc_runtime_Assert_E_assertFailed__C)
                  000082c4    00000004     empty_pem4f.oem4f (.const:xdc_runtime_Core_A_initializedParams__C)
                  000082c8    00000004     empty_pem4f.oem4f (.const:xdc_runtime_Core_Module__diagsEnabled__C)
                  000082cc    00000004     empty_pem4f.oem4f (.const:xdc_runtime_Core_Module__diagsIncluded__C)
                  000082d0    00000004     empty_pem4f.oem4f (.const:xdc_runtime_Core_Module__diagsMask__C)
                  000082d4    00000004     empty_pem4f.oem4f (.const:xdc_runtime_Error_E_memory__C)
                  000082d8    00000004     empty_pem4f.oem4f (.const:xdc_runtime_Error_Module__diagsEnabled__C)
                  000082dc    00000004     empty_pem4f.oem4f (.const:xdc_runtime_Error_Module__diagsIncluded__C)
                  000082e0    00000004     empty_pem4f.oem4f (.const:xdc_runtime_Error_Module__diagsMask__C)
                  000082e4    00000004     empty_pem4f.oem4f (.const:xdc_runtime_Error_Module__loggerFxn8__C)
                  000082e8    00000004     empty_pem4f.oem4f (.const:xdc_runtime_Error_Module__loggerObj__C)
                  000082ec    00000004     empty_pem4f.oem4f (.const:xdc_runtime_Error_policyFxn__C)
                  000082f0    00000004     empty_pem4f.oem4f (.const:xdc_runtime_Error_raiseHook__C)
                  000082f4    00000004     empty_pem4f.oem4f (.const:xdc_runtime_IGateProvider_Interface__BASE__C)
                  000082f8    00000004     empty_pem4f.oem4f (.const:xdc_runtime_IHeap_Interface__BASE__C)
                  000082fc    00000004     empty_pem4f.oem4f (.const:xdc_runtime_IModule_Interface__BASE__C)
                  00008300    00000004     empty_pem4f.oem4f (.const:xdc_runtime_Log_L_error__C)
                  00008304    00000004     empty_pem4f.oem4f (.const:xdc_runtime_Memory_defaultHeapInstance__C)
                  00008308    00000004     empty_pem4f.oem4f (.const:xdc_runtime_Startup_execImpl__C)
                  0000830c    00000004     empty_pem4f.oem4f (.const:xdc_runtime_Startup_maxPasses__C)
                  00008310    00000004     empty_pem4f.oem4f (.const:xdc_runtime_Startup_sfxnRts__C)
                  00008314    00000004     empty_pem4f.oem4f (.const:xdc_runtime_Startup_sfxnTab__C)
                  00008318    00000004     empty_pem4f.oem4f (.const:xdc_runtime_SysMin_bufSize__C)
                  0000831c    00000004     empty_pem4f.oem4f (.const:xdc_runtime_SysMin_outputFunc__C)
                  00008320    00000004     empty_pem4f.oem4f (.const:xdc_runtime_System_Module__gateObj__C)
                  00008324    00000004     empty_pem4f.oem4f (.const:xdc_runtime_System_abortFxn__C)
                  00008328    00000004     empty_pem4f.oem4f (.const:xdc_runtime_System_exitFxn__C)
                  0000832c    00000004     empty_pem4f.oem4f (.const:xdc_runtime_System_extendFxn__C)
                  00008330    00000004     empty_pem4f.oem4f (.const:xdc_runtime_System_maxAtexitHandlers__C)
                  00008334    00000004     empty_pem4f.oem4f (.const:xdc_runtime_Text_charTab__C)
                  00008338    00000004     empty_pem4f.oem4f (.const:xdc_runtime_Text_nameEmpty__C)
                  0000833c    00000004     empty_pem4f.oem4f (.const:xdc_runtime_Text_nameStatic__C)
                  00008340    00000004     empty_pem4f.oem4f (.const:xdc_runtime_Text_nameUnknown__C)
                  00008344    00000004     empty_pem4f.oem4f (.const:xdc_runtime_Text_nodeTab__C)
                  00008348    00000004     empty_pem4f.oem4f (.const:xdc_runtime_Text_visitRopeFxn__C)
                  0000834c    00000002     empty_pem4f.oem4f (.const:ti_sysbios_family_arm_m3_Hwi_Module__id__C)
                  0000834e    00000002     empty_pem4f.oem4f (.const:ti_sysbios_gates_GateMutex_Module__id__C)
                  00008350    00000002     empty_pem4f.oem4f (.const:ti_sysbios_hal_Hwi_Module__id__C)
                  00008352    00000002     empty_pem4f.oem4f (.const:ti_sysbios_heaps_HeapMem_Module__id__C)
                  00008354    00000002     empty_pem4f.oem4f (.const:ti_sysbios_knl_Clock_Module__id__C)
                  00008356    00000002     empty_pem4f.oem4f (.const:ti_sysbios_knl_Semaphore_Module__id__C)
                  00008358    00000002     empty_pem4f.oem4f (.const:ti_sysbios_knl_Task_Module__id__C)
                  0000835a    00000002     empty_pem4f.oem4f (.const:xdc_runtime_Core_Module__id__C)
                  0000835c    00000002     empty_pem4f.oem4f (.const:xdc_runtime_Error_Module__loggerDefined__C)
                  0000835e    00000002     empty_pem4f.oem4f (.const:xdc_runtime_Error_maxDepth__C)
                  00008360    00000002     empty_pem4f.oem4f (.const:xdc_runtime_Memory_Module__id__C)
                  00008362    00000002     empty_pem4f.oem4f (.const:xdc_runtime_SysMin_flushAtExit__C)
                  00008364    00000002     empty_pem4f.oem4f (.const:xdc_runtime_Text_charCnt__C)
                  00008366    00000002     empty_pem4f.oem4f (.const:xdc_runtime_Text_isLoaded__C)
                  00008368    00000002     empty_pem4f.oem4f (.const:xdc_runtime_Text_registryModsLastId__C)
                  0000836a    00000002     empty_pem4f.oem4f (.const:xdc_runtime_Text_unnamedModsLastId__C)

.cinit     0    00008370    00000228     
                  00008370    000001f4     (.cinit..data.load) [load image, compression = lzss]
                  00008564    0000000c     (__TI_handler_table)
                  00008570    00000008     (.cinit..bss.load) [load image, compression = zero_init]
                  00008578    00000008     (.cinit..vecs.load) [load image, compression = zero_init]
                  00008580    00000018     (__TI_cinit_table)

.init_array 
*          0    00000000    00000000     UNINITIALIZED

.resetVecs 
*          0    00000000    0000003c     
                  00000000    0000003c     empty_pem4f.oem4f (.resetVecs)

.bss       0    20000360    000010a8     UNINITIALIZED
                  20000360    00000600     empty_pem4f.oem4f (.bss:taskStackSection)
                  20000960    00000400     (.common:ti_sysbios_heaps_HeapMem_Instance_State_0_buf__A)
                  20000d60    00000360     (.common:ti_sysbios_family_arm_m3_Hwi_dispatchTable)
                  200010c0    00000120     rtsv7M4_T_le_v4SPD16_eabi.lib : trgmsg.c.obj (.bss:_CIOBUF_)
                  200011e0    000000cc     (.common:uartTivaObjects)
                  200012ac    00000090     drivers_tivaware.aem4f : GPIOTiva.oem4f (.bss:gpioCallbackInfo)
                  2000133c    00000080     (.common:xdc_runtime_SysMin_Module_State_0_outbuf__A)
                  200013bc    00000020     (.common:uartTivaRingBuffer)
                  200013dc    00000010     (.common:pwmTivaObjects)
                  200013ec    0000000c     (.common:params)
                  200013f8    00000008     (.common:parmbuf)
                  20001400    00000004     (.common:gpioInterruptVectors)
                  20001404    00000004     (.common:pwm1)

.data      0    20001408    00000486     UNINITIALIZED
                  20001408    00000098     empty_pem4f.oem4f (.data:ti_sysbios_knl_Task_Object__table__V)
                  200014a0    00000080     empty_pem4f.oem4f (.data:ti_sysbios_knl_Swi_Module_State_0_readyQ__A)
                  20001520    00000080     empty_pem4f.oem4f (.data:ti_sysbios_knl_Task_Module_State_0_readyQ__A)
                  200015a0    00000044     empty_pem4f.oem4f (.data:ti_sysbios_knl_Task_Module__state__V)
                  200015e4    00000040     empty_pem4f.oem4f (.data:ti_sysbios_family_arm_lm4_Timer_Object__table__V)
                  20001624    00000038     empty_pem4f.oem4f (.data:ti_sysbios_gates_GateMutex_Object__table__V)
                  2000165c    00000034     empty_pem4f.oem4f (.data:ti_sysbios_family_arm_m3_Hwi_Module__state__V)
                  20001690    00000030     empty_pem4f.oem4f (.data:ti_sysbios_family_arm_lm4_Timer_Module_State_0_device__A)
                  200016c0    00000030     empty_pem4f.oem4f (.data:ti_sysbios_knl_Swi_Object__table__V)
                  200016f0    0000002c     empty_pem4f.oem4f (.data:ti_sysbios_knl_Clock_Module__state__V)
                  2000171c    00000024     empty_pem4f.oem4f (.data:ti_sysbios_BIOS_Module__state__V)
                  20001740    0000001c     empty_pem4f.oem4f (.data:ti_sysbios_knl_Swi_Module__state__V)
                  2000175c    00000018     drivers_tivaware.aem4f : PWMTiva.oem4f (.data)
                  20001774    00000018     empty_pem4f.oem4f (.data:ti_sysbios_family_arm_lm4_Timer_Module_State_0_handles__A)
                  2000178c    00000018     empty_pem4f.oem4f (.data:ti_sysbios_family_arm_m3_Hwi_Object__table__V)
                  200017a4    00000018     empty_pem4f.oem4f (.data:ti_sysbios_heaps_HeapMem_Object__table__V)
                  200017bc    00000014     empty.obj (.data)
                  200017d0    00000014     EK_TM4C123GXL.obj (.data:gpioPinConfigs)
                  200017e4    0000000c     empty_pem4f.oem4f (.data:ti_sysbios_family_arm_lm4_Timer_Module__state__V)
                  200017f0    0000000c     empty_pem4f.oem4f (.data:xdc_runtime_SysMin_Module__state__V)
                  200017fc    00000008     rtsv7M4_T_le_v4SPD16_eabi.lib : _lock.c.obj (.data:$O1$$)
                  20001804    00000008     EK_TM4C123GXL.obj (.data:gpioCallbackFunctions)
                  2000180c    00000008     empty_pem4f.oem4f (.data:ti_sysbios_family_arm_m3_Hwi_Module__root__V)
                  20001814    00000008     empty_pem4f.oem4f (.data:ti_sysbios_gates_GateHwi_Module__root__V)
                  2000181c    00000008     empty_pem4f.oem4f (.data:ti_sysbios_gates_GateMutex_Module__root__V)
                  20001824    00000008     empty_pem4f.oem4f (.data:ti_sysbios_heaps_HeapMem_Module__root__V)
                  2000182c    00000008     empty_pem4f.oem4f (.data:ti_sysbios_knl_Clock_Module__root__V)
                  20001834    00000008     empty_pem4f.oem4f (.data:ti_sysbios_knl_Queue_Module__root__V)
                  2000183c    00000008     empty_pem4f.oem4f (.data:ti_sysbios_knl_Semaphore_Module__root__V)
                  20001844    00000008     empty_pem4f.oem4f (.data:xdc_runtime_Registry_Module__state__V)
                  2000184c    00000008     empty_pem4f.oem4f (.data:xdc_runtime_Startup_Module__state__V)
                  20001854    00000008     empty_pem4f.oem4f (.data:xdc_runtime_System_Module_State_0_atexitHandlers__A)
                  2000185c    00000008     empty_pem4f.oem4f (.data:xdc_runtime_System_Module__state__V)
                  20001864    00000005     drivers_tivaware.aem4f : GPIOTiva.oem4f (.data)
                  20001869    00000001     --HOLE--
                  2000186a    00000002     empty_pem4f.oem4f (.data:ti_sysbios_family_arm_m3_Hwi_Module_State_0_excActive__A)
                  2000186c    00000004     drivers_tivaware.aem4f : PWM.oem4f (.data)
                  20001870    00000004                            : UART.oem4f (.data)
                  20001874    00000004     rtsv7M4_T_le_v4SPD16_eabi.lib : stkdepth_vars.c.obj (.data)
                  20001878    00000004     empty_pem4f.oem4f (.data:ti_sysbios_family_arm_m3_Hwi_Module_State_0_excContext__A)
                  2000187c    00000004     empty_pem4f.oem4f (.data:ti_sysbios_family_arm_m3_Hwi_Module_State_0_excStack__A)
                  20001880    00000004     empty_pem4f.oem4f (.data:ti_sysbios_gates_GateHwi_Object__table__V)
                  20001884    00000004     empty_pem4f.oem4f (.data:ti_sysbios_knl_Task_Module_State_0_idleTask__A)
                  20001888    00000004     empty_pem4f.oem4f (.data:xdc_runtime_Memory_Module__state__V)
                  2000188c    00000002     empty_pem4f.oem4f (.data:xdc_runtime_Error_Module__state__V)

.stack     0    20001890    00000300     UNINITIALIZED
                  20001890    00000300     --HOLE--

.bootVecs 
*          0    00000000    00000008     DSECT
                  00000000    00000008     boot.aem4f : boot.oem4f (.bootVecs)

.vecs      0    20000000    00000360     UNINITIALIZED
                  20000000    00000360     empty_pem4f.oem4f (.vecs)

xdc.meta   0    00000000    000000ef     COPY SECTION
                  00000000    000000ef     empty_pem4f.oem4f (xdc.meta)

MODULE SUMMARY

       Module                       code    ro data   rw data
       ------                       ----    -------   -------
    .\
       EK_TM4C123GXL.obj            208     128       280    
       empty.obj                    456     0         36     
    +--+----------------------------+-------+---------+---------+
       Total:                       664     128       316    
                                                             
    C:\Users\thors_000\workspace_v7\empty_EK_TM4C123GXL_TI\Debug\configPkg\package\cfg\
       empty_pem4f.oem4f            1790    7660      5476   
    +--+----------------------------+-------+---------+---------+
       Total:                       1790    7660      5476   
                                                             
    C:/ti/tirtos_tivac_2_16_00_08/products/TivaWare_C_Series-2.1.1.71b/driverlib/ccs/Debug/driverlib.lib
       gpio.obj                     596     144       0      
       uart.obj                     226     0         0      
       pwm.obj                      178     0         0      
       sysctl.obj                   72      0         0      
    +--+----------------------------+-------+---------+---------+
       Total:                       1072    144       0      
                                                             
    C:/ti/tirtos_tivac_2_16_00_08/products/tidrivers_tivac_2_16_00_08/packages/ti/drivers/lib/drivers_tivaware.aem4f
       UARTTiva.oem4f               2262    116       0      
       GPIOTiva.oem4f               732     156       153    
       PWMTiva.oem4f                962     32        24     
       UART.oem4f                   148     36        4      
       RingBuf.oem4f                164     0         0      
       PWM.oem4f                    130     12        4      
    +--+----------------------------+-------+---------+---------+
       Total:                       4398    352       185    
                                                             
    C:\Users\thors_000\workspace_v7\empty_EK_TM4C123GXL_TI\src\sysbios\sysbios.aem4f
       BIOS.obj                     10972   0         0      
       m3_Hwi_asm.obj               314     0         0      
       m3_TaskSupport_asm.obj       180     0         0      
       m3_Hwi_asm_switch.obj        118     0         0      
    +--+----------------------------+-------+---------+---------+
       Total:                       11584   0         0      
                                                             
    C:\ti\ccsv7\tools\compiler\ti-cgt-arm_18.1.0.LTS\lib\rtsv7M4_T_le_v4SPD16_eabi.lib
       trgmsg.c.obj                 108     0         288    
       memcpy_t2.asm.obj            156     0         0      
       memset_t2.asm.obj            122     0         0      
       copy_decompress_lzss.c.obj   104     0         0      
       hostwrite.c.obj              88      0         0      
       cpy_tbl.c.obj                76      0         0      
       u_divt2.asm.obj              64      0         0      
       _lock.c.obj                  26      0         8      
       args_main.c.obj              24      0         0      
       strlen.c.obj                 20      0         0      
       copy_decompress_none.c.obj   14      0         0      
       copy_zero_init.c.obj         12      0         0      
       hostopen.c.obj               0       0         8      
       exit.c.obj                   4       0         0      
       stkdepth_vars.c.obj          0       0         4      
       div0.asm.obj                 2       0         0      
    +--+----------------------------+-------+---------+---------+
       Total:                       820     0         308    
                                                             
    C:\ti\tirtos_tivac_2_16_00_08\packages\ti\tirtos\utils\lib\release\ti.tirtos.utils.aem4f
       UARTMon.oem4f                186     0         0      
    +--+----------------------------+-------+---------+---------+
       Total:                       186     0         0      
                                                             
    C:\ti\tirtos_tivac_2_16_00_08\products\bios_6_45_01_29\packages\ti\catalog\arm\cortexm4\tiva\ce\lib\Boot.aem4f
       Boot_sysctl.oem4f            262     0         0      
       Boot.oem4f                   152     0         0      
    +--+----------------------------+-------+---------+---------+
       Total:                       414     0         0      
                                                             
    C:\ti\tirtos_tivac_2_16_00_08\products\bios_6_45_01_29\packages\ti\targets\arm\rtsarm\lib\auto_init.aem4f
       auto_init.oem4f              160     0         0      
    +--+----------------------------+-------+---------+---------+
       Total:                       160     0         0      
                                                             
    C:\ti\tirtos_tivac_2_16_00_08\products\bios_6_45_01_29\packages\ti\targets\arm\rtsarm\lib\boot.aem4f
       boot.oem4f                   88      0         0      
    +--+----------------------------+-------+---------+---------+
       Total:                       88      0         0      
                                                             
    C:\ti\tirtos_tivac_2_16_00_08\products\bios_6_45_01_29\packages\ti\targets\arm\rtsarm\lib\ti.targets.arm.rtsarm.aem4f
       System.oem4f                 1255    0         0      
       Text.oem4f                   672     0         0      
       Error.oem4f                  524     0         0      
       Core-mem.oem4f               358     0         0      
       Startup.oem4f                328     0         0      
       SysMin.oem4f                 248     0         0      
       Core-smem.oem4f              204     0         0      
       Memory.oem4f                 176     0         0      
       Assert.oem4f                 84      0         0      
       Core-params.oem4f            70      0         0      
       Core-label.oem4f             52      0         0      
       Registry.oem4f               32      0         0      
       Gate.oem4f                   28      0         0      
    +--+----------------------------+-------+---------+---------+
       Total:                       4031    0         0      
                                                             
       Stack:                       0       0         768    
       Linker Generated:            0       552       0      
    +--+----------------------------+-------+---------+---------+
       Grand Total:                 25207   8836      7053   


LINKER GENERATED COPY TABLES

__TI_cinit_table @ 00008580 records: 3, size/record: 8, table size: 24
	.data: load addr=00008370, load size=000001f4 bytes, run addr=20001408, run size=00000486 bytes, compression=lzss
	.bss: load addr=00008570, load size=00000008 bytes, run addr=20000360, run size=000010a8 bytes, compression=zero_init
	.vecs: load addr=00008578, load size=00000008 bytes, run addr=20000000, run size=00000360 bytes, compression=zero_init


LINKER GENERATED HANDLER TABLE

__TI_handler_table @ 00008564 records: 3, size/record: 4, table size: 12
	index: 0, handler: __TI_decompress_lzss
	index: 1, handler: __TI_decompress_none
	index: 2, handler: __TI_zero_init


GLOBAL SYMBOLS: SORTED ALPHABETICALLY BY Name 

address   name                                                              
-------   ----                                                              
00000cfd  C$$EXIT                                                           
0000504b  C$$IO$$                                                           
00005385  EK_TM4C123GXL_initGPIO                                            
00004db1  EK_TM4C123GXL_initGeneral                                         
00005171  EK_TM4C123GXL_initPWM                                             
00005689  EK_TM4C123GXL_initUART                                            
00005769  GPIODirModeSet                                                    
00003a9b  GPIOIntClear                                                      
0000613d  GPIOIntEnable                                                     
000060d9  GPIOIntStatus                                                     
00004541  GPIOIntTypeSet                                                    
00001cbd  GPIOPadConfigSet                                                  
00004955  GPIOPinConfigure                                                  
00005f1d  GPIOPinTypeGPIOInput                                              
00005f2f  GPIOPinTypePWM                                                    
00005f41  GPIOPinTypeUART                                                   
00005f9b  GPIOPinWrite                                                      
00008164  GPIOTiva_config                                                   
000053b5  GPIO_enableInt                                                    
00003f51  GPIO_hwiIntFxn                                                    
00003565  GPIO_init                                                         
00004641  GPIO_setCallback                                                  
000017ad  GPIO_setConfig                                                    
00004439  HOSTwrite                                                         
00005e79  PWMClockSet                                                       
00005959  PWMGenConfigure                                                   
00006149  PWMGenDisable                                                     
00006155  PWMGenEnable                                                      
00005f53  PWMGenPeriodGet                                                   
00005fc5  PWMGenPeriodSet                                                   
00005f65  PWMOutputInvert                                                   
00005f77  PWMOutputState                                                    
00005b29  PWMPulseWidthSet                                                  
00007fd2  PWMTiva_MAX_MATCH_VALUE                                           
00007fd0  PWMTiva_MAX_PRESCALAR                                             
00003e19  PWMTiva_close                                                     
00003795  PWMTiva_control                                                   
00007fb4  PWMTiva_fxnTable                                                  
0000597b  PWMTiva_getPeriodCounts                                           
00005b47  PWMTiva_getPeriodMicroSecs                                        
000053e5  PWMTiva_init                                                      
000014d5  PWMTiva_open                                                      
00002509  PWMTiva_setDuty                                                   
00005fd5  PWM_Params_init                                                   
00007eb8  PWM_config                                                        
0000819c  PWM_defaultParams                                                 
00004fad  PWM_init                                                          
00005415  PWM_open                                                          
00006241  PWM_setDuty                                                       
00005f89  RingBuf_construct                                                 
00004df1  RingBuf_get                                                       
00006161  RingBuf_peek                                                      
00004ac1  RingBuf_put                                                       
UNDEFED   SHT$$INIT_ARRAY$$Base                                             
UNDEFED   SHT$$INIT_ARRAY$$Limit                                            
00005e8d  SysCtlPWMClockSet                                                 
000051a5  SysCtlPeripheralEnable                                            
0000624b  UARTCharGet                                                       
000060e7  UARTCharGetNonBlocking                                            
00006255  UARTCharPut                                                       
000060f5  UARTCharPutNonBlocking                                            
00004ce9  UARTConfigSetExpClk                                               
00005b85  UARTDisable                                                       
00005ea1  UARTEnable                                                        
000062bb  UARTFIFOLevelSet                                                  
0000616d  UARTFlowControlSet                                                
000007bd  UARTIntClear                                                      
0000625f  UARTIntDisable                                                    
0000629b  UARTIntEnable                                                     
00006269  UARTIntStatus                                                     
0000292d  UARTMon_taskFxn                                                   
000062d9  UARTRxErrorClear                                                  
000062a3  UARTRxErrorGet                                                    
000047d1  UARTTiva_close                                                    
000035f1  UARTTiva_control                                                  
00007e68  UARTTiva_fxnTable                                                 
00006179  UARTTiva_init                                                     
00000f51  UARTTiva_open                                                     
00004e31  UARTTiva_read                                                     
00005139  UARTTiva_readCancel                                               
0000326f  UARTTiva_readPolling                                              
000033a1  UARTTiva_write                                                    
00004691  UARTTiva_writeCancel                                              
00004d6d  UARTTiva_writePolling                                             
00005d6d  UART_Params_init                                                  
000080d4  UART_config                                                       
00007edc  UART_defaultParams                                                
00004fe5  UART_init                                                         
00005445  UART_open                                                         
[...]
0000627d  UART_write                                                        
00006287  xdc_runtime_Memory_HeapProxy_alloc__E                             
00006291  xdc_runtime_Memory_HeapProxy_free__E                              
0000629b  UARTIntEnable                                                     
000062a3  UARTRxErrorGet                                                    
000062b3  ti_sysbios_family_arm_lm4_Timer_masterDisable__I                  
000062bb  UARTFIFOLevelSet                                                  
000062c1  ti_sysbios_family_arm_m3_Hwi_doSwiRestore__I                      
000062c9  ti_sysbios_family_arm_m3_Hwi_startup__E                           
000062c9  ti_sysbios_hal_Hwi_HwiProxy_startup__E                            
000062c9  ti_sysbios_hal_Hwi_startup__E                                     
000062d9  UARTRxErrorClear                                                  
000062df  ti_catalog_arm_cortexm4_tiva_ce_Boot_sysCtlDelayI__I              
000062e9  ti_sysbios_family_arm_m3_Hwi_doTaskRestore__I                     
000062f1  ti_sysbios_family_arm_m3_Hwi_restoreFxn__E                        
000062f1  ti_sysbios_hal_Hwi_HwiProxy_restore__E                            
000062f9  ti_sysbios_gates_GateHwi_leave__E                                 
00006301  ti_sysbios_heaps_HeapMem_isBlocking__E                            
00006309  ti_sysbios_knl_Clock_stop__E                                      
00006311  ti_sysbios_knl_Queue_Instance_init__E                             
00006319  ti_sysbios_knl_Swi_startup__E                                     
0000631f  xdc_runtime_System_Module_startup__E                              
00006329  ti_sysbios_gates_GateHwi_query__E                                 
00006329  xdc_runtime_Main_Module_GateProxy_query__E                        
00006329  xdc_runtime_System_Module_GateProxy_query__E                      
00006331  ti_sysbios_BIOS_RtsGateProxy_query__E                             
00006331  ti_sysbios_gates_GateMutex_query__E                               
00006331  ti_sysbios_heaps_HeapMem_Module_GateProxy_query__E                
00006339  ti_sysbios_knl_Task_startup__E                                    
00006341  ti_sysbios_gates_GateHwi_Instance_init__E                         
00006349  ti_sysbios_knl_Clock_logTick__E                                   
0000634c  xdc_runtime_Text_charTab__A                                       
00007bb9  xdc_runtime_Error_policy__C                                       
00007bba  xdc_runtime_Text_nodeTab__A                                       
00007c76  ti_catalog_arm_cortexm4_tiva_ce_Boot_Module__id__C                
00007e38  ti_sysbios_family_arm_m3_Hwi_Object__PARAMS__C                    
00007e68  UARTTiva_fxnTable                                                 
00007e90  ti_sysbios_heaps_HeapMem_Module__FXNS__C                          
00007eb8  PWM_config                                                        
00007edc  UART_defaultParams                                                
00007f00  ti_sysbios_gates_GateHwi_Module__FXNS__C                          
00007f24  ti_sysbios_gates_GateMutex_Module__FXNS__C                        
00007f48  ti_sysbios_heaps_HeapMem_Object__PARAMS__C                        
00007f6c  ti_sysbios_knl_Clock_Object__PARAMS__C                            
00007f90  ti_sysbios_knl_Semaphore_Object__PARAMS__C                        
00007fb4  PWMTiva_fxnTable                                                  
00007fd0  PWMTiva_MAX_PRESCALAR                                             
00007fd2  PWMTiva_MAX_MATCH_VALUE                                           
00007fd4  ti_sysbios_family_arm_m3_Hwi_Object__DESC__C                      
00007ff4  ti_sysbios_gates_GateHwi_Object__DESC__C                          
00008014  ti_sysbios_gates_GateMutex_Object__DESC__C                        
00008034  ti_sysbios_heaps_HeapMem_Object__DESC__C                          
00008054  ti_sysbios_knl_Clock_Object__DESC__C                              
00008074  ti_sysbios_knl_Queue_Object__DESC__C                              
00008094  ti_sysbios_knl_Semaphore_Object__DESC__C                          
000080b4  xdc_runtime_Startup_sfxnTab__A                                    
000080d4  UART_config                                                       
000080ec  pwmTivaHWAttrs                                                    
00008104  ti_sysbios_gates_GateHwi_Object__PARAMS__C                        
0000811c  ti_sysbios_gates_GateMutex_Object__PARAMS__C                      
00008134  ti_sysbios_knl_Queue_Object__PARAMS__C                            
0000814c  uartTivaHWAttrs                                                   
00008164  GPIOTiva_config                                                   
00008178  xdc_runtime_Startup_firstFxns__A                                  
0000818c  xdc_runtime_Startup_sfxnRts__A                                    
0000819c  PWM_defaultParams                                                 
000081a8  ti_sysbios_family_arm_m3_Hwi_excHookFuncs__A                      
000081b0  ti_sysbios_knl_Idle_funcList__C                                   
000081b8  xdc_runtime_Startup_firstFxns__C                                  
000081c0  xdc_runtime_Startup_lastFxns__C                                   
000081c8  ti_catalog_arm_cortexm4_tiva_ce_Boot_A_mustUseEnhancedClockMode__C
000081cc  ti_catalog_arm_cortexm4_tiva_ce_Boot_Module__diagsEnabled__C      
000081d0  ti_catalog_arm_cortexm4_tiva_ce_Boot_Module__diagsIncluded__C     
000081d4  ti_catalog_arm_cortexm4_tiva_ce_Boot_Module__diagsMask__C         
000081d8  ti_sysbios_family_arm_lm4_Timer_enableFunc__C                     
000081dc  ti_sysbios_family_arm_lm4_Timer_numTimerDevices__C                
000081e0  ti_sysbios_family_arm_lm4_Timer_startupNeeded__C                  
000081e4  ti_sysbios_family_arm_m3_Hwi_E_NMI__C                             
000081e8  ti_sysbios_family_arm_m3_Hwi_E_alreadyDefined__C                  
000081ec  ti_sysbios_family_arm_m3_Hwi_E_busFault__C                        
000081f0  ti_sysbios_family_arm_m3_Hwi_E_debugMon__C                        
000081f4  ti_sysbios_family_arm_m3_Hwi_E_hardFault__C                       
000081f8  ti_sysbios_family_arm_m3_Hwi_E_memFault__C                        
000081fc  ti_sysbios_family_arm_m3_Hwi_E_noIsr__C                           
00008200  ti_sysbios_family_arm_m3_Hwi_E_reserved__C                        
00008204  ti_sysbios_family_arm_m3_Hwi_E_svCall__C                          
00008208  ti_sysbios_family_arm_m3_Hwi_E_usageFault__C                      
0000820c  ti_sysbios_family_arm_m3_Hwi_NUM_INTERRUPTS__C                    
00008210  ti_sysbios_family_arm_m3_Hwi_Object__count__C                     
00008214  ti_sysbios_family_arm_m3_Hwi_ccr__C                               
00008218  ti_sysbios_family_arm_m3_Hwi_excHandlerFunc__C                    
0000821c  ti_sysbios_family_arm_m3_Hwi_excHookFuncs__C                      
00008220  ti_sysbios_family_arm_m3_Hwi_nullIsrFunc__C                       
00008224  ti_sysbios_family_arm_m3_Hwi_priGroup__C                          
00008228  ti_sysbios_gates_GateMutex_A_badContext__C                        
0000822c  ti_sysbios_gates_GateMutex_Instance_State_sem__O                  
00008230  ti_sysbios_gates_GateMutex_Module__diagsEnabled__C                
00008234  ti_sysbios_gates_GateMutex_Module__diagsIncluded__C               
00008238  ti_sysbios_gates_GateMutex_Module__diagsMask__C                   
0000823c  ti_sysbios_hal_Hwi_E_stackOverflow__C                             
00008240  ti_sysbios_heaps_HeapMem_A_align__C                               
00008244  ti_sysbios_heaps_HeapMem_A_heapSize__C                            
00008248  ti_sysbios_heaps_HeapMem_A_invalidFree__C                         
0000824c  ti_sysbios_heaps_HeapMem_A_zeroBlock__C                           
00008250  ti_sysbios_heaps_HeapMem_E_memory__C                              
00008254  ti_sysbios_heaps_HeapMem_Module__diagsEnabled__C                  
00008258  ti_sysbios_heaps_HeapMem_Module__diagsIncluded__C                 
0000825c  ti_sysbios_heaps_HeapMem_Module__diagsMask__C                     
00008260  ti_sysbios_heaps_HeapMem_Module__gateObj__C                       
00008264  ti_sysbios_heaps_HeapMem_Object__count__C                         
00008268  ti_sysbios_heaps_HeapMem_reqAlign__C                              
0000826c  ti_sysbios_knl_Clock_A_badThreadType__C                           
00008270  ti_sysbios_knl_Clock_Module_State_clockQ__O                       
00008274  ti_sysbios_knl_Clock_Module__diagsEnabled__C                      
00008278  ti_sysbios_knl_Clock_Module__diagsIncluded__C                     
0000827c  ti_sysbios_knl_Clock_Module__diagsMask__C                         
00008280  ti_sysbios_knl_Idle_funcList__A                                   
00008284  ti_sysbios_knl_Semaphore_A_badContext__C                          
00008288  ti_sysbios_knl_Semaphore_A_noEvents__C                            
0000828c  ti_sysbios_knl_Semaphore_A_overflow__C                            
00008290  ti_sysbios_knl_Semaphore_A_pendTaskDisabled__C                    
00008294  ti_sysbios_knl_Semaphore_Instance_State_pendQ__O                  
00008298  ti_sysbios_knl_Semaphore_Module__diagsEnabled__C                  
0000829c  ti_sysbios_knl_Semaphore_Module__diagsIncluded__C                 
000082a0  ti_sysbios_knl_Semaphore_Module__diagsMask__C                     
000082a4  ti_sysbios_knl_Swi_Object__count__C                               
000082a8  ti_sysbios_knl_Task_E_spOutOfBounds__C                            
000082ac  ti_sysbios_knl_Task_E_stackOverflow__C                            
000082b0  ti_sysbios_knl_Task_Module_State_inactiveQ__O                     
000082b4  ti_sysbios_knl_Task_Object__count__C                              
000082b8  ti_sysbios_knl_Task_allBlockedFunc__C                             
000082bc  ti_sysbios_knl_Task_numConstructedTasks__C                        
000082c0  xdc_runtime_Assert_E_assertFailed__C                              
000082c4  xdc_runtime_Core_A_initializedParams__C                           
000082c8  xdc_runtime_Core_Module__diagsEnabled__C                          
000082cc  xdc_runtime_Core_Module__diagsIncluded__C                         
000082d0  xdc_runtime_Core_Module__diagsMask__C                             
000082d4  xdc_runtime_Error_E_memory__C                                     
000082d8  xdc_runtime_Error_Module__diagsEnabled__C                         
000082dc  xdc_runtime_Error_Module__diagsIncluded__C                        
000082e0  xdc_runtime_Error_Module__diagsMask__C                            
000082e4  xdc_runtime_Error_Module__loggerFxn8__C                           
000082e8  xdc_runtime_Error_Module__loggerObj__C                            
000082ec  xdc_runtime_Error_policyFxn__C                                    
000082f0  xdc_runtime_Error_raiseHook__C                                    
000082f4  xdc_runtime_IGateProvider_Interface__BASE__C                      
000082f8  xdc_runtime_IHeap_Interface__BASE__C                              
000082fc  xdc_runtime_IModule_Interface__BASE__C                            
00008300  xdc_runtime_Log_L_error__C                                        
00008304  xdc_runtime_Memory_defaultHeapInstance__C                         
00008308  xdc_runtime_Startup_execImpl__C                                   
0000830c  xdc_runtime_Startup_maxPasses__C                                  
00008310  xdc_runtime_Startup_sfxnRts__C                                    
00008314  xdc_runtime_Startup_sfxnTab__C                                    
00008318  xdc_runtime_SysMin_bufSize__C                                     
0000831c  xdc_runtime_SysMin_outputFunc__C                                  
00008320  xdc_runtime_System_Module__gateObj__C                             
00008324  xdc_runtime_System_abortFxn__C                                    
00008328  xdc_runtime_System_exitFxn__C                                     
0000832c  xdc_runtime_System_extendFxn__C                                   
00008330  xdc_runtime_System_maxAtexitHandlers__C                           
00008334  xdc_runtime_Text_charTab__C                                       
00008338  xdc_runtime_Text_nameEmpty__C                                     
0000833c  xdc_runtime_Text_nameStatic__C                                    
00008340  xdc_runtime_Text_nameUnknown__C                                   
00008344  xdc_runtime_Text_nodeTab__C                                       
00008348  xdc_runtime_Text_visitRopeFxn__C                                  
0000834c  ti_sysbios_family_arm_m3_Hwi_Module__id__C                        
0000834e  ti_sysbios_gates_GateMutex_Module__id__C                          
00008350  ti_sysbios_hal_Hwi_Module__id__C                                  
00008352  ti_sysbios_heaps_HeapMem_Module__id__C                            
00008354  ti_sysbios_knl_Clock_Module__id__C                                
00008356  ti_sysbios_knl_Semaphore_Module__id__C                            
00008358  ti_sysbios_knl_Task_Module__id__C                                 
0000835a  xdc_runtime_Core_Module__id__C                                    
0000835c  xdc_runtime_Error_Module__loggerDefined__C                        
0000835e  xdc_runtime_Error_maxDepth__C                                     
00008360  xdc_runtime_Memory_Module__id__C                                  
00008362  xdc_runtime_SysMin_flushAtExit__C                                 
00008364  xdc_runtime_Text_charCnt__C                                       
00008366  xdc_runtime_Text_isLoaded__C                                      
00008368  xdc_runtime_Text_registryModsLastId__C                            
0000836a  xdc_runtime_Text_unnamedModsLastId__C                             
00008370  __TI_static_base__                                                
00008564  __TI_Handler_Table_Base                                           
00008570  __TI_Handler_Table_Limit                                          
00008580  __TI_CINIT_Base                                                   
00008598  __TI_CINIT_Limit                                                  
20000000  ti_sysbios_family_arm_m3_Hwi_ramVectors                           
20000360  ti_sysbios_knl_Task_Instance_State_0_stack__A                     
20000760  ti_sysbios_knl_Task_Instance_State_1_stack__A                     
20000960  ti_sysbios_heaps_HeapMem_Instance_State_0_buf__A                  
20000d60  ti_sysbios_family_arm_m3_Hwi_dispatchTable                        
200010c0  __CIOBUF_                                                         
200011e0  uartTivaObjects                                                   
2000133c  xdc_runtime_SysMin_Module_State_0_outbuf__A                       
200013bc  uartTivaRingBuffer                                                
200013dc  pwmTivaObjects                                                    
200013ec  params                                                            
200013f8  parmbuf                                                           
20001404  pwm1                                                              
20001408  ti_sysbios_knl_Task_Object__table__V                              
200014a0  ti_sysbios_knl_Swi_Module_State_0_readyQ__A                       
20001520  ti_sysbios_knl_Task_Module_State_0_readyQ__A                      
200015a0  ti_sysbios_knl_Task_Module__state__V                              
200015e4  ti_sysbios_family_arm_lm4_Timer_Object__table__V                  
20001624  ti_sysbios_gates_GateMutex_Object__table__V                       
2000165c  ti_sysbios_family_arm_m3_Hwi_Module__state__V                     
20001690  ti_sysbios_family_arm_lm4_Timer_Module_State_0_device__A          
200016c0  ti_sysbios_knl_Swi_Object__table__V                               
200016f0  ti_sysbios_knl_Clock_Module__state__V                             
2000171c  ti_sysbios_BIOS_Module__state__V                                  
20001740  ti_sysbios_knl_Swi_Module__state__V                               
20001774  ti_sysbios_family_arm_lm4_Timer_Module_State_0_handles__A         
2000178c  ti_sysbios_family_arm_m3_Hwi_Object__table__V                     
200017a4  ti_sysbios_heaps_HeapMem_Object__table__V                         
200017bc  count1                                                            
200017c0  count2                                                            
200017c4  pwm2                                                              
200017c8  pwmPeriod                                                         
200017ca  duty1                                                             
200017cc  duty2                                                             
200017ce  dutyInc                                                           
200017d0  gpioPinConfigs                                                    
200017e4  ti_sysbios_family_arm_lm4_Timer_Module__state__V                  
200017f0  xdc_runtime_SysMin_Module__state__V                               
200017fc  _lock                                                             
20001800  _unlock                                                           
20001804  gpioCallbackFunctions                                             
2000180c  ti_sysbios_family_arm_m3_Hwi_Module__root__V                      
20001814  ti_sysbios_gates_GateHwi_Module__root__V                          
2000181c  ti_sysbios_gates_GateMutex_Module__root__V                        
20001824  ti_sysbios_heaps_HeapMem_Module__root__V                          
2000182c  ti_sysbios_knl_Clock_Module__root__V                              
20001834  ti_sysbios_knl_Queue_Module__root__V                              
2000183c  ti_sysbios_knl_Semaphore_Module__root__V                          
20001844  xdc_runtime_Registry_Module__state__V                             
2000184c  xdc_runtime_Startup_Module__state__V                              
20001854  xdc_runtime_System_Module_State_0_atexitHandlers__A               
2000185c  xdc_runtime_System_Module__state__V                               
2000186a  ti_sysbios_family_arm_m3_Hwi_Module_State_0_excActive__A          
20001874  main_func_sp                                                      
20001878  ti_sysbios_family_arm_m3_Hwi_Module_State_0_excContext__A         
2000187c  ti_sysbios_family_arm_m3_Hwi_Module_State_0_excStack__A           
20001880  ti_sysbios_gates_GateHwi_Object__table__V                         
20001884  ti_sysbios_knl_Task_Module_State_0_idleTask__A                    
20001888  xdc_runtime_Memory_Module__state__V                               
2000188c  xdc_runtime_Error_Module__state__V                                
20001890  __stack                                                           
20001b90  __STACK_END                                                       
e000e000  ti_sysbios_family_arm_m3_Hwi_nvic                                 
ffffffff  __TI_pprof_out_hndl                                               
ffffffff  __TI_prof_data_size                                               
ffffffff  __TI_prof_data_start                                              
ffffffff  __binit__                                                         
ffffffff  __c_args__                                                        
ffffffff  binit                                                             
UNDEFED   SHT$$INIT_ARRAY$$Base                                             
UNDEFED   SHT$$INIT_ARRAY$$Limit                                            

[623 symbols]
