Component: ARM Compiler 5.06 update 5 (build 528) Tool: armlink [4d35e2]

==============================================================================

Section Cross References

    main.o(i.main) refers to robot_io.o(i.PWM0A_Init) for PWM0A_Init
    main.o(i.main) refers to stdf.o(i.delayMs) for delayMs
    main.o(i.main) refers to robot_io.o(i.PWM0A_Duty) for PWM0A_Duty
    stdf.o(i.inBounds) refers to dleqf.o(x$fpl$dleqf) for __aeabi_cdcmple
    robotf.o(i.makeTm) refers to rt_memcpy_w.o(.text) for __aeabi_memcpy4
    robot_io.o(i.deg2width) refers to drleqf.o(x$fpl$drleqf) for __aeabi_cdrcmple
    robot_io.o(i.deg2width) refers to dleqf.o(x$fpl$dleqf) for __aeabi_cdcmple
    robot_io.o(i.deg2width) refers to ddiv.o(x$fpl$ddiv) for __aeabi_ddiv
    robot_io.o(i.deg2width) refers to dmul.o(x$fpl$dmul) for __aeabi_dmul
    robot_io.o(i.deg2width) refers to daddsub_clz.o(x$fpl$dadd) for __aeabi_dadd
    robot_io.o(i.deg2width) refers to dfixu.o(x$fpl$dfixu) for __aeabi_d2uiz
    robot_io.o(i.servo0deg) refers to robot_io.o(i.deg2width) for deg2width
    cmsis_os1.o(i.osMailAlloc) refers to rtx_mempool.o(i.osMemoryPoolAlloc) for osMemoryPoolAlloc
    cmsis_os1.o(i.osMailCAlloc) refers to rtx_mempool.o(i.osMemoryPoolGetBlockSize) for osMemoryPoolGetBlockSize
    cmsis_os1.o(i.osMailCAlloc) refers to rtx_mempool.o(i.osMemoryPoolAlloc) for osMemoryPoolAlloc
    cmsis_os1.o(i.osMailCAlloc) refers to rt_memclr.o(.text) for __aeabi_memclr
    cmsis_os1.o(i.osMailCreate) refers to rtx_mempool.o(i.osMemoryPoolNew) for osMemoryPoolNew
    cmsis_os1.o(i.osMailCreate) refers to rtx_msgqueue.o(i.osMessageQueueNew) for osMessageQueueNew
    cmsis_os1.o(i.osMailCreate) refers to rtx_mempool.o(i.osMemoryPoolDelete) for osMemoryPoolDelete
    cmsis_os1.o(i.osMailCreate) refers to rtx_msgqueue.o(i.osMessageQueueDelete) for osMessageQueueDelete
    cmsis_os1.o(i.osMailFree) refers to rtx_mempool.o(i.osMemoryPoolFree) for osMemoryPoolFree
    cmsis_os1.o(i.osMailGet) refers to rtx_msgqueue.o(i.osMessageQueueGet) for osMessageQueueGet
    cmsis_os1.o(i.osMailPut) refers to rtx_msgqueue.o(i.osMessageQueuePut) for osMessageQueuePut
    cmsis_os1.o(i.osMessageCreate) refers to rtx_msgqueue.o(i.osMessageQueueNew) for osMessageQueueNew
    cmsis_os1.o(i.osMessageGet) refers to rtx_msgqueue.o(i.osMessageQueueGet) for osMessageQueueGet
    cmsis_os1.o(i.osMessagePut) refers to rtx_msgqueue.o(i.osMessageQueuePut) for osMessageQueuePut
    cmsis_os1.o(i.osMutexCreate) refers to rtx_mutex.o(i.osMutexNew) for osMutexNew
    cmsis_os1.o(i.osPoolAlloc) refers to rtx_mempool.o(i.osMemoryPoolAlloc) for osMemoryPoolAlloc
    cmsis_os1.o(i.osPoolCAlloc) refers to rtx_mempool.o(i.osMemoryPoolGetBlockSize) for osMemoryPoolGetBlockSize
    cmsis_os1.o(i.osPoolCAlloc) refers to rtx_mempool.o(i.osMemoryPoolAlloc) for osMemoryPoolAlloc
    cmsis_os1.o(i.osPoolCAlloc) refers to rt_memclr.o(.text) for __aeabi_memclr
    cmsis_os1.o(i.osPoolCreate) refers to rtx_mempool.o(i.osMemoryPoolNew) for osMemoryPoolNew
    cmsis_os1.o(i.osPoolFree) refers to rtx_mempool.o(i.osMemoryPoolFree) for osMemoryPoolFree
    cmsis_os1.o(i.osSemaphoreCreate) refers to rtx_semaphore.o(i.osSemaphoreNew) for osSemaphoreNew
    cmsis_os1.o(i.osSemaphoreWait) refers to rtx_semaphore.o(i.osSemaphoreAcquire) for osSemaphoreAcquire
    cmsis_os1.o(i.osSemaphoreWait) refers to rtx_semaphore.o(i.osSemaphoreGetCount) for osSemaphoreGetCount
    cmsis_os1.o(i.osSignalClear) refers to rtx_thread.o(i.osThreadGetId) for osThreadGetId
    cmsis_os1.o(i.osSignalClear) refers to rtx_thread.o(i.osThreadFlagsClear) for osThreadFlagsClear
    cmsis_os1.o(i.osSignalSet) refers to rtx_thread.o(i.osThreadFlagsSet) for osThreadFlagsSet
    cmsis_os1.o(i.osSignalWait) refers to rtx_thread.o(i.osThreadFlagsWait) for osThreadFlagsWait
    cmsis_os1.o(i.osThreadCreate) refers to rtx_thread.o(i.osThreadNew) for osThreadNew
    cmsis_os1.o(i.osTimerCreate) refers to rtx_timer.o(i.osTimerNew) for osTimerNew
    irq_cm4f.o(.text) refers to rtx_system.o(i.osRtxPendSV_Handler) for osRtxPendSV_Handler
    irq_cm4f.o(.text) refers to rtx_system.o(i.osRtxTick_Handler) for osRtxTick_Handler
    irq_cm4f.o(.text) refers to rtx_kernel.o(.data.os) for osRtxInfo
    irq_cm4f.o(.text) refers to rtx_lib.o(.constdata) for osRtxUserSVC
    rtx_delay.o(i.osDelay) refers to rtx_evr.o(i.EvrRtxThreadDelay) for EvrRtxThreadDelay
    rtx_delay.o(i.osDelay) refers to rtx_evr.o(i.EvrRtxThreadError) for EvrRtxThreadError
    rtx_delay.o(i.osDelay) refers to rtx_delay.o(i.svcRtxDelay) for svcRtxDelay
    rtx_delay.o(i.osDelayUntil) refers to rtx_evr.o(i.EvrRtxThreadDelayUntil) for EvrRtxThreadDelayUntil
    rtx_delay.o(i.osDelayUntil) refers to rtx_evr.o(i.EvrRtxThreadError) for EvrRtxThreadError
    rtx_delay.o(i.osDelayUntil) refers to rtx_delay.o(i.svcRtxDelayUntil) for svcRtxDelayUntil
    rtx_delay.o(i.svcRtxDelay) refers to rtx_thread.o(i.osRtxThreadWaitEnter) for osRtxThreadWaitEnter
[...]
    C:\Keil_v5\ARM\PACK\ARM\CMSIS\5.0.1\CMSIS\RTOS2\RTX\Source\rtx_memory.c 0x00000000   Number         0  rtx_memory.o ABSOLUTE
    C:\Keil_v5\ARM\PACK\ARM\CMSIS\5.0.1\CMSIS\RTOS2\RTX\Source\rtx_mempool.c 0x00000000   Number         0  rtx_mempool.o ABSOLUTE
    C:\Keil_v5\ARM\PACK\ARM\CMSIS\5.0.1\CMSIS\RTOS2\RTX\Source\rtx_msgqueue.c 0x00000000   Number         0  rtx_msgqueue.o ABSOLUTE
    C:\Keil_v5\ARM\PACK\ARM\CMSIS\5.0.1\CMSIS\RTOS2\RTX\Source\rtx_mutex.c 0x00000000   Number         0  rtx_mutex.o ABSOLUTE
    C:\Keil_v5\ARM\PACK\ARM\CMSIS\5.0.1\CMSIS\RTOS2\RTX\Source\rtx_semaphore.c 0x00000000   Number         0  rtx_semaphore.o ABSOLUTE
    C:\Keil_v5\ARM\PACK\ARM\CMSIS\5.0.1\CMSIS\RTOS2\RTX\Source\rtx_system.c 0x00000000   Number         0  rtx_system.o ABSOLUTE
    C:\Keil_v5\ARM\PACK\ARM\CMSIS\5.0.1\CMSIS\RTOS2\RTX\Source\rtx_thread.c 0x00000000   Number         0  rtx_thread.o ABSOLUTE
    C:\Keil_v5\ARM\PACK\ARM\CMSIS\5.0.1\CMSIS\RTOS2\RTX\Source\rtx_timer.c 0x00000000   Number         0  rtx_timer.o ABSOLUTE
    C:\\Keil_v5\\ARM\\PACK\\ARM\\CMSIS\\5.0.1\\CMSIS\\RTOS2\\RTX\\Source\\rtx_delay.c 0x00000000   Number         0  rtx_delay.o ABSOLUTE
    C:\\Keil_v5\\ARM\\PACK\\ARM\\CMSIS\\5.0.1\\CMSIS\\RTOS2\\RTX\\Source\\rtx_evflags.c 0x00000000   Number         0  rtx_evflags.o ABSOLUTE
    C:\\Keil_v5\\ARM\\PACK\\ARM\\CMSIS\\5.0.1\\CMSIS\\RTOS2\\RTX\\Source\\rtx_evr.c 0x00000000   Number         0  rtx_evr.o ABSOLUTE
    C:\\Keil_v5\\ARM\\PACK\\ARM\\CMSIS\\5.0.1\\CMSIS\\RTOS2\\RTX\\Source\\rtx_kernel.c 0x00000000   Number         0  rtx_kernel.o ABSOLUTE
    C:\\Keil_v5\\ARM\\PACK\\ARM\\CMSIS\\5.0.1\\CMSIS\\RTOS2\\RTX\\Source\\rtx_lib.c 0x00000000   Number         0  rtx_lib.o ABSOLUTE
    C:\\Keil_v5\\ARM\\PACK\\ARM\\CMSIS\\5.0.1\\CMSIS\\RTOS2\\RTX\\Source\\rtx_memory.c 0x00000000   Number         0  rtx_memory.o ABSOLUTE
    C:\\Keil_v5\\ARM\\PACK\\ARM\\CMSIS\\5.0.1\\CMSIS\\RTOS2\\RTX\\Source\\rtx_mempool.c 0x00000000   Number         0  rtx_mempool.o ABSOLUTE
    C:\\Keil_v5\\ARM\\PACK\\ARM\\CMSIS\\5.0.1\\CMSIS\\RTOS2\\RTX\\Source\\rtx_msgqueue.c 0x00000000   Number         0  rtx_msgqueue.o ABSOLUTE
    C:\\Keil_v5\\ARM\\PACK\\ARM\\CMSIS\\5.0.1\\CMSIS\\RTOS2\\RTX\\Source\\rtx_mutex.c 0x00000000   Number         0  rtx_mutex.o ABSOLUTE
    C:\\Keil_v5\\ARM\\PACK\\ARM\\CMSIS\\5.0.1\\CMSIS\\RTOS2\\RTX\\Source\\rtx_semaphore.c 0x00000000   Number         0  rtx_semaphore.o ABSOLUTE
    C:\\Keil_v5\\ARM\\PACK\\ARM\\CMSIS\\5.0.1\\CMSIS\\RTOS2\\RTX\\Source\\rtx_system.c 0x00000000   Number         0  rtx_system.o ABSOLUTE
    C:\\Keil_v5\\ARM\\PACK\\ARM\\CMSIS\\5.0.1\\CMSIS\\RTOS2\\RTX\\Source\\rtx_thread.c 0x00000000   Number         0  rtx_thread.o ABSOLUTE
    C:\\Keil_v5\\ARM\\PACK\\ARM\\CMSIS\\5.0.1\\CMSIS\\RTOS2\\RTX\\Source\\rtx_timer.c 0x00000000   Number         0  rtx_timer.o ABSOLUTE
    RTE\CMSIS\RTX_Config.c                   0x00000000   Number         0  rtx_config.o ABSOLUTE
    RTE\Device\TM4C123GH6PM\startup_TM4C123.s 0x00000000   Number         0  startup_tm4c123.o ABSOLUTE
    RTE\Device\TM4C123GH6PM\system_TM4C123.c 0x00000000   Number         0  system_tm4c123.o ABSOLUTE
    RTE\\CMSIS\\RTX_Config.c                 0x00000000   Number         0  rtx_config.o ABSOLUTE
    RTE\\Device\\TM4C123GH6PM\\system_TM4C123.c 0x00000000   Number         0  system_tm4c123.o ABSOLUTE
    dc.s                                     0x00000000   Number         0  dc.o ABSOLUTE
    main.c                                   0x00000000   Number         0  main.o ABSOLUTE
    main.c                                   0x00000000   Number         0  main.o ABSOLUTE
    other_io.c                               0x00000000   Number         0  other_io.o ABSOLUTE
    robot_io.c                               0x00000000   Number         0  robot_io.o ABSOLUTE
    robot_io.c                               0x00000000   Number         0  robot_io.o ABSOLUTE
    robotf.c                                 0x00000000   Number         0  robotf.o ABSOLUTE
    stdf.c                                   0x00000000   Number         0  stdf.o ABSOLUTE
    stdf.c                                   0x00000000   Number         0  stdf.o ABSOLUTE
    !!!main                                  0x0000026c   Section        8  __main.o(!!!main)
    !!!scatter                               0x00000274   Section       52  __scatter.o(!!!scatter)
    !!dczerorl                               0x000002a8   Section       58  __dczerorl.o(!!dczerorl)
    !!handler_zi                             0x000002e4   Section       28  __scatter_zi.o(!!handler_zi)
    .ARM.Collect$$libinit$$00000000          0x00000300   Section        2  libinit.o(.ARM.Collect$$libinit$$00000000)
    .ARM.Collect$$libinit$$00000001          0x00000302   Section        4  libinit2.o(.ARM.Collect$$libinit$$00000001)
    .ARM.Collect$$libinit$$00000004          0x00000306   Section        0  libinit2.o(.ARM.Collect$$libinit$$00000004)
    .ARM.Collect$$libinit$$0000000A          0x00000306   Section        0  libinit2.o(.ARM.Collect$$libinit$$0000000A)
    .ARM.Collect$$libinit$$0000000C          0x00000306   Section        0  libinit2.o(.ARM.Collect$$libinit$$0000000C)
    .ARM.Collect$$libinit$$0000000E          0x00000306   Section        0  libinit2.o(.ARM.Collect$$libinit$$0000000E)
    .ARM.Collect$$libinit$$00000011          0x00000306   Section        0  libinit2.o(.ARM.Collect$$libinit$$00000011)
    .ARM.Collect$$libinit$$00000013          0x00000306   Section        0  libinit2.o(.ARM.Collect$$libinit$$00000013)
    .ARM.Collect$$libinit$$00000015          0x00000306   Section        0  libinit2.o(.ARM.Collect$$libinit$$00000015)
    .ARM.Collect$$libinit$$00000017          0x00000306   Section        0  libinit2.o(.ARM.Collect$$libinit$$00000017)
    .ARM.Collect$$libinit$$00000019          0x00000306   Section        0  libinit2.o(.ARM.Collect$$libinit$$00000019)
    .ARM.Collect$$libinit$$0000001B          0x00000306   Section        0  libinit2.o(.ARM.Collect$$libinit$$0000001B)
    .ARM.Collect$$libinit$$0000001D          0x00000306   Section        0  libinit2.o(.ARM.Collect$$libinit$$0000001D)
    .ARM.Collect$$libinit$$0000001F          0x00000306   Section        0  libinit2.o(.ARM.Collect$$libinit$$0000001F)
    .ARM.Collect$$libinit$$00000021          0x00000306   Section        0  libinit2.o(.ARM.Collect$$libinit$$00000021)
    .ARM.Collect$$libinit$$00000023          0x00000306   Section        0  libinit2.o(.ARM.Collect$$libinit$$00000023)
    .ARM.Collect$$libinit$$00000025          0x00000306   Section        0  libinit2.o(.ARM.Collect$$libinit$$00000025)
    .ARM.Collect$$libinit$$0000002C          0x00000306   Section        0  libinit2.o(.ARM.Collect$$libinit$$0000002C)
    .ARM.Collect$$libinit$$0000002E          0x00000306   Section        0  libinit2.o(.ARM.Collect$$libinit$$0000002E)
    .ARM.Collect$$libinit$$00000030          0x00000306   Section        0  libinit2.o(.ARM.Collect$$libinit$$00000030)
    .ARM.Collect$$libinit$$00000032          0x00000306   Section        0  libinit2.o(.ARM.Collect$$libinit$$00000032)
    .ARM.Collect$$libinit$$00000033          0x00000306   Section        2  libinit2.o(.ARM.Collect$$libinit$$00000033)
    .ARM.Collect$$libshutdown$$00000000      0x00000308   Section        2  libshutdown.o(.ARM.Collect$$libshutdown$$00000000)
    .ARM.Collect$$libshutdown$$00000002      0x0000030a   Section        0  libshutdown2.o(.ARM.Collect$$libshutdown$$00000002)
    .ARM.Collect$$libshutdown$$00000004      0x0000030a   Section        0  libshutdown2.o(.ARM.Collect$$libshutdown$$00000004)
    .ARM.Collect$$libshutdown$$00000007      0x0000030a   Section        0  libshutdown2.o(.ARM.Collect$$libshutdown$$00000007)
    .ARM.Collect$$libshutdown$$0000000A      0x0000030a   Section        0  libshutdown2.o(.ARM.Collect$$libshutdown$$0000000A)
    .ARM.Collect$$libshutdown$$0000000C      0x0000030a   Section        0  libshutdown2.o(.ARM.Collect$$libshutdown$$0000000C)
    .ARM.Collect$$libshutdown$$0000000F      0x0000030a   Section        0  libshutdown2.o(.ARM.Collect$$libshutdown$$0000000F)
    .ARM.Collect$$libshutdown$$00000010      0x0000030a   Section        2  libshutdown2.o(.ARM.Collect$$libshutdown$$00000010)
    .ARM.Collect$$rtentry$$00000000          0x0000030c   Section        0  __rtentry.o(.ARM.Collect$$rtentry$$00000000)
    .ARM.Collect$$rtentry$$00000002          0x0000030c   Section        0  __rtentry2.o(.ARM.Collect$$rtentry$$00000002)
    .ARM.Collect$$rtentry$$00000004          0x0000030c   Section        6  __rtentry4.o(.ARM.Collect$$rtentry$$00000004)
    .ARM.Collect$$rtentry$$00000008          0x00000312   Section        8  __rtentry2.o(.ARM.Collect$$rtentry$$00000008)
    .ARM.Collect$$rtentry$$0000000A          0x0000031a   Section        4  __rtentry2.o(.ARM.Collect$$rtentry$$0000000A)
    .ARM.Collect$$rtentry$$0000000C          0x0000031e   Section        0  __rtentry2.o(.ARM.Collect$$rtentry$$0000000C)
    .ARM.Collect$$rtentry$$0000000D          0x0000031e   Section        8  __rtentry2.o(.ARM.Collect$$rtentry$$0000000D)
    .ARM.Collect$$rtexit$$00000000           0x00000326   Section        2  rtexit.o(.ARM.Collect$$rtexit$$00000000)
    .ARM.Collect$$rtexit$$00000002           0x00000328   Section        0  rtexit2.o(.ARM.Collect$$rtexit$$00000002)
    .ARM.Collect$$rtexit$$00000003           0x00000328   Section        4  rtexit2.o(.ARM.Collect$$rtexit$$00000003)
    .ARM.Collect$$rtexit$$00000004           0x0000032c   Section        6  rtexit2.o(.ARM.Collect$$rtexit$$00000004)
    .emb_text                                0x00000334   Section      340  rtx_mempool.o(.emb_text)
    $v0                                      0x00000334   Number         0  rtx_mempool.o(.emb_text)
    .emb_text                                0x00000488   Section      340  rtx_msgqueue.o(.emb_text)
    $v0                                      0x00000488   Number         0  rtx_msgqueue.o(.emb_text)
    .emb_text                                0x000005dc   Section      340  rtx_system.o(.emb_text)
    $v0                                      0x000005dc   Number         0  rtx_system.o(.emb_text)
    .text                                    0x00000730   Section      184  irq_cm4f.o(.text)
    $v0                                      0x00000730   Number         0  irq_cm4f.o(.text)
    .text                                    0x000007e8   Section      276  startup_tm4c123.o(.text)
    $v0                                      0x000007e8   Number         0  startup_tm4c123.o(.text)
    .text                                    0x000008fc   Section      138  rt_memcpy_v6.o(.text)
    .text                                    0x00000986   Section      100  rt_memcpy_w.o(.text)
    .text                                    0x000009ea   Section       78  rt_memclr_w.o(.text)
    .text                                    0x00000a38   Section        0  heapauxi.o(.text)
    .text                                    0x00000a3e   Section       74  sys_stackheap_outer.o(.text)
    .text                                    0x00000a88   Section        0  exit.o(.text)
    .text                                    0x00000a9c   Section        8  libspace.o(.text)
    .text                                    0x00000aa4   Section        0  sys_exit.o(.text)
    .text                                    0x00000ab0   Section        2  use_no_semi.o(.text)
    .text                                    0x00000ab2   Section        0  indicate_semi.o(.text)
    i.EvrRtxEventFlagsWaitTimeout            0x00000ab2   Section        0  rtx_evr.o(i.EvrRtxEventFlagsWaitTimeout)
    i.EvrRtxKernelError                      0x00000ab4   Section        0  rtx_evr.o(i.EvrRtxKernelError)
    i.EvrRtxKernelGetState                   0x00000ab6   Section        0  rtx_evr.o(i.EvrRtxKernelGetState)
    i.EvrRtxKernelInitialize                 0x00000ab8   Section        0  rtx_evr.o(i.EvrRtxKernelInitialize)
    i.EvrRtxKernelInitializeCompleted        0x00000aba   Section        0  rtx_evr.o(i.EvrRtxKernelInitializeCompleted)
    i.EvrRtxMemoryAlloc                      0x00000abc   Section        0  rtx_evr.o(i.EvrRtxMemoryAlloc)
    i.EvrRtxMemoryBlockAlloc                 0x00000abe   Section        0  rtx_evr.o(i.EvrRtxMemoryBlockAlloc)
    i.EvrRtxMemoryBlockFree                  0x00000ac0   Section        0  rtx_evr.o(i.EvrRtxMemoryBlockFree)
    i.EvrRtxMemoryBlockInit                  0x00000ac2   Section        0  rtx_evr.o(i.EvrRtxMemoryBlockInit)
    i.EvrRtxMemoryFree                       0x00000ac4   Section        0  rtx_evr.o(i.EvrRtxMemoryFree)
    i.EvrRtxMemoryInit                       0x00000ac6   Section        0  rtx_evr.o(i.EvrRtxMemoryInit)
    i.EvrRtxMemoryPoolAllocTimeout           0x00000ac8   Section        0  rtx_evr.o(i.EvrRtxMemoryPoolAllocTimeout)
    i.EvrRtxMessageQueueError                0x00000aca   Section        0  rtx_evr.o(i.EvrRtxMessageQueueError)
    i.EvrRtxMessageQueueGetTimeout           0x00000acc   Section        0  rtx_evr.o(i.EvrRtxMessageQueueGetTimeout)
    i.EvrRtxMessageQueueInsertPending        0x00000ace   Section        0  rtx_evr.o(i.EvrRtxMessageQueueInsertPending)
    i.EvrRtxMessageQueueInserted             0x00000ad0   Section        0  rtx_evr.o(i.EvrRtxMessageQueueInserted)
    i.EvrRtxMessageQueueNotInserted          0x00000ad2   Section        0  rtx_evr.o(i.EvrRtxMessageQueueNotInserted)
    i.EvrRtxMessageQueuePut                  0x00000ad4   Section        0  rtx_evr.o(i.EvrRtxMessageQueuePut)
    i.EvrRtxMessageQueuePutPending           0x00000ad6   Section        0  rtx_evr.o(i.EvrRtxMessageQueuePutPending)
    i.EvrRtxMessageQueuePutTimeout           0x00000ad8   Section        0  rtx_evr.o(i.EvrRtxMessageQueuePutTimeout)
    i.EvrRtxMessageQueueRetrieved            0x00000ada   Section        0  rtx_evr.o(i.EvrRtxMessageQueueRetrieved)
    i.EvrRtxMutexAcquire                     0x00000adc   Section        0  rtx_evr.o(i.EvrRtxMutexAcquire)
    i.EvrRtxMutexAcquirePending              0x00000ade   Section        0  rtx_evr.o(i.EvrRtxMutexAcquirePending)
    i.EvrRtxMutexAcquireTimeout              0x00000ae0   Section        0  rtx_evr.o(i.EvrRtxMutexAcquireTimeout)
    i.EvrRtxMutexAcquired                    0x00000ae2   Section        0  rtx_evr.o(i.EvrRtxMutexAcquired)
    i.EvrRtxMutexCreated                     0x00000ae4   Section        0  rtx_evr.o(i.EvrRtxMutexCreated)
    i.EvrRtxMutexDelete                      0x00000ae6   Section        0  rtx_evr.o(i.EvrRtxMutexDelete)
    i.EvrRtxMutexDestroyed                   0x00000ae8   Section        0  rtx_evr.o(i.EvrRtxMutexDestroyed)
    i.EvrRtxMutexError                       0x00000aea   Section        0  rtx_evr.o(i.EvrRtxMutexError)
    i.EvrRtxMutexNew                         0x00000aec   Section        0  rtx_evr.o(i.EvrRtxMutexNew)
    i.EvrRtxMutexNotAcquired                 0x00000aee   Section        0  rtx_evr.o(i.EvrRtxMutexNotAcquired)
    i.EvrRtxMutexRelease                     0x00000af0   Section        0  rtx_evr.o(i.EvrRtxMutexRelease)
    i.EvrRtxMutexReleased                    0x00000af2   Section        0  rtx_evr.o(i.EvrRtxMutexReleased)
    i.EvrRtxSemaphoreAcquireTimeout          0x00000af4   Section        0  rtx_evr.o(i.EvrRtxSemaphoreAcquireTimeout)
    i.EvrRtxThreadBlocked                    0x00000af6   Section        0  rtx_evr.o(i.EvrRtxThreadBlocked)
    i.EvrRtxThreadDelayCompleted             0x00000af8   Section        0  rtx_evr.o(i.EvrRtxThreadDelayCompleted)
    i.EvrRtxThreadFlagsWaitTimeout           0x00000afa   Section        0  rtx_evr.o(i.EvrRtxThreadFlagsWaitTimeout)
    i.EvrRtxThreadSwitch                     0x00000afc   Section        0  rtx_evr.o(i.EvrRtxThreadSwitch)
    i.EvrRtxThreadUnblocked                  0x00000afe   Section        0  rtx_evr.o(i.EvrRtxThreadUnblocked)
    i.MessageQueuePut                        0x00000b00   Section        0  rtx_msgqueue.o(i.MessageQueuePut)
    MessageQueuePut                          0x00000b01   Thumb Code    76  rtx_msgqueue.o(i.MessageQueuePut)
    i.PWM0A_Duty                             0x00000b4c   Section        0  robot_io.o(i.PWM0A_Duty)
    i.PWM0A_Init                             0x00000b58   Section        0  robot_io.o(i.PWM0A_Init)
    i.SystemInit                             0x00000c2c   Section        0  system_tm4c123.o(i.SystemInit)
    i.TimerInsert                            0x00000cc4   Section        0  rtx_timer.o(i.TimerInsert)
    TimerInsert                              0x00000cc5   Thumb Code    58  rtx_timer.o(i.TimerInsert)
    i.TimerUnlink                            0x00000d04   Section        0  rtx_timer.o(i.TimerUnlink)
    TimerUnlink                              0x00000d05   Thumb Code    18  rtx_timer.o(i.TimerUnlink)
    i.__get_BASEPRI                          0x00000d1c   Section        0  rtx_kernel.o(i.__get_BASEPRI)
    __get_BASEPRI                            0x00000d1d   Thumb Code     6  rtx_kernel.o(i.__get_BASEPRI)
    i.__get_BASEPRI                          0x00000d22   Section        0  rtx_msgqueue.o(i.__get_BASEPRI)
    __get_BASEPRI                            0x00000d23   Thumb Code     6  rtx_msgqueue.o(i.__get_BASEPRI)
    i.__get_BASEPRI                          0x00000d28   Section        0  rtx_mutex.o(i.__get_BASEPRI)
    __get_BASEPRI                            0x00000d29   Thumb Code     6  rtx_mutex.o(i.__get_BASEPRI)
    i.__get_CONTROL                          0x00000d2e   Section        0  rtx_kernel.o(i.__get_CONTROL)
    __get_CONTROL                            0x00000d2f   Thumb Code     6  rtx_kernel.o(i.__get_CONTROL)
    i.__get_IPSR                             0x00000d34   Section        0  rtx_kernel.o(i.__get_IPSR)
    __get_IPSR                               0x00000d35   Thumb Code     6  rtx_kernel.o(i.__get_IPSR)
    i.__get_IPSR                             0x00000d3a   Section        0  rtx_msgqueue.o(i.__get_IPSR)
    __get_IPSR                               0x00000d3b   Thumb Code     6  rtx_msgqueue.o(i.__get_IPSR)
    i.__get_IPSR                             0x00000d40   Section        0  rtx_mutex.o(i.__get_IPSR)
    __get_IPSR                               0x00000d41   Thumb Code     6  rtx_mutex.o(i.__get_IPSR)
    i.__get_PRIMASK                          0x00000d46   Section        0  rtx_kernel.o(i.__get_PRIMASK)
    __get_PRIMASK                            0x00000d47   Thumb Code     6  rtx_kernel.o(i.__get_PRIMASK)
    i.__get_PRIMASK                          0x00000d4c   Section        0  rtx_msgqueue.o(i.__get_PRIMASK)
    __get_PRIMASK                            0x00000d4d   Thumb Code     6  rtx_msgqueue.o(i.__get_PRIMASK)
    i.__get_PRIMASK                          0x00000d52   Section        0  rtx_mutex.o(i.__get_PRIMASK)
    __get_PRIMASK                            0x00000d53   Thumb Code     6  rtx_mutex.o(i.__get_PRIMASK)
    i._mutex_acquire                         0x00000d58   Section        0  rtx_lib.o(i._mutex_acquire)
    __tagsym$$used                           0x00000d59   Number         0  rtx_lib.o(i._mutex_acquire)
    i._mutex_free                            0x00000d6e   Section        0  rtx_lib.o(i._mutex_free)
    __tagsym$$used                           0x00000d6f   Number         0  rtx_lib.o(i._mutex_free)
    i._mutex_initialize                      0x00000d7a   Section        0  rtx_lib.o(i._mutex_initialize)
    __tagsym$$used                           0x00000d7b   Number         0  rtx_lib.o(i._mutex_initialize)
    i._mutex_release                         0x00000d9a   Section        0  rtx_lib.o(i._mutex_release)
    __tagsym$$used                           0x00000d9b   Number         0  rtx_lib.o(i._mutex_release)
    i._platform_post_stackheap_init          0x00000dac   Section        0  rtx_lib.o(i._platform_post_stackheap_init)
    i.delayMs                                0x00000db4   Section        0  stdf.o(i.delayMs)
    i.isrRtxMessageQueuePut                  0x00000dce   Section        0  rtx_msgqueue.o(i.isrRtxMessageQueuePut)
    isrRtxMessageQueuePut                    0x00000dcf   Thumb Code   150  rtx_msgqueue.o(i.isrRtxMessageQueuePut)
    i.isr_queue_get                          0x00000e64   Section        0  rtx_system.o(i.isr_queue_get)
    isr_queue_get                            0x00000e65   Thumb Code    44  rtx_system.o(i.isr_queue_get)
    i.isr_queue_put                          0x00000e94   Section        0  rtx_system.o(i.isr_queue_put)
    isr_queue_put                            0x00000e95   Thumb Code    56  rtx_system.o(i.isr_queue_put)
    i.main                                   0x00000ed0   Section        0  main.o(i.main)
    i.osKernelGetState                       0x00000f64   Section        0  rtx_kernel.o(i.osKernelGetState)
    i.osKernelInitialize                     0x00000fa8   Section        0  rtx_kernel.o(i.osKernelInitialize)
    i.osMessageQueuePut                      0x0000100c   Section        0  rtx_msgqueue.o(i.osMessageQueuePut)
    i.osMutexAcquire                         0x00001060   Section        0  rtx_mutex.o(i.osMutexAcquire)
    i.osMutexDelete                          0x000010a4   Section        0  rtx_mutex.o(i.osMutexDelete)
    i.osMutexNew                             0x000010e4   Section        0  rtx_mutex.o(i.osMutexNew)
    i.osMutexRelease                         0x00001150   Section        0  rtx_mutex.o(i.osMutexRelease)
    i.osRtxErrorNotify                       0x00001190   Section        0  rtx_config.o(i.osRtxErrorNotify)
    i.osRtxKernelGetState                    0x000011b0   Section        0  rtx_thread.o(i.osRtxKernelGetState)
    osRtxKernelGetState                      0x000011b1   Thumb Code     6  rtx_thread.o(i.osRtxKernelGetState)
    i.osRtxMemoryAlloc                       0x000011bc   Section        0  rtx_memory.o(i.osRtxMemoryAlloc)
    i.osRtxMemoryFree                        0x0000125e   Section        0  rtx_memory.o(i.osRtxMemoryFree)
    i.osRtxMemoryInit                        0x000012c4   Section        0  rtx_memory.o(i.osRtxMemoryInit)
    i.osRtxMemoryPoolAlloc                   0x00001316   Section        0  rtx_mempool.o(i.osRtxMemoryPoolAlloc)
    i.osRtxMemoryPoolFree                    0x00001350   Section        0  rtx_mempool.o(i.osRtxMemoryPoolFree)
    i.osRtxMemoryPoolInit                    0x0000139e   Section        0  rtx_mempool.o(i.osRtxMemoryPoolInit)
    i.osRtxPendSV_Handler                    0x000013f0   Section        0  rtx_system.o(i.osRtxPendSV_Handler)
    i.osRtxPostProcess                       0x00001454   Section        0  rtx_system.o(i.osRtxPostProcess)
    i.osRtxSysTimerAckIRQ                    0x00001490   Section        0  rtx_system.o(i.osRtxSysTimerAckIRQ)
    i.osRtxThreadBlock                       0x0000149c   Section        0  rtx_thread.o(i.osRtxThreadBlock)
    i.osRtxThreadDelayInsert                 0x000014cc   Section        0  rtx_thread.o(i.osRtxThreadDelayInsert)
    i.osRtxThreadDelayRemove                 0x00001534   Section        0  rtx_thread.o(i.osRtxThreadDelayRemove)
    i.osRtxThreadDelayTick                   0x000015ac   Section        0  rtx_thread.o(i.osRtxThreadDelayTick)
    i.osRtxThreadDispatch                    0x00001688   Section        0  rtx_thread.o(i.osRtxThreadDispatch)
    i.osRtxThreadGetRunning                  0x000016f4   Section        0  rtx_thread.o(i.osRtxThreadGetRunning)
    osRtxThreadGetRunning                    0x000016f5   Thumb Code     6  rtx_thread.o(i.osRtxThreadGetRunning)
    i.osRtxThreadListGet                     0x00001700   Section        0  rtx_thread.o(i.osRtxThreadListGet)
    i.osRtxThreadListPut                     0x00001718   Section        0  rtx_thread.o(i.osRtxThreadListPut)
    i.osRtxThreadListRemove                  0x00001746   Section        0  rtx_thread.o(i.osRtxThreadListRemove)
    i.osRtxThreadListRoot                    0x00001760   Section        0  rtx_thread.o(i.osRtxThreadListRoot)
    i.osRtxThreadListSort                    0x0000176e   Section        0  rtx_thread.o(i.osRtxThreadListSort)
    i.osRtxThreadReadyPut                    0x00001798   Section        0  rtx_thread.o(i.osRtxThreadReadyPut)
    i.osRtxThreadRegPtr                      0x000017b0   Section        0  rtx_thread.o(i.osRtxThreadRegPtr)
    i.osRtxThreadStackCheck                  0x000017c8   Section        0  rtx_thread.o(i.osRtxThreadStackCheck)
    i.osRtxThreadSwitch                      0x000017f4   Section        0  rtx_thread.o(i.osRtxThreadSwitch)
    i.osRtxThreadWaitEnter                   0x00001810   Section        0  rtx_thread.o(i.osRtxThreadWaitEnter)
    i.osRtxThreadWaitExit                    0x00001868   Section        0  rtx_thread.o(i.osRtxThreadWaitExit)
    i.osRtxTick_Handler                      0x000018a0   Section        0  rtx_system.o(i.osRtxTick_Handler)
    i.osRtxTimerTick                         0x00001938   Section        0  rtx_timer.o(i.osRtxTimerTick)
    i.os_kernel_is_active                    0x00001994   Section        0  rtx_lib.o(i.os_kernel_is_active)
    os_kernel_is_active                      0x00001995   Thumb Code    32  rtx_lib.o(i.os_kernel_is_active)
    i.svcRtxKernelGetState                   0x000019b8   Section        0  rtx_kernel.o(i.svcRtxKernelGetState)
    i.svcRtxKernelInitialize                 0x000019cc   Section        0  rtx_kernel.o(i.svcRtxKernelInitialize)
    i.svcRtxMessageQueuePut                  0x00001c70   Section        0  rtx_msgqueue.o(i.svcRtxMessageQueuePut)
    i.svcRtxMutexAcquire                     0x00001d88   Section        0  rtx_mutex.o(i.svcRtxMutexAcquire)
    i.svcRtxMutexDelete                      0x00001e88   Section        0  rtx_mutex.o(i.svcRtxMutexDelete)
    i.svcRtxMutexNew                         0x00001f7c   Section        0  rtx_mutex.o(i.svcRtxMutexNew)
    i.svcRtxMutexRelease                     0x0000202c   Section        0  rtx_mutex.o(i.svcRtxMutexRelease)
    x$fpl$fpinit                             0x00002140   Section       10  fpinit.o(x$fpl$fpinit)
    $v0                                      0x00002140   Number         0  fpinit.o(x$fpl$fpinit)
    .constdata                               0x0000214c   Section        1  irq_cm4f.o(.constdata)
    .constdata                               0x00002150   Section      100  rtx_lib.o(.constdata)
    os_idle_thread_attr                      0x00002150   Data          36  rtx_lib.o(.constdata)
    os_timer_thread_attr                     0x00002174   Data          36  rtx_lib.o(.constdata)
    os_timer_mq_attr                         0x00002198   Data          24  rtx_lib.o(.constdata)
    .conststrlit                             0x000021b4   Section       11  rtx_kernel.o(.conststrlit)
    .rodata                                  0x000021c0   Section      104  rtx_lib.o(.rodata)
    __tagsym$$used                           0x000021c0   Number         0  rtx_lib.o(.rodata)
    .bss.os                                  0x20000000   Section     4656  rtx_lib.o(.bss.os)
    os_mem                                   0x20000000   Data        4096  rtx_lib.o(.bss.os)
    os_isr_queue                             0x20001000   Data          64  rtx_lib.o(.bss.os)
    os_libspace                              0x20001040   Data         480  rtx_lib.o(.bss.os)
    os_libspace_id                           0x20001220   Data          16  rtx_lib.o(.bss.os)
    .bss.os.msgqueue.cb                      0x20001230   Section       52  rtx_lib.o(.bss.os.msgqueue.cb)
    os_timer_mq_cb                           0x20001230   Data          52  rtx_lib.o(.bss.os.msgqueue.cb)
    .bss.os.msgqueue.mem                     0x20001264   Section       80  rtx_lib.o(.bss.os.msgqueue.mem)
    os_timer_mq_data                         0x20001264   Data          80  rtx_lib.o(.bss.os.msgqueue.mem)
    .bss.os.thread.cb                        0x200012b4   Section      136  rtx_lib.o(.bss.os.thread.cb)
    os_idle_thread_cb                        0x200012b4   Data          68  rtx_lib.o(.bss.os.thread.cb)
    os_timer_thread_cb                       0x200012f8   Data          68  rtx_lib.o(.bss.os.thread.cb)
    .bss.os.thread.stack                     0x20001340   Section      400  rtx_lib.o(.bss.os.thread.stack)
    os_idle_thread_stack                     0x20001340   Data         200  rtx_lib.o(.bss.os.thread.stack)
    os_timer_thread_stack                    0x20001408   Data         200  rtx_lib.o(.bss.os.thread.stack)
    .data                                    0x200014d0   Section        5  rtx_lib.o(.data)
    os_kernel_active                         0x200014d4   Data           1  rtx_lib.o(.data)
    .data.os                                 0x200014d8   Section      168  rtx_kernel.o(.data.os)
    .bss                                     0x20001580   Section       96  libspace.o(.bss)
    HEAP                                     0x200015e0   Section        0  startup_tm4c123.o(HEAP)
    STACK                                    0x200015e0   Section      512  startup_tm4c123.o(STACK)
    Heap_Mem                                 0x200015e0   Data           0  startup_tm4c123.o(HEAP)
    Stack_Mem                                0x200015e0   Data         512  startup_tm4c123.o(STACK)
    __initial_sp                             0x200017e0   Data           0  startup_tm4c123.o(STACK)

    Global Symbols

    Symbol Name                              Value     Ov Type        Size  Object(Section)

    BuildAttributes$$THM_ISAv4$E$P$D$K$B$S$7EM$VFPi3$EXTD16$VFPS$VFMA$PE$A:L22UL41UL21$X:L11$S22US41US21$IEEE1$IW$USESV6$~STKCKD$USESV7$~SHL$OSPACE$ROPI$EBA8$UX$STANDARDLIB$REQ8$PRES8$EABIv2 0x00000000   Number         0  anon$$obj.o ABSOLUTE
    __ARM_use_no_argv                        0x00000000   Number         0  main.o ABSOLUTE
    __Vectors                                0x00000000   Data           4  startup_tm4c123.o(RESET)
    __ARM_exceptions_init                     - Undefined Weak Reference
    __alloca_initialize                       - Undefined Weak Reference
    __arm_preinit_                            - Undefined Weak Reference
    __cpp_initialize__aeabi_                  - Undefined Weak Reference
    __cxa_finalize                            - Undefined Weak Reference
    __rt_locale                               - Undefined Weak Reference
    __sigvec_lookup                           - Undefined Weak Reference
    _atexit_init                              - Undefined Weak Reference
    _call_atexit_fns                          - Undefined Weak Reference
    _clock_init                               - Undefined Weak Reference
    _fp_trap_init                             - Undefined Weak Reference
    _fp_trap_shutdown                         - Undefined Weak Reference
    _get_lc_collate                           - Undefined Weak Reference
    _get_lc_ctype                             - Undefined Weak Reference
    _get_lc_monetary                          - Undefined Weak Reference
    _get_lc_numeric                           - Undefined Weak Reference
    _get_lc_time                              - Undefined Weak Reference
    _getenv_init                              - Undefined Weak Reference
    _handle_redirection                       - Undefined Weak Reference
    _init_alloc                               - Undefined Weak Reference
    _init_user_alloc                          - Undefined Weak Reference
    _initio                                   - Undefined Weak Reference
    _rand_init                                - Undefined Weak Reference
    _signal_finish                            - Undefined Weak Reference
    _signal_init                              - Undefined Weak Reference
    _terminate_alloc                          - Undefined Weak Reference
    _terminate_user_alloc                     - Undefined Weak Reference
    _terminateio                              - Undefined Weak Reference
    __Vectors_End                            0x0000026c   Data           0  startup_tm4c123.o(RESET)
    __Vectors_Size                           0x0000026c   Number         0  startup_tm4c123.o ABSOLUTE
    __main                                   0x0000026d   Thumb Code     8  __main.o(!!!main)
    __scatterload                            0x00000275   Thumb Code     0  __scatter.o(!!!scatter)
    __scatterload_rt2                        0x00000275   Thumb Code    44  __scatter.o(!!!scatter)
    __scatterload_rt2_thumb_only             0x00000275   Thumb Code     0  __scatter.o(!!!scatter)
    __scatterload_null                       0x00000283   Thumb Code     0  __scatter.o(!!!scatter)
    __decompress                             0x000002a9   Thumb Code    58  __dczerorl.o(!!dczerorl)
    __decompress0                            0x000002a9   Thumb Code     0  __dczerorl.o(!!dczerorl)
    __scatterload_zeroinit                   0x000002e5   Thumb Code    28  __scatter_zi.o(!!handler_zi)
    __rt_lib_init                            0x00000301   Thumb Code     0  libinit.o(.ARM.Collect$$libinit$$00000000)
    __rt_lib_init_fp_1                       0x00000303   Thumb Code     0  libinit2.o(.ARM.Collect$$libinit$$00000001)
    __rt_lib_init_alloca_1                   0x00000307   Thumb Code     0  libinit2.o(.ARM.Collect$$libinit$$0000002E)
    __rt_lib_init_argv_1                     0x00000307   Thumb Code     0  libinit2.o(.ARM.Collect$$libinit$$0000002C)
    __rt_lib_init_atexit_1                   0x00000307   Thumb Code     0  libinit2.o(.ARM.Collect$$libinit$$0000001B)
    __rt_lib_init_clock_1                    0x00000307   Thumb Code     0  libinit2.o(.ARM.Collect$$libinit$$00000021)
    __rt_lib_init_cpp_1                      0x00000307   Thumb Code     0  libinit2.o(.ARM.Collect$$libinit$$00000032)
    __rt_lib_init_exceptions_1               0x00000307   Thumb Code     0  libinit2.o(.ARM.Collect$$libinit$$00000030)
    __rt_lib_init_fp_trap_1                  0x00000307   Thumb Code     0  libinit2.o(.ARM.Collect$$libinit$$0000001F)
    __rt_lib_init_getenv_1                   0x00000307   Thumb Code     0  libinit2.o(.ARM.Collect$$libinit$$00000023)
    __rt_lib_init_heap_1                     0x00000307   Thumb Code     0  libinit2.o(.ARM.Collect$$libinit$$0000000A)
    __rt_lib_init_lc_collate_1               0x00000307   Thumb Code     0  libinit2.o(.ARM.Collect$$libinit$$00000011)
    __rt_lib_init_lc_ctype_1                 0x00000307   Thumb Code     0  libinit2.o(.ARM.Collect$$libinit$$00000013)
    __rt_lib_init_lc_monetary_1              0x00000307   Thumb Code     0  libinit2.o(.ARM.Collect$$libinit$$00000015)
    __rt_lib_init_lc_numeric_1               0x00000307   Thumb Code     0  libinit2.o(.ARM.Collect$$libinit$$00000017)
    __rt_lib_init_lc_time_1                  0x00000307   Thumb Code     0  libinit2.o(.ARM.Collect$$libinit$$00000019)
    __rt_lib_init_preinit_1                  0x00000307   Thumb Code     0  libinit2.o(.ARM.Collect$$libinit$$00000004)
    __rt_lib_init_rand_1                     0x00000307   Thumb Code     0  libinit2.o(.ARM.Collect$$libinit$$0000000E)
    __rt_lib_init_return                     0x00000307   Thumb Code     0  libinit2.o(.ARM.Collect$$libinit$$00000033)
    __rt_lib_init_signal_1                   0x00000307   Thumb Code     0  libinit2.o(.ARM.Collect$$libinit$$0000001D)
    __rt_lib_init_stdio_1                    0x00000307   Thumb Code     0  libinit2.o(.ARM.Collect$$libinit$$00000025)
    __rt_lib_init_user_alloc_1               0x00000307   Thumb Code     0  libinit2.o(.ARM.Collect$$libinit$$0000000C)
    __rt_lib_shutdown                        0x00000309   Thumb Code     0  libshutdown.o(.ARM.Collect$$libshutdown$$00000000)
    __rt_lib_shutdown_cpp_1                  0x0000030b   Thumb Code     0  libshutdown2.o(.ARM.Collect$$libshutdown$$00000002)
    __rt_lib_shutdown_fp_trap_1              0x0000030b   Thumb Code     0  libshutdown2.o(.ARM.Collect$$libshutdown$$00000007)
    __rt_lib_shutdown_heap_1                 0x0000030b   Thumb Code     0  libshutdown2.o(.ARM.Collect$$libshutdown$$0000000F)
    __rt_lib_shutdown_return                 0x0000030b   Thumb Code     0  libshutdown2.o(.ARM.Collect$$libshutdown$$00000010)
    __rt_lib_shutdown_signal_1               0x0000030b   Thumb Code     0  libshutdown2.o(.ARM.Collect$$libshutdown$$0000000A)
    __rt_lib_shutdown_stdio_1                0x0000030b   Thumb Code     0  libshutdown2.o(.ARM.Collect$$libshutdown$$00000004)
    __rt_lib_shutdown_user_alloc_1           0x0000030b   Thumb Code     0  libshutdown2.o(.ARM.Collect$$libshutdown$$0000000C)
    __rt_entry                               0x0000030d   Thumb Code     0  __rtentry.o(.ARM.Collect$$rtentry$$00000000)
    __rt_entry_presh_1                       0x0000030d   Thumb Code     0  __rtentry2.o(.ARM.Collect$$rtentry$$00000002)
    __rt_entry_sh                            0x0000030d   Thumb Code     0  __rtentry4.o(.ARM.Collect$$rtentry$$00000004)
    __rt_entry_postsh_1                      0x00000313   Thumb Code     0  __rtentry2.o(.ARM.Collect$$rtentry$$00000008)
    __rt_entry_li                            0x0000031b   Thumb Code     0  __rtentry2.o(.ARM.Collect$$rtentry$$0000000A)
    __rt_entry_main                          0x0000031f   Thumb Code     0  __rtentry2.o(.ARM.Collect$$rtentry$$0000000D)
    __rt_entry_postli_1                      0x0000031f   Thumb Code     0  __rtentry2.o(.ARM.Collect$$rtentry$$0000000C)
    __rt_exit                                0x00000327   Thumb Code     0  rtexit.o(.ARM.Collect$$rtexit$$00000000)
    __rt_exit_ls                             0x00000329   Thumb Code     0  rtexit2.o(.ARM.Collect$$rtexit$$00000003)
    __rt_exit_prels_1                        0x00000329   Thumb Code     0  rtexit2.o(.ARM.Collect$$rtexit$$00000002)
    __rt_exit_exit                           0x0000032d   Thumb Code     0  rtexit2.o(.ARM.Collect$$rtexit$$00000004)
    __asm___13_rtx_mempool_c_7914b4c7__atomic_wr8 0x00000335   Thumb Code    16  rtx_mempool.o(.emb_text)
    __asm___13_rtx_mempool_c_7914b4c7__atomic_set32 0x00000345   Thumb Code    20  rtx_mempool.o(.emb_text)
    __asm___13_rtx_mempool_c_7914b4c7__atomic_clr32 0x00000359   Thumb Code    22  rtx_mempool.o(.emb_text)
    __asm___13_rtx_mempool_c_7914b4c7__atomic_chk32_all 0x0000036f   Thumb Code    38  rtx_mempool.o(.emb_text)
    __asm___13_rtx_mempool_c_7914b4c7__atomic_chk32_any 0x00000395   Thumb Code    34  rtx_mempool.o(.emb_text)
    __asm___13_rtx_mempool_c_7914b4c7__atomic_inc32 0x000003b7   Thumb Code    18  rtx_mempool.o(.emb_text)
    __asm___13_rtx_mempool_c_7914b4c7__atomic_inc32_lt 0x000003c9   Thumb Code    30  rtx_mempool.o(.emb_text)
    __asm___13_rtx_mempool_c_7914b4c7__atomic_inc16_lt 0x000003e7   Thumb Code    30  rtx_mempool.o(.emb_text)
    __asm___13_rtx_mempool_c_7914b4c7__atomic_inc16_lim 0x00000405   Thumb Code    26  rtx_mempool.o(.emb_text)
    __asm___13_rtx_mempool_c_7914b4c7__atomic_dec32_nz 0x0000041f   Thumb Code    26  rtx_mempool.o(.emb_text)
    __asm___13_rtx_mempool_c_7914b4c7__atomic_dec16_nz 0x00000439   Thumb Code    26  rtx_mempool.o(.emb_text)
    __asm___13_rtx_mempool_c_7914b4c7__atomic_link_get 0x00000453   Thumb Code    26  rtx_mempool.o(.emb_text)
    __asm___13_rtx_mempool_c_7914b4c7__atomic_link_put 0x0000046d   Thumb Code    28  rtx_mempool.o(.emb_text)
    __asm___14_rtx_msgqueue_c_3fd3b50e__atomic_wr8 0x00000489   Thumb Code    16  rtx_msgqueue.o(.emb_text)
    __asm___14_rtx_msgqueue_c_3fd3b50e__atomic_set32 0x00000499   Thumb Code    20  rtx_msgqueue.o(.emb_text)
    __asm___14_rtx_msgqueue_c_3fd3b50e__atomic_clr32 0x000004ad   Thumb Code    22  rtx_msgqueue.o(.emb_text)
    __asm___14_rtx_msgqueue_c_3fd3b50e__atomic_chk32_all 0x000004c3   Thumb Code    38  rtx_msgqueue.o(.emb_text)
    __asm___14_rtx_msgqueue_c_3fd3b50e__atomic_chk32_any 0x000004e9   Thumb Code    34  rtx_msgqueue.o(.emb_text)
    __asm___14_rtx_msgqueue_c_3fd3b50e__atomic_inc32 0x0000050b   Thumb Code    18  rtx_msgqueue.o(.emb_text)
    __asm___14_rtx_msgqueue_c_3fd3b50e__atomic_inc32_lt 0x0000051d   Thumb Code    30  rtx_msgqueue.o(.emb_text)
    __asm___14_rtx_msgqueue_c_3fd3b50e__atomic_inc16_lt 0x0000053b   Thumb Code    30  rtx_msgqueue.o(.emb_text)
    __asm___14_rtx_msgqueue_c_3fd3b50e__atomic_inc16_lim 0x00000559   Thumb Code    26  rtx_msgqueue.o(.emb_text)
    __asm___14_rtx_msgqueue_c_3fd3b50e__atomic_dec32_nz 0x00000573   Thumb Code    26  rtx_msgqueue.o(.emb_text)
    __asm___14_rtx_msgqueue_c_3fd3b50e__atomic_dec16_nz 0x0000058d   Thumb Code    26  rtx_msgqueue.o(.emb_text)
    __asm___14_rtx_msgqueue_c_3fd3b50e__atomic_link_get 0x000005a7   Thumb Code    26  rtx_msgqueue.o(.emb_text)
    __asm___14_rtx_msgqueue_c_3fd3b50e__atomic_link_put 0x000005c1   Thumb Code    28  rtx_msgqueue.o(.emb_text)
    __asm___12_rtx_system_c_024f2f18__atomic_wr8 0x000005dd   Thumb Code    16  rtx_system.o(.emb_text)
    __asm___12_rtx_system_c_024f2f18__atomic_set32 0x000005ed   Thumb Code    20  rtx_system.o(.emb_text)
    __asm___12_rtx_system_c_024f2f18__atomic_clr32 0x00000601   Thumb Code    22  rtx_system.o(.emb_text)
    __asm___12_rtx_system_c_024f2f18__atomic_chk32_all 0x00000617   Thumb Code    38  rtx_system.o(.emb_text)
    __asm___12_rtx_system_c_024f2f18__atomic_chk32_any 0x0000063d   Thumb Code    34  rtx_system.o(.emb_text)
    __asm___12_rtx_system_c_024f2f18__atomic_inc32 0x0000065f   Thumb Code    18  rtx_system.o(.emb_text)
    __asm___12_rtx_system_c_024f2f18__atomic_inc32_lt 0x00000671   Thumb Code    30  rtx_system.o(.emb_text)
    __asm___12_rtx_system_c_024f2f18__atomic_inc16_lt 0x0000068f   Thumb Code    30  rtx_system.o(.emb_text)
    __asm___12_rtx_system_c_024f2f18__atomic_inc16_lim 0x000006ad   Thumb Code    26  rtx_system.o(.emb_text)
    __asm___12_rtx_system_c_024f2f18__atomic_dec32_nz 0x000006c7   Thumb Code    26  rtx_system.o(.emb_text)
    __asm___12_rtx_system_c_024f2f18__atomic_dec16_nz 0x000006e1   Thumb Code    26  rtx_system.o(.emb_text)
    __asm___12_rtx_system_c_024f2f18__atomic_link_get 0x000006fb   Thumb Code    26  rtx_system.o(.emb_text)
    __asm___12_rtx_system_c_024f2f18__atomic_link_put 0x00000715   Thumb Code    28  rtx_system.o(.emb_text)
    SVC_Handler                              0x00000731   Thumb Code   140  irq_cm4f.o(.text)
    PendSV_Handler                           0x000007bd   Thumb Code    16  irq_cm4f.o(.text)
    SysTick_Handler                          0x000007cd   Thumb Code    16  irq_cm4f.o(.text)
    Reset_Handler                            0x000007e9   Thumb Code     8  startup_tm4c123.o(.text)
    NMI_Handler                              0x000007f1   Thumb Code     2  startup_tm4c123.o(.text)
    HardFault_Handler                        0x000007f3   Thumb Code     2  startup_tm4c123.o(.text)
    MemManage_Handler                        0x000007f5   Thumb Code     2  startup_tm4c123.o(.text)
    BusFault_Handler                         0x000007f7   Thumb Code     2  startup_tm4c123.o(.text)
    UsageFault_Handler                       0x000007f9   Thumb Code     2  startup_tm4c123.o(.text)
    DebugMon_Handler                         0x000007fd   Thumb Code     2  startup_tm4c123.o(.text)
    GPIOA_Handler                            0x00000803   Thumb Code     2  startup_tm4c123.o(.text)
    GPIOB_Handler                            0x00000805   Thumb Code     2  startup_tm4c123.o(.text)
    GPIOC_Handler                            0x00000807   Thumb Code     2  startup_tm4c123.o(.text)
    GPIOD_Handler                            0x00000809   Thumb Code     2  startup_tm4c123.o(.text)
    GPIOE_Handler                            0x0000080b   Thumb Code     2  startup_tm4c123.o(.text)
    UART0_Handler                            0x0000080d   Thumb Code     2  startup_tm4c123.o(.text)
    UART1_Handler                            0x0000080f   Thumb Code     2  startup_tm4c123.o(.text)
    SSI0_Handler                             0x00000811   Thumb Code     2  startup_tm4c123.o(.text)
    I2C0_Handler                             0x00000813   Thumb Code     2  startup_tm4c123.o(.text)
    PMW0_FAULT_Handler                       0x00000815   Thumb Code     2  startup_tm4c123.o(.text)
    PWM0_0_Handler                           0x00000817   Thumb Code     2  startup_tm4c123.o(.text)
    PWM0_1_Handler                           0x00000819   Thumb Code     2  startup_tm4c123.o(.text)
    PWM0_2_Handler                           0x0000081b   Thumb Code     2  startup_tm4c123.o(.text)
    QEI0_Handler                             0x0000081d   Thumb Code     2  startup_tm4c123.o(.text)
    ADC0SS0_Handler                          0x0000081f   Thumb Code     2  startup_tm4c123.o(.text)
    ADC0SS1_Handler                          0x00000821   Thumb Code     2  startup_tm4c123.o(.text)
    ADC0SS2_Handler                          0x00000823   Thumb Code     2  startup_tm4c123.o(.text)
    ADC0SS3_Handler                          0x00000825   Thumb Code     2  startup_tm4c123.o(.text)
    WDT0_Handler                             0x00000827   Thumb Code     2  startup_tm4c123.o(.text)
    TIMER0A_Handler                          0x00000829   Thumb Code     2  startup_tm4c123.o(.text)
    TIMER0B_Handler                          0x0000082b   Thumb Code     2  startup_tm4c123.o(.text)
    TIMER1A_Handler                          0x0000082d   Thumb Code     2  startup_tm4c123.o(.text)
    TIMER1B_Handler                          0x0000082f   Thumb Code     2  startup_tm4c123.o(.text)
    TIMER2A_Handler                          0x00000831   Thumb Code     2  startup_tm4c123.o(.text)
    TIMER2B_Handler                          0x00000833   Thumb Code     2  startup_tm4c123.o(.text)
    COMP0_Handler                            0x00000835   Thumb Code     2  startup_tm4c123.o(.text)
    COMP1_Handler                            0x00000837   Thumb Code     2  startup_tm4c123.o(.text)
    COMP2_Handler                            0x00000839   Thumb Code     2  startup_tm4c123.o(.text)
    SYSCTL_Handler                           0x0000083b   Thumb Code     2  startup_tm4c123.o(.text)
    FLASH_Handler                            0x0000083d   Thumb Code     2  startup_tm4c123.o(.text)
    GPIOF_Handler                            0x0000083f   Thumb Code     2  startup_tm4c123.o(.text)
    GPIOG_Handler                            0x00000841   Thumb Code     2  startup_tm4c123.o(.text)
    GPIOH_Handler                            0x00000843   Thumb Code     2  startup_tm4c123.o(.text)
    UART2_Handler                            0x00000845   Thumb Code     2  startup_tm4c123.o(.text)
    SSI1_Handler                             0x00000847   Thumb Code     2  startup_tm4c123.o(.text)
    TIMER3A_Handler                          0x00000849   Thumb Code     2  startup_tm4c123.o(.text)
    TIMER3B_Handler                          0x0000084b   Thumb Code     2  startup_tm4c123.o(.text)
    I2C1_Handler                             0x0000084d   Thumb Code     2  startup_tm4c123.o(.text)
    QEI1_Handler                             0x0000084f   Thumb Code     2  startup_tm4c123.o(.text)
    CAN0_Handler                             0x00000851   Thumb Code     2  startup_tm4c123.o(.text)
    CAN1_Handler                             0x00000853   Thumb Code     2  startup_tm4c123.o(.text)
    CAN2_Handler                             0x00000855   Thumb Code     2  startup_tm4c123.o(.text)
    HIB_Handler                              0x00000857   Thumb Code     2  startup_tm4c123.o(.text)
    USB0_Handler                             0x00000859   Thumb Code     2  startup_tm4c123.o(.text)
    PWM0_3_Handler                           0x0000085b   Thumb Code     2  startup_tm4c123.o(.text)
    UDMA_Handler                             0x0000085d   Thumb Code     2  startup_tm4c123.o(.text)
    UDMAERR_Handler                          0x0000085f   Thumb Code     2  startup_tm4c123.o(.text)
    ADC1SS0_Handler                          0x00000861   Thumb Code     2  startup_tm4c123.o(.text)
    ADC1SS1_Handler                          0x00000863   Thumb Code     2  startup_tm4c123.o(.text)
    ADC1SS2_Handler                          0x00000865   Thumb Code     2  startup_tm4c123.o(.text)
    ADC1SS3_Handler                          0x00000867   Thumb Code     2  startup_tm4c123.o(.text)
    GPIOJ_Handler                            0x00000869   Thumb Code     2  startup_tm4c123.o(.text)
    GPIOK_Handler                            0x0000086b   Thumb Code     2  startup_tm4c123.o(.text)
    GPIOL_Handler                            0x0000086d   Thumb Code     2  startup_tm4c123.o(.text)
    SSI2_Handler                             0x0000086f   Thumb Code     2  startup_tm4c123.o(.text)
    SSI3_Handler                             0x00000871   Thumb Code     2  startup_tm4c123.o(.text)
    UART3_Handler                            0x00000873   Thumb Code     2  startup_tm4c123.o(.text)
    UART4_Handler                            0x00000875   Thumb Code     2  startup_tm4c123.o(.text)
    UART5_Handler                            0x00000877   Thumb Code     2  startup_tm4c123.o(.text)
    UART6_Handler                            0x00000879   Thumb Code     2  startup_tm4c123.o(.text)
    UART7_Handler                            0x0000087b   Thumb Code     2  startup_tm4c123.o(.text)
    I2C2_Handler                             0x0000087d   Thumb Code     2  startup_tm4c123.o(.text)
    I2C3_Handler                             0x0000087f   Thumb Code     2  startup_tm4c123.o(.text)
    TIMER4A_Handler                          0x00000881   Thumb Code     2  startup_tm4c123.o(.text)
    TIMER4B_Handler                          0x00000883   Thumb Code     2  startup_tm4c123.o(.text)
    TIMER5A_Handler                          0x00000885   Thumb Code     2  startup_tm4c123.o(.text)
    TIMER5B_Handler                          0x00000887   Thumb Code     2  startup_tm4c123.o(.text)
    WTIMER0A_Handler                         0x00000889   Thumb Code     2  startup_tm4c123.o(.text)
    WTIMER0B_Handler                         0x0000088b   Thumb Code     2  startup_tm4c123.o(.text)
    WTIMER1A_Handler                         0x0000088d   Thumb Code     2  startup_tm4c123.o(.text)
    WTIMER1B_Handler                         0x0000088f   Thumb Code     2  startup_tm4c123.o(.text)
    WTIMER2A_Handler                         0x00000891   Thumb Code     2  startup_tm4c123.o(.text)
    WTIMER2B_Handler                         0x00000893   Thumb Code     2  startup_tm4c123.o(.text)
    WTIMER3A_Handler                         0x00000895   Thumb Code     2  startup_tm4c123.o(.text)
    WTIMER3B_Handler                         0x00000897   Thumb Code     2  startup_tm4c123.o(.text)
    WTIMER4A_Handler                         0x00000899   Thumb Code     2  startup_tm4c123.o(.text)
    WTIMER4B_Handler                         0x0000089b   Thumb Code     2  startup_tm4c123.o(.text)
    WTIMER5A_Handler                         0x0000089d   Thumb Code     2  startup_tm4c123.o(.text)
    WTIMER5B_Handler                         0x0000089f   Thumb Code     2  startup_tm4c123.o(.text)
    FPU_Handler                              0x000008a1   Thumb Code     2  startup_tm4c123.o(.text)
    I2C4_Handler                             0x000008a3   Thumb Code     2  startup_tm4c123.o(.text)
    I2C5_Handler                             0x000008a5   Thumb Code     2  startup_tm4c123.o(.text)
    GPIOM_Handler                            0x000008a7   Thumb Code     2  startup_tm4c123.o(.text)
    GPION_Handler                            0x000008a9   Thumb Code     2  startup_tm4c123.o(.text)
    QEI2_Handler                             0x000008ab   Thumb Code     2  startup_tm4c123.o(.text)
    GPIOP0_Handler                           0x000008ad   Thumb Code     2  startup_tm4c123.o(.text)
    GPIOP1_Handler                           0x000008af   Thumb Code     2  startup_tm4c123.o(.text)
    GPIOP2_Handler                           0x000008b1   Thumb Code     2  startup_tm4c123.o(.text)
    GPIOP3_Handler                           0x000008b3   Thumb Code     2  startup_tm4c123.o(.text)
    GPIOP4_Handler                           0x000008b5   Thumb Code     2  startup_tm4c123.o(.text)
    GPIOP5_Handler                           0x000008b7   Thumb Code     2  startup_tm4c123.o(.text)
    GPIOP6_Handler                           0x000008b9   Thumb Code     2  startup_tm4c123.o(.text)
    GPIOP7_Handler                           0x000008bb   Thumb Code     2  startup_tm4c123.o(.text)
    GPIOQ0_Handler                           0x000008bd   Thumb Code     2  startup_tm4c123.o(.text)
    GPIOQ1_Handler                           0x000008bf   Thumb Code     2  startup_tm4c123.o(.text)
    GPIOQ2_Handler                           0x000008c1   Thumb Code     2  startup_tm4c123.o(.text)
    GPIOQ3_Handler                           0x000008c3   Thumb Code     2  startup_tm4c123.o(.text)
    GPIOQ4_Handler                           0x000008c5   Thumb Code     2  startup_tm4c123.o(.text)
    GPIOQ5_Handler                           0x000008c7   Thumb Code     2  startup_tm4c123.o(.text)
    GPIOQ6_Handler                           0x000008c9   Thumb Code     2  startup_tm4c123.o(.text)
    GPIOQ7_Handler                           0x000008cb   Thumb Code     2  startup_tm4c123.o(.text)
    GPIOR_Handler                            0x000008cd   Thumb Code     2  startup_tm4c123.o(.text)
    GPIOS_Handler                            0x000008cf   Thumb Code     2  startup_tm4c123.o(.text)
    PMW1_0_Handler                           0x000008d1   Thumb Code     2  startup_tm4c123.o(.text)
    PWM1_1_Handler                           0x000008d3   Thumb Code     2  startup_tm4c123.o(.text)
    PWM1_2_Handler                           0x000008d5   Thumb Code     2  startup_tm4c123.o(.text)
    PWM1_3_Handler                           0x000008d7   Thumb Code     2  startup_tm4c123.o(.text)
    PWM1_FAULT_Handler                       0x000008d9   Thumb Code     2  startup_tm4c123.o(.text)
    __user_initial_stackheap                 0x000008dd   Thumb Code     0  startup_tm4c123.o(.text)
    __aeabi_memcpy                           0x000008fd   Thumb Code     0  rt_memcpy_v6.o(.text)
    __rt_memcpy                              0x000008fd   Thumb Code   138  rt_memcpy_v6.o(.text)
    _memcpy_lastbytes                        0x00000963   Thumb Code     0  rt_memcpy_v6.o(.text)
    __aeabi_memcpy4                          0x00000987   Thumb Code     0  rt_memcpy_w.o(.text)
    __aeabi_memcpy8                          0x00000987   Thumb Code     0  rt_memcpy_w.o(.text)
    __rt_memcpy_w                            0x00000987   Thumb Code   100  rt_memcpy_w.o(.text)
    _memcpy_lastbytes_aligned                0x000009cf   Thumb Code     0  rt_memcpy_w.o(.text)
    __aeabi_memclr4                          0x000009eb   Thumb Code     0  rt_memclr_w.o(.text)
    __aeabi_memclr8                          0x000009eb   Thumb Code     0  rt_memclr_w.o(.text)
    __rt_memclr_w                            0x000009eb   Thumb Code    78  rt_memclr_w.o(.text)
    _memset_w                                0x000009ef   Thumb Code     0  rt_memclr_w.o(.text)
    __use_two_region_memory                  0x00000a39   Thumb Code     2  heapauxi.o(.text)
    __rt_heap_escrow$2region                 0x00000a3b   Thumb Code     2  heapauxi.o(.text)
    __rt_heap_expand$2region                 0x00000a3d   Thumb Code     2  heapauxi.o(.text)
    __user_setup_stackheap                   0x00000a3f   Thumb Code    74  sys_stackheap_outer.o(.text)
    exit                                     0x00000a89   Thumb Code    18  exit.o(.text)
    __user_libspace                          0x00000a9d   Thumb Code     8  libspace.o(.text)
    __user_perproc_libspace                  0x00000a9d   Thumb Code     0  libspace.o(.text)
    _sys_exit                                0x00000aa5   Thumb Code     8  sys_exit.o(.text)
    __I$use$semihosting                      0x00000ab1   Thumb Code     0  use_no_semi.o(.text)
    __use_no_semihosting_swi                 0x00000ab1   Thumb Code     2  use_no_semi.o(.text)
    EvrRtxEventFlagsWaitTimeout              0x00000ab3   Thumb Code     2  rtx_evr.o(i.EvrRtxEventFlagsWaitTimeout)
    __semihosting_library_function           0x00000ab3   Thumb Code     0  indicate_semi.o(.text)
    EvrRtxKernelError                        0x00000ab5   Thumb Code     2  rtx_evr.o(i.EvrRtxKernelError)
    EvrRtxKernelGetState                     0x00000ab7   Thumb Code     2  rtx_evr.o(i.EvrRtxKernelGetState)
    EvrRtxKernelInitialize                   0x00000ab9   Thumb Code     2  rtx_evr.o(i.EvrRtxKernelInitialize)
    EvrRtxKernelInitializeCompleted          0x00000abb   Thumb Code     2  rtx_evr.o(i.EvrRtxKernelInitializeCompleted)
    EvrRtxMemoryAlloc                        0x00000abd   Thumb Code     2  rtx_evr.o(i.EvrRtxMemoryAlloc)
    EvrRtxMemoryBlockAlloc                   0x00000abf   Thumb Code     2  rtx_evr.o(i.EvrRtxMemoryBlockAlloc)
    EvrRtxMemoryBlockFree                    0x00000ac1   Thumb Code     2  rtx_evr.o(i.EvrRtxMemoryBlockFree)
    EvrRtxMemoryBlockInit                    0x00000ac3   Thumb Code     2  rtx_evr.o(i.EvrRtxMemoryBlockInit)
    EvrRtxMemoryFree                         0x00000ac5   Thumb Code     2  rtx_evr.o(i.EvrRtxMemoryFree)
    EvrRtxMemoryInit                         0x00000ac7   Thumb Code     2  rtx_evr.o(i.EvrRtxMemoryInit)
    EvrRtxMemoryPoolAllocTimeout             0x00000ac9   Thumb Code     2  rtx_evr.o(i.EvrRtxMemoryPoolAllocTimeout)
    EvrRtxMessageQueueError                  0x00000acb   Thumb Code     2  rtx_evr.o(i.EvrRtxMessageQueueError)
    EvrRtxMessageQueueGetTimeout             0x00000acd   Thumb Code     2  rtx_evr.o(i.EvrRtxMessageQueueGetTimeout)
    EvrRtxMessageQueueInsertPending          0x00000acf   Thumb Code     2  rtx_evr.o(i.EvrRtxMessageQueueInsertPending)
    EvrRtxMessageQueueInserted               0x00000ad1   Thumb Code     2  rtx_evr.o(i.EvrRtxMessageQueueInserted)
    EvrRtxMessageQueueNotInserted            0x00000ad3   Thumb Code     2  rtx_evr.o(i.EvrRtxMessageQueueNotInserted)
    EvrRtxMessageQueuePut                    0x00000ad5   Thumb Code     2  rtx_evr.o(i.EvrRtxMessageQueuePut)
    EvrRtxMessageQueuePutPending             0x00000ad7   Thumb Code     2  rtx_evr.o(i.EvrRtxMessageQueuePutPending)
    EvrRtxMessageQueuePutTimeout             0x00000ad9   Thumb Code     2  rtx_evr.o(i.EvrRtxMessageQueuePutTimeout)
    EvrRtxMessageQueueRetrieved              0x00000adb   Thumb Code     2  rtx_evr.o(i.EvrRtxMessageQueueRetrieved)
    EvrRtxMutexAcquire                       0x00000add   Thumb Code     2  rtx_evr.o(i.EvrRtxMutexAcquire)
    EvrRtxMutexAcquirePending                0x00000adf   Thumb Code     2  rtx_evr.o(i.EvrRtxMutexAcquirePending)
    EvrRtxMutexAcquireTimeout                0x00000ae1   Thumb Code     2  rtx_evr.o(i.EvrRtxMutexAcquireTimeout)
    EvrRtxMutexAcquired                      0x00000ae3   Thumb Code     2  rtx_evr.o(i.EvrRtxMutexAcquired)
    EvrRtxMutexCreated                       0x00000ae5   Thumb Code     2  rtx_evr.o(i.EvrRtxMutexCreated)
    EvrRtxMutexDelete                        0x00000ae7   Thumb Code     2  rtx_evr.o(i.EvrRtxMutexDelete)
    EvrRtxMutexDestroyed                     0x00000ae9   Thumb Code     2  rtx_evr.o(i.EvrRtxMutexDestroyed)
    EvrRtxMutexError                         0x00000aeb   Thumb Code     2  rtx_evr.o(i.EvrRtxMutexError)
    EvrRtxMutexNew                           0x00000aed   Thumb Code     2  rtx_evr.o(i.EvrRtxMutexNew)
    EvrRtxMutexNotAcquired                   0x00000aef   Thumb Code     2  rtx_evr.o(i.EvrRtxMutexNotAcquired)
    EvrRtxMutexRelease                       0x00000af1   Thumb Code     2  rtx_evr.o(i.EvrRtxMutexRelease)
    EvrRtxMutexReleased                      0x00000af3   Thumb Code     2  rtx_evr.o(i.EvrRtxMutexReleased)
    EvrRtxSemaphoreAcquireTimeout            0x00000af5   Thumb Code     2  rtx_evr.o(i.EvrRtxSemaphoreAcquireTimeout)
    EvrRtxThreadBlocked                      0x00000af7   Thumb Code     2  rtx_evr.o(i.EvrRtxThreadBlocked)
    EvrRtxThreadDelayCompleted               0x00000af9   Thumb Code     2  rtx_evr.o(i.EvrRtxThreadDelayCompleted)
    EvrRtxThreadFlagsWaitTimeout             0x00000afb   Thumb Code     2  rtx_evr.o(i.EvrRtxThreadFlagsWaitTimeout)
    EvrRtxThreadSwitch                       0x00000afd   Thumb Code     2  rtx_evr.o(i.EvrRtxThreadSwitch)
    EvrRtxThreadUnblocked                    0x00000aff   Thumb Code     2  rtx_evr.o(i.EvrRtxThreadUnblocked)
    PWM0A_Duty                               0x00000b4d   Thumb Code     8  robot_io.o(i.PWM0A_Duty)
    PWM0A_Init                               0x00000b59   Thumb Code   186  robot_io.o(i.PWM0A_Init)
    SystemInit                               0x00000c2d   Thumb Code   112  system_tm4c123.o(i.SystemInit)
    _mutex_acquire                           0x00000d59   Thumb Code    22  rtx_lib.o(i._mutex_acquire)
    _mutex_free                              0x00000d6f   Thumb Code    12  rtx_lib.o(i._mutex_free)
    _mutex_initialize                        0x00000d7b   Thumb Code    32  rtx_lib.o(i._mutex_initialize)
    _mutex_release                           0x00000d9b   Thumb Code    18  rtx_lib.o(i._mutex_release)
    _platform_post_stackheap_init            0x00000dad   Thumb Code     8  rtx_lib.o(i._platform_post_stackheap_init)
    delayMs                                  0x00000db5   Thumb Code    26  stdf.o(i.delayMs)
    main                                     0x00000ed1   Thumb Code   132  main.o(i.main)
    osKernelGetState                         0x00000f65   Thumb Code    62  rtx_kernel.o(i.osKernelGetState)
    osKernelInitialize                       0x00000fa9   Thumb Code    94  rtx_kernel.o(i.osKernelInitialize)
    osMessageQueuePut                        0x0000100d   Thumb Code    78  rtx_msgqueue.o(i.osMessageQueuePut)
    osMutexAcquire                           0x00001061   Thumb Code    64  rtx_mutex.o(i.osMutexAcquire)
    osMutexDelete                            0x000010a5   Thumb Code    58  rtx_mutex.o(i.osMutexDelete)
    osMutexNew                               0x000010e5   Thumb Code   102  rtx_mutex.o(i.osMutexNew)
    osMutexRelease                           0x00001151   Thumb Code    58  rtx_mutex.o(i.osMutexRelease)
    osRtxErrorNotify                         0x00001191   Thumb Code    32  rtx_config.o(i.osRtxErrorNotify)
    osRtxMemoryAlloc                         0x000011bd   Thumb Code   162  rtx_memory.o(i.osRtxMemoryAlloc)
    osRtxMemoryFree                          0x0000125f   Thumb Code   102  rtx_memory.o(i.osRtxMemoryFree)
    osRtxMemoryInit                          0x000012c5   Thumb Code    82  rtx_memory.o(i.osRtxMemoryInit)
    osRtxMemoryPoolAlloc                     0x00001317   Thumb Code    58  rtx_mempool.o(i.osRtxMemoryPoolAlloc)
    osRtxMemoryPoolFree                      0x00001351   Thumb Code    78  rtx_mempool.o(i.osRtxMemoryPoolFree)
    osRtxMemoryPoolInit                      0x0000139f   Thumb Code    80  rtx_mempool.o(i.osRtxMemoryPoolInit)
    osRtxPendSV_Handler                      0x000013f1   Thumb Code    96  rtx_system.o(i.osRtxPendSV_Handler)
    osRtxPostProcess                         0x00001455   Thumb Code    50  rtx_system.o(i.osRtxPostProcess)
    osRtxSysTimerAckIRQ                      0x00001491   Thumb Code    10  rtx_system.o(i.osRtxSysTimerAckIRQ)
    osRtxThreadBlock                         0x0000149d   Thumb Code    42  rtx_thread.o(i.osRtxThreadBlock)
    osRtxThreadDelayInsert                   0x000014cd   Thumb Code   100  rtx_thread.o(i.osRtxThreadDelayInsert)
    osRtxThreadDelayRemove                   0x00001535   Thumb Code   116  rtx_thread.o(i.osRtxThreadDelayRemove)
    osRtxThreadDelayTick                     0x000015ad   Thumb Code   216  rtx_thread.o(i.osRtxThreadDelayTick)
    osRtxThreadDispatch                      0x00001689   Thumb Code   102  rtx_thread.o(i.osRtxThreadDispatch)
    osRtxThreadListGet                       0x00001701   Thumb Code    24  rtx_thread.o(i.osRtxThreadListGet)
    osRtxThreadListPut                       0x00001719   Thumb Code    46  rtx_thread.o(i.osRtxThreadListPut)
    osRtxThreadListRemove                    0x00001747   Thumb Code    26  rtx_thread.o(i.osRtxThreadListRemove)
    osRtxThreadListRoot                      0x00001761   Thumb Code    14  rtx_thread.o(i.osRtxThreadListRoot)
    osRtxThreadListSort                      0x0000176f   Thumb Code    40  rtx_thread.o(i.osRtxThreadListSort)
    osRtxThreadReadyPut                      0x00001799   Thumb Code    18  rtx_thread.o(i.osRtxThreadReadyPut)
    osRtxThreadRegPtr                        0x000017b1   Thumb Code    24  rtx_thread.o(i.osRtxThreadRegPtr)
    osRtxThreadStackCheck                    0x000017c9   Thumb Code    38  rtx_thread.o(i.osRtxThreadStackCheck)
    osRtxThreadSwitch                        0x000017f5   Thumb Code    24  rtx_thread.o(i.osRtxThreadSwitch)
    osRtxThreadWaitEnter                     0x00001811   Thumb Code    84  rtx_thread.o(i.osRtxThreadWaitEnter)
    osRtxThreadWaitExit                      0x00001869   Thumb Code    54  rtx_thread.o(i.osRtxThreadWaitExit)
    osRtxTick_Handler                        0x000018a1   Thumb Code   148  rtx_system.o(i.osRtxTick_Handler)
    osRtxTimerTick                           0x00001939   Thumb Code    88  rtx_timer.o(i.osRtxTimerTick)
    svcRtxKernelGetState                     0x000019b9   Thumb Code    16  rtx_kernel.o(i.svcRtxKernelGetState)
    svcRtxKernelInitialize                   0x000019cd   Thumb Code   664  rtx_kernel.o(i.svcRtxKernelInitialize)
    svcRtxMessageQueuePut                    0x00001c71   Thumb Code   276  rtx_msgqueue.o(i.svcRtxMessageQueuePut)
    svcRtxMutexAcquire                       0x00001d89   Thumb Code   250  rtx_mutex.o(i.svcRtxMutexAcquire)
    svcRtxMutexDelete                        0x00001e89   Thumb Code   240  rtx_mutex.o(i.svcRtxMutexDelete)
    svcRtxMutexNew                           0x00001f7d   Thumb Code   172  rtx_mutex.o(i.svcRtxMutexNew)
    svcRtxMutexRelease                       0x0000202d   Thumb Code   272  rtx_mutex.o(i.svcRtxMutexRelease)
    _fp_init                                 0x00002141   Thumb Code    10  fpinit.o(x$fpl$fpinit)
    __fplib_config_fpu_vfp                   0x00002149   Thumb Code     0  fpinit.o(x$fpl$fpinit)
    __fplib_config_pureend_doubles           0x00002149   Thumb Code     0  fpinit.o(x$fpl$fpinit)
    irqRtxLib                                0x0000214c   Data           1  irq_cm4f.o(.constdata)
    osRtxUserSVC                             0x000021b0   Data           4  rtx_lib.o(.constdata)
    osRtxConfig                              0x000021c0   Data         104  rtx_lib.o(.rodata)
    Region$$Table$$Base                      0x00002228   Number         0  anon$$obj.o(Region$$Table)
    Region$$Table$$Limit                     0x00002248   Number         0  anon$$obj.o(Region$$Table)
    irqRtxLibRef                             0x200014d0   Data           4  rtx_lib.o(.data)
    osRtxInfo                                0x200014d8   Data         168  rtx_kernel.o(.data.os)
    __libspace_start                         0x20001580   Data          96  libspace.o(.bss)
    __temporary_stack_top$libspace           0x200015e0   Data           0  libspace.o(.bss)



==============================================================================

Memory Map of the image

  Image Entry point : 0x0000026d

  Load Region LR_IROM1 (Base: 0x00000000, Size: 0x000037c8, Max: 0x00040000, ABSOLUTE, COMPRESSED[0x00002280])

    Execution Region ER_IROM1 (Exec base: 0x00000000, Load base: 0x00000000, Size: 0x00002248, Max: 0x00040000, ABSOLUTE)

    Exec Addr    Load Addr    Size         Type   Attr      Idx    E Section Name        Object

    0x00000000   0x00000000   0x0000026c   Data   RO         3234    RESET               startup_tm4c123.o
    0x0000026c   0x0000026c   0x00000008   Code   RO         3292  * !!!main             c_w.l(__main.o)
    0x00000274   0x00000274   0x00000034   Code   RO         3476    !!!scatter          c_w.l(__scatter.o)
    0x000002a8   0x000002a8   0x0000003a   Code   RO         3474    !!dczerorl          c_w.l(__dczerorl.o)
    0x000002e2   0x000002e2   0x00000002   PAD
    0x000002e4   0x000002e4   0x0000001c   Code   RO         3478    !!handler_zi        c_w.l(__scatter_zi.o)
    0x00000300   0x00000300   0x00000002   Code   RO         3344    .ARM.Collect$$libinit$$00000000  c_w.l(libinit.o)
    0x00000302   0x00000302   0x00000004   Code   RO         3350    .ARM.Collect$$libinit$$00000001  c_w.l(libinit2.o)
    0x00000306   0x00000306   0x00000000   Code   RO         3353    .ARM.Collect$$libinit$$00000004  c_w.l(libinit2.o)
    0x00000306   0x00000306   0x00000000   Code   RO         3356    .ARM.Collect$$libinit$$0000000A  c_w.l(libinit2.o)
    0x00000306   0x00000306   0x00000000   Code   RO         3358    .ARM.Collect$$libinit$$0000000C  c_w.l(libinit2.o)
    0x00000306   0x00000306   0x00000000   Code   RO         3360    .ARM.Collect$$libinit$$0000000E  c_w.l(libinit2.o)
    0x00000306   0x00000306   0x00000000   Code   RO         3363    .ARM.Collect$$libinit$$00000011  c_w.l(libinit2.o)
    0x00000306   0x00000306   0x00000000   Code   RO         3365    .ARM.Collect$$libinit$$00000013  c_w.l(libinit2.o)
    0x00000306   0x00000306   0x00000000   Code   RO         3367    .ARM.Collect$$libinit$$00000015  c_w.l(libinit2.o)
    0x00000306   0x00000306   0x00000000   Code   RO         3369    .ARM.Collect$$libinit$$00000017  c_w.l(libinit2.o)
    0x00000306   0x00000306   0x00000000   Code   RO         3371    .ARM.Collect$$libinit$$00000019  c_w.l(libinit2.o)
    0x00000306   0x00000306   0x00000000   Code   RO         3373    .ARM.Collect$$libinit$$0000001B  c_w.l(libinit2.o)
    0x00000306   0x00000306   0x00000000   Code   RO         3375    .ARM.Collect$$libinit$$0000001D  c_w.l(libinit2.o)
    0x00000306   0x00000306   0x00000000   Code   RO         3377    .ARM.Collect$$libinit$$0000001F  c_w.l(libinit2.o)
    0x00000306   0x00000306   0x00000000   Code   RO         3379    .ARM.Collect$$libinit$$00000021  c_w.l(libinit2.o)
    0x00000306   0x00000306   0x00000000   Code   RO         3381    .ARM.Collect$$libinit$$00000023  c_w.l(libinit2.o)
    0x00000306   0x00000306   0x00000000   Code   RO         3383    .ARM.Collect$$libinit$$00000025  c_w.l(libinit2.o)
    0x00000306   0x00000306   0x00000000   Code   RO         3387    .ARM.Collect$$libinit$$0000002C  c_w.l(libinit2.o)
    0x00000306   0x00000306   0x00000000   Code   RO         3389    .ARM.Collect$$libinit$$0000002E  c_w.l(libinit2.o)
    0x00000306   0x00000306   0x00000000   Code   RO         3391    .ARM.Collect$$libinit$$00000030  c_w.l(libinit2.o)
    0x00000306   0x00000306   0x00000000   Code   RO         3393    .ARM.Collect$$libinit$$00000032  c_w.l(libinit2.o)
    0x00000306   0x00000306   0x00000002   Code   RO         3394    .ARM.Collect$$libinit$$00000033  c_w.l(libinit2.o)
    0x00000308   0x00000308   0x00000002   Code   RO         3414    .ARM.Collect$$libshutdown$$00000000  c_w.l(libshutdown.o)
    0x0000030a   0x0000030a   0x00000000   Code   RO         3427    .ARM.Collect$$libshutdown$$00000002  c_w.l(libshutdown2.o)
    0x0000030a   0x0000030a   0x00000000   Code   RO         3429    .ARM.Collect$$libshutdown$$00000004  c_w.l(libshutdown2.o)
    0x0000030a   0x0000030a   0x00000000   Code   RO         3432    .ARM.Collect$$libshutdown$$00000007  c_w.l(libshutdown2.o)
    0x0000030a   0x0000030a   0x00000000   Code   RO         3435    .ARM.Collect$$libshutdown$$0000000A  c_w.l(libshutdown2.o)
    0x0000030a   0x0000030a   0x00000000   Code   RO         3437    .ARM.Collect$$libshutdown$$0000000C  c_w.l(libshutdown2.o)
    0x0000030a   0x0000030a   0x00000000   Code   RO         3440    .ARM.Collect$$libshutdown$$0000000F  c_w.l(libshutdown2.o)
    0x0000030a   0x0000030a   0x00000002   Code   RO         3441    .ARM.Collect$$libshutdown$$00000010  c_w.l(libshutdown2.o)
    0x0000030c   0x0000030c   0x00000000   Code   RO         3314    .ARM.Collect$$rtentry$$00000000  c_w.l(__rtentry.o)
    0x0000030c   0x0000030c   0x00000000   Code   RO         3323    .ARM.Collect$$rtentry$$00000002  c_w.l(__rtentry2.o)
    0x0000030c   0x0000030c   0x00000006   Code   RO         3335    .ARM.Collect$$rtentry$$00000004  c_w.l(__rtentry4.o)
    0x00000312   0x00000312   0x00000008   Code   RO         3324    .ARM.Collect$$rtentry$$00000008  c_w.l(__rtentry2.o)
    0x0000031a   0x0000031a   0x00000004   Code   RO         3326    .ARM.Collect$$rtentry$$0000000A  c_w.l(__rtentry2.o)
    0x0000031e   0x0000031e   0x00000000   Code   RO         3328    .ARM.Collect$$rtentry$$0000000C  c_w.l(__rtentry2.o)
    0x0000031e   0x0000031e   0x00000008   Code   RO         3329    .ARM.Collect$$rtentry$$0000000D  c_w.l(__rtentry2.o)
    0x00000326   0x00000326   0x00000002   Code   RO         3348    .ARM.Collect$$rtexit$$00000000  c_w.l(rtexit.o)
    0x00000328   0x00000328   0x00000000   Code   RO         3396    .ARM.Collect$$rtexit$$00000002  c_w.l(rtexit2.o)
    0x00000328   0x00000328   0x00000004   Code   RO         3397    .ARM.Collect$$rtexit$$00000003  c_w.l(rtexit2.o)
    0x0000032c   0x0000032c   0x00000006   Code   RO         3398    .ARM.Collect$$rtexit$$00000004  c_w.l(rtexit2.o)
    0x00000332   0x00000332   0x00000002   PAD
    0x00000334   0x00000334   0x00000154   Code   RO         1927    .emb_text           rtx_mempool.o
    0x00000488   0x00000488   0x00000154   Code   RO         2101    .emb_text           rtx_msgqueue.o
    0x000005dc   0x000005dc   0x00000154   Code   RO         2532    .emb_text           rtx_system.o
    0x00000730   0x00000730   0x000000b8   Code   RO          316    .text               irq_cm4f.o
    0x000007e8   0x000007e8   0x00000114   Code   RO         3235    .text               startup_tm4c123.o
    0x000008fc   0x000008fc   0x0000008a   Code   RO         3282    .text               c_w.l(rt_memcpy_v6.o)
    0x00000986   0x00000986   0x00000064   Code   RO         3284    .text               c_w.l(rt_memcpy_w.o)
    0x000009ea   0x000009ea   0x0000004e   Code   RO         3288    .text               c_w.l(rt_memclr_w.o)
    0x00000a38   0x00000a38   0x00000006   Code   RO         3290    .text               c_w.l(heapauxi.o)
    0x00000a3e   0x00000a3e   0x0000004a   Code   RO         3337    .text               c_w.l(sys_stackheap_outer.o)
    0x00000a88   0x00000a88   0x00000012   Code   RO         3339    .text               c_w.l(exit.o)
    0x00000a9a   0x00000a9a   0x00000002   PAD
    0x00000a9c   0x00000a9c   0x00000008   Code   RO         3345    .text               c_w.l(libspace.o)
    0x00000aa4   0x00000aa4   0x0000000c   Code   RO         3406    .text               c_w.l(sys_exit.o)
    0x00000ab0   0x00000ab0   0x00000002   Code   RO         3417    .text               c_w.l(use_no_semi.o)
    0x00000ab2   0x00000ab2   0x00000000   Code   RO         3419    .text               c_w.l(indicate_semi.o)
    0x00000ab2   0x00000ab2   0x00000002   Code   RO          565    i.EvrRtxEventFlagsWaitTimeout  rtx_evr.o
    0x00000ab4   0x00000ab4   0x00000002   Code   RO          566    i.EvrRtxKernelError  rtx_evr.o
    0x00000ab6   0x00000ab6   0x00000002   Code   RO          568    i.EvrRtxKernelGetState  rtx_evr.o
    0x00000ab8   0x00000ab8   0x00000002   Code   RO          574    i.EvrRtxKernelInitialize  rtx_evr.o
    0x00000aba   0x00000aba   0x00000002   Code   RO          575    i.EvrRtxKernelInitializeCompleted  rtx_evr.o
    0x00000abc   0x00000abc   0x00000002   Code   RO          588    i.EvrRtxMemoryAlloc  rtx_evr.o
    0x00000abe   0x00000abe   0x00000002   Code   RO          589    i.EvrRtxMemoryBlockAlloc  rtx_evr.o
    0x00000ac0   0x00000ac0   0x00000002   Code   RO          590    i.EvrRtxMemoryBlockFree  rtx_evr.o
    0x00000ac2   0x00000ac2   0x00000002   Code   RO          591    i.EvrRtxMemoryBlockInit  rtx_evr.o
    0x00000ac4   0x00000ac4   0x00000002   Code   RO          592    i.EvrRtxMemoryFree  rtx_evr.o
    0x00000ac6   0x00000ac6   0x00000002   Code   RO          593    i.EvrRtxMemoryInit  rtx_evr.o
    0x00000ac8   0x00000ac8   0x00000002   Code   RO          597    i.EvrRtxMemoryPoolAllocTimeout  rtx_evr.o
    0x00000aca   0x00000aca   0x00000002   Code   RO          615    i.EvrRtxMessageQueueError  rtx_evr.o
    0x00000acc   0x00000acc   0x00000002   Code   RO          623    i.EvrRtxMessageQueueGetTimeout  rtx_evr.o
    0x00000ace   0x00000ace   0x00000002   Code   RO          624    i.EvrRtxMessageQueueInsertPending  rtx_evr.o
    0x00000ad0   0x00000ad0   0x00000002   Code   RO          625    i.EvrRtxMessageQueueInserted  rtx_evr.o
    0x00000ad2   0x00000ad2   0x00000002   Code   RO          627    i.EvrRtxMessageQueueNotInserted  rtx_evr.o
    0x00000ad4   0x00000ad4   0x00000002   Code   RO          629    i.EvrRtxMessageQueuePut  rtx_evr.o
    0x00000ad6   0x00000ad6   0x00000002   Code   RO          630    i.EvrRtxMessageQueuePutPending  rtx_evr.o
    0x00000ad8   0x00000ad8   0x00000002   Code   RO          631    i.EvrRtxMessageQueuePutTimeout  rtx_evr.o
    0x00000ada   0x00000ada   0x00000002   Code   RO          634    i.EvrRtxMessageQueueRetrieved  rtx_evr.o
    0x00000adc   0x00000adc   0x00000002   Code   RO          635    i.EvrRtxMutexAcquire  rtx_evr.o
    0x00000ade   0x00000ade   0x00000002   Code   RO          636    i.EvrRtxMutexAcquirePending  rtx_evr.o
    0x00000ae0   0x00000ae0   0x00000002   Code   RO          637    i.EvrRtxMutexAcquireTimeout  rtx_evr.o
    0x00000ae2   0x00000ae2   0x00000002   Code   RO          638    i.EvrRtxMutexAcquired  rtx_evr.o
    0x00000ae4   0x00000ae4   0x00000002   Code   RO          639    i.EvrRtxMutexCreated  rtx_evr.o
    0x00000ae6   0x00000ae6   0x00000002   Code   RO          640    i.EvrRtxMutexDelete  rtx_evr.o
    0x00000ae8   0x00000ae8   0x00000002   Code   RO          641    i.EvrRtxMutexDestroyed  rtx_evr.o
    0x00000aea   0x00000aea   0x00000002   Code   RO          642    i.EvrRtxMutexError  rtx_evr.o
    0x00000aec   0x00000aec   0x00000002   Code   RO          645    i.EvrRtxMutexNew    rtx_evr.o
    0x00000aee   0x00000aee   0x00000002   Code   RO          646    i.EvrRtxMutexNotAcquired  rtx_evr.o
    0x00000af0   0x00000af0   0x00000002   Code   RO          647    i.EvrRtxMutexRelease  rtx_evr.o
    0x00000af2   0x00000af2   0x00000002   Code   RO          648    i.EvrRtxMutexReleased  rtx_evr.o
    0x00000af4   0x00000af4   0x00000002   Code   RO          651    i.EvrRtxSemaphoreAcquireTimeout  rtx_evr.o
    0x00000af6   0x00000af6   0x00000002   Code   RO          663    i.EvrRtxThreadBlocked  rtx_evr.o
    0x00000af8   0x00000af8   0x00000002   Code   RO          666    i.EvrRtxThreadDelayCompleted  rtx_evr.o
    0x00000afa   0x00000afa   0x00000002   Code   RO          683    i.EvrRtxThreadFlagsWaitTimeout  rtx_evr.o
    0x00000afc   0x00000afc   0x00000002   Code   RO          700    i.EvrRtxThreadSwitch  rtx_evr.o
    0x00000afe   0x00000afe   0x00000002   Code   RO          702    i.EvrRtxThreadUnblocked  rtx_evr.o
    0x00000b00   0x00000b00   0x0000004c   Code   RO         2103    i.MessageQueuePut   rtx_msgqueue.o
    0x00000b4c   0x00000b4c   0x0000000c   Code   RO          113    i.PWM0A_Duty        robot_io.o
    0x00000b58   0x00000b58   0x000000d4   Code   RO          114    i.PWM0A_Init        robot_io.o
    0x00000c2c   0x00000c2c   0x00000098   Code   RO         3243    i.SystemInit        system_tm4c123.o
    0x00000cc4   0x00000cc4   0x00000040   Code   RO         3070    i.TimerInsert       rtx_timer.o
    0x00000d04   0x00000d04   0x00000018   Code   RO         3072    i.TimerUnlink       rtx_timer.o
    0x00000d1c   0x00000d1c   0x00000006   Code   RO         1578    i.__get_BASEPRI     rtx_kernel.o
    0x00000d22   0x00000d22   0x00000006   Code   RO         2105    i.__get_BASEPRI     rtx_msgqueue.o
    0x00000d28   0x00000d28   0x00000006   Code   RO         2293    i.__get_BASEPRI     rtx_mutex.o
    0x00000d2e   0x00000d2e   0x00000006   Code   RO         1579    i.__get_CONTROL     rtx_kernel.o
    0x00000d34   0x00000d34   0x00000006   Code   RO         1580    i.__get_IPSR        rtx_kernel.o
    0x00000d3a   0x00000d3a   0x00000006   Code   RO         2106    i.__get_IPSR        rtx_msgqueue.o
    0x00000d40   0x00000d40   0x00000006   Code   RO         2294    i.__get_IPSR        rtx_mutex.o
    0x00000d46   0x00000d46   0x00000006   Code   RO         1581    i.__get_PRIMASK     rtx_kernel.o
    0x00000d4c   0x00000d4c   0x00000006   Code   RO         2107    i.__get_PRIMASK     rtx_msgqueue.o
    0x00000d52   0x00000d52   0x00000006   Code   RO         2295    i.__get_PRIMASK     rtx_mutex.o
    0x00000d58   0x00000d58   0x00000016   Code   RO         1811    i._mutex_acquire    rtx_lib.o
    0x00000d6e   0x00000d6e   0x0000000c   Code   RO         1812    i._mutex_free       rtx_lib.o
    0x00000d7a   0x00000d7a   0x00000020   Code   RO         1813    i._mutex_initialize  rtx_lib.o
    0x00000d9a   0x00000d9a   0x00000012   Code   RO         1814    i._mutex_release    rtx_lib.o
    0x00000dac   0x00000dac   0x00000008   Code   RO         1815    i._platform_post_stackheap_init  rtx_lib.o
    0x00000db4   0x00000db4   0x0000001a   Code   RO           63    i.delayMs           stdf.o
    0x00000dce   0x00000dce   0x00000096   Code   RO         2109    i.isrRtxMessageQueuePut  rtx_msgqueue.o
    0x00000e64   0x00000e64   0x00000030   Code   RO         2535    i.isr_queue_get     rtx_system.o
    0x00000e94   0x00000e94   0x0000003c   Code   RO         2536    i.isr_queue_put     rtx_system.o
    0x00000ed0   0x00000ed0   0x00000094   Code   RO            4    i.main              main.o
    0x00000f64   0x00000f64   0x00000044   Code   RO         1583    i.osKernelGetState  rtx_kernel.o
    0x00000fa8   0x00000fa8   0x00000064   Code   RO         1588    i.osKernelInitialize  rtx_kernel.o
    0x0000100c   0x0000100c   0x00000054   Code   RO         2118    i.osMessageQueuePut  rtx_msgqueue.o
    0x00001060   0x00001060   0x00000044   Code   RO         2296    i.osMutexAcquire    rtx_mutex.o
    0x000010a4   0x000010a4   0x00000040   Code   RO         2297    i.osMutexDelete     rtx_mutex.o
    0x000010e4   0x000010e4   0x0000006c   Code   RO         2300    i.osMutexNew        rtx_mutex.o
    0x00001150   0x00001150   0x00000040   Code   RO         2301    i.osMutexRelease    rtx_mutex.o
    0x00001190   0x00001190   0x00000020   Code   RO         3205    i.osRtxErrorNotify  rtx_config.o
    0x000011b0   0x000011b0   0x0000000c   Code   RO         2641    i.osRtxKernelGetState  rtx_thread.o
    0x000011bc   0x000011bc   0x000000a2   Code   RO         1888    i.osRtxMemoryAlloc  rtx_memory.o
    0x0000125e   0x0000125e   0x00000066   Code   RO         1889    i.osRtxMemoryFree   rtx_memory.o
    0x000012c4   0x000012c4   0x00000052   Code   RO         1890    i.osRtxMemoryInit   rtx_memory.o
    0x00001316   0x00001316   0x0000003a   Code   RO         1941    i.osRtxMemoryPoolAlloc  rtx_mempool.o
    0x00001350   0x00001350   0x0000004e   Code   RO         1942    i.osRtxMemoryPoolFree  rtx_mempool.o
    0x0000139e   0x0000139e   0x00000050   Code   RO         1943    i.osRtxMemoryPoolInit  rtx_mempool.o
    0x000013ee   0x000013ee   0x00000002   PAD
    0x000013f0   0x000013f0   0x00000064   Code   RO         2537    i.osRtxPendSV_Handler  rtx_system.o
    0x00001454   0x00001454   0x0000003c   Code   RO         2538    i.osRtxPostProcess  rtx_system.o
    0x00001490   0x00001490   0x0000000a   Code   RO         2539    i.osRtxSysTimerAckIRQ  rtx_system.o
    0x0000149a   0x0000149a   0x00000002   PAD
    0x0000149c   0x0000149c   0x00000030   Code   RO         2642    i.osRtxThreadBlock  rtx_thread.o
    0x000014cc   0x000014cc   0x00000068   Code   RO         2643    i.osRtxThreadDelayInsert  rtx_thread.o
    0x00001534   0x00001534   0x00000078   Code   RO         2644    i.osRtxThreadDelayRemove  rtx_thread.o
    0x000015ac   0x000015ac   0x000000dc   Code   RO         2645    i.osRtxThreadDelayTick  rtx_thread.o
    0x00001688   0x00001688   0x0000006c   Code   RO         2646    i.osRtxThreadDispatch  rtx_thread.o
    0x000016f4   0x000016f4   0x0000000c   Code   RO         2648    i.osRtxThreadGetRunning  rtx_thread.o
    0x00001700   0x00001700   0x00000018   Code   RO         2649    i.osRtxThreadListGet  rtx_thread.o
    0x00001718   0x00001718   0x0000002e   Code   RO         2650    i.osRtxThreadListPut  rtx_thread.o
    0x00001746   0x00001746   0x0000001a   Code   RO         2651    i.osRtxThreadListRemove  rtx_thread.o
    0x00001760   0x00001760   0x0000000e   Code   RO         2652    i.osRtxThreadListRoot  rtx_thread.o
    0x0000176e   0x0000176e   0x00000028   Code   RO         2653    i.osRtxThreadListSort  rtx_thread.o
    0x00001796   0x00001796   0x00000002   PAD
    0x00001798   0x00001798   0x00000018   Code   RO         2656    i.osRtxThreadReadyPut  rtx_thread.o
    0x000017b0   0x000017b0   0x00000018   Code   RO         2657    i.osRtxThreadRegPtr  rtx_thread.o
    0x000017c8   0x000017c8   0x0000002c   Code   RO         2659    i.osRtxThreadStackCheck  rtx_thread.o
    0x000017f4   0x000017f4   0x0000001c   Code   RO         2660    i.osRtxThreadSwitch  rtx_thread.o
    0x00001810   0x00001810   0x00000058   Code   RO         2661    i.osRtxThreadWaitEnter  rtx_thread.o
    0x00001868   0x00001868   0x00000036   Code   RO         2662    i.osRtxThreadWaitExit  rtx_thread.o
    0x0000189e   0x0000189e   0x00000002   PAD
    0x000018a0   0x000018a0   0x00000098   Code   RO         2545    i.osRtxTick_Handler  rtx_system.o
    0x00001938   0x00001938   0x0000005c   Code   RO         3077    i.osRtxTimerTick    rtx_timer.o
    0x00001994   0x00001994   0x00000024   Code   RO         1816    i.os_kernel_is_active  rtx_lib.o
    0x000019b8   0x000019b8   0x00000014   Code   RO         1596    i.svcRtxKernelGetState  rtx_kernel.o
    0x000019cc   0x000019cc   0x000002a4   Code   RO         1601    i.svcRtxKernelInitialize  rtx_kernel.o
    0x00001c70   0x00001c70   0x00000118   Code   RO         2129    i.svcRtxMessageQueuePut  rtx_msgqueue.o
    0x00001d88   0x00001d88   0x00000100   Code   RO         2303    i.svcRtxMutexAcquire  rtx_mutex.o
    0x00001e88   0x00001e88   0x000000f4   Code   RO         2304    i.svcRtxMutexDelete  rtx_mutex.o
    0x00001f7c   0x00001f7c   0x000000b0   Code   RO         2307    i.svcRtxMutexNew    rtx_mutex.o
    0x0000202c   0x0000202c   0x00000114   Code   RO         2308    i.svcRtxMutexRelease  rtx_mutex.o
    0x00002140   0x00002140   0x0000000a   Code   RO         3404    x$fpl$fpinit        fz_wm.l(fpinit.o)
    0x0000214a   0x0000214a   0x00000002   PAD
    0x0000214c   0x0000214c   0x00000001   Data   RO          315    .constdata          irq_cm4f.o
    0x0000214d   0x0000214d   0x00000003   PAD
    0x00002150   0x00002150   0x00000064   Data   RO         1822    .constdata          rtx_lib.o
    0x000021b4   0x000021b4   0x0000000b   Data   RO         1608    .conststrlit        rtx_kernel.o
    0x000021bf   0x000021bf   0x00000001   PAD
    0x000021c0   0x000021c0   0x00000068   Data   RO         1824    .rodata             rtx_lib.o
    0x00002228   0x00002228   0x00000020   Data   RO         3472    Region$$Table       anon$$obj.o


    Execution Region RW_IRAM1 (Exec base: 0x20000000, Load base: 0x00002248, Size: 0x000017e0, Max: 0x00008000, ABSOLUTE, COMPRESSED[0x00000038])

    Exec Addr    Load Addr    Size         Type   Attr      Idx    E Section Name        Object

    0x20000000   COMPRESSED   0x00001230   Data   RW         1817    .bss.os             rtx_lib.o
    0x20001230   COMPRESSED   0x00000034   Data   RW         1818    .bss.os.msgqueue.cb  rtx_lib.o
    0x20001264   COMPRESSED   0x00000050   Data   RW         1819    .bss.os.msgqueue.mem  rtx_lib.o
    0x200012b4   COMPRESSED   0x00000088   Data   RW         1820    .bss.os.thread.cb   rtx_lib.o
    0x2000133c   COMPRESSED   0x00000004   PAD
    0x20001340   COMPRESSED   0x00000190   Data   RW         1821    .bss.os.thread.stack  rtx_lib.o
    0x200014d0   COMPRESSED   0x00000005   Data   RW         1823    .data               rtx_lib.o
    0x200014d5   COMPRESSED   0x00000003   PAD
    0x200014d8   COMPRESSED   0x000000a8   Data   RW         1610    .data.os            rtx_kernel.o
    0x20001580        -       0x00000060   Zero   RW         3346    .bss                c_w.l(libspace.o)
    0x200015e0        -       0x00000000   Zero   RW         3233    HEAP                startup_tm4c123.o
    0x200015e0        -       0x00000200   Zero   RW         3232    STACK               startup_tm4c123.o


==============================================================================

Image component sizes


      Code (inc. data)   RO Data    RW Data    ZI Data      Debug   Object Name

       184         12          1          0          0        624   irq_cm4f.o
       148         16          0          0          0       5255   main.o
       224         30          0          0          0       1038   robot_io.o
        32          6          0          0          0        587   rtx_config.o
         0          0          0          0          0      10760   rtx_delay.o
         0          0          0          0          0       5844   rtx_evflags.o
        78          0          0          0          0      33680   rtx_evr.o
       888         28         11        168          0      22167   rtx_kernel.o
       128          4        204       5329          0      11624   rtx_lib.o
       346          0          0          0          0       3251   rtx_memory.o
       556          0          0          0          0       4003   rtx_mempool.o
       948         10          0          0          0      13044   rtx_msgqueue.o
      1274         40          0          0          0       9450   rtx_mutex.o
       770         34          0          0          0      11103   rtx_system.o
      1036         56          0          0          0      14823   rtx_thread.o
       180         16          0          0          0       1893   rtx_timer.o
       276         24        620          0        512       5452   startup_tm4c123.o
        26          0          0          0          0        494   stdf.o
       152         40          0          0          0        597   system_tm4c123.o

    ----------------------------------------------------------------------
      7254        316        872       5504        512     155689   Object Totals
         0          0         32          0          0          0   (incl. Generated)
         8          0          4          7          0          0   (incl. Padding)

    ----------------------------------------------------------------------

      Code (inc. data)   RO Data    RW Data    ZI Data      Debug   Library Member Name

        58          0          0          0          0          0   __dczerorl.o
         8          0          0          0          0         68   __main.o
         0          0          0          0          0          0   __rtentry.o
        20          0          0          0          0          0   __rtentry2.o
         6          0          0          0          0          0   __rtentry4.o
        52          8          0          0          0          0   __scatter.o
        28          0          0          0          0          0   __scatter_zi.o
        18          0          0          0          0         80   exit.o
         6          0          0          0          0        152   heapauxi.o
         0          0          0          0          0          0   indicate_semi.o
         2          0          0          0          0          0   libinit.o
         6          0          0          0          0          0   libinit2.o
         2          0          0          0          0          0   libshutdown.o
         2          0          0          0          0          0   libshutdown2.o
         8          4          0          0         96         68   libspace.o
        78          0          0          0          0         80   rt_memclr_w.o
       138          0          0          0          0         68   rt_memcpy_v6.o
       100          0          0          0          0         80   rt_memcpy_w.o
         2          0          0          0          0          0   rtexit.o
        10          0          0          0          0          0   rtexit2.o
        12          4          0          0          0         68   sys_exit.o
        74          0          0          0          0         80   sys_stackheap_outer.o
         2          0          0          0          0         68   use_no_semi.o
        10          0          0          0          0        116   fpinit.o

    ----------------------------------------------------------------------
       650         16          0          0         96        928   Library Totals
         8          0          0          0          0          0   (incl. Padding)

    ----------------------------------------------------------------------

      Code (inc. data)   RO Data    RW Data    ZI Data      Debug   Library Name

       632         16          0          0         96        812   c_w.l
        10          0          0          0          0        116   fz_wm.l

    ----------------------------------------------------------------------
       650         16          0          0         96        928   Library Totals

    ----------------------------------------------------------------------

==============================================================================


      Code (inc. data)   RO Data    RW Data    ZI Data      Debug   

      7904        332        872       5504        608     145305   Grand Totals
      7904        332        872         56        608     145305   ELF Image Totals (compressed)
      7904        332        872         56          0          0   ROM Totals

==============================================================================

    Total RO  Size (Code + RO Data)                 8776 (   8.57kB)
    Total RW  Size (RW Data + ZI Data)              6112 (   5.97kB)
    Total ROM Size (Code + RO Data + RW Data)       8832 (   8.63kB)

==============================================================================

