******************************************************************************
                  TI ARM Linker PC v18.1.0                     
******************************************************************************
>> Linked Sat Apr 14 20:14:22 2018

OUTPUT FILE NAME:   <Project_robot_arm.out>
ENTRY POINT SYMBOL: "_c_int00"  address: 00005a49


MEMORY CONFIGURATION

         name            origin    length      used     unused   attr    fill
----------------------  --------  ---------  --------  --------  ----  --------
  FLASH                 00000000   00040000  00009c72  0003638e  R  X
  SRAM                  20000000   00008000  00001b66  0000649a  RW X


SEGMENT ALLOCATION MAP

run origin  load origin   length   init length attrs members
----------  ----------- ---------- ----------- ----- -------
00000000    00000000    00009c78   00009c78    r-x
  00000000    00000000    0000003c   0000003c    r-- .resetVecs
  00000040    00000040    00007a0a   00007a0a    r-x .text
  00007a4c    00007a4c    00002014   00002014    r-- .const
  00009a60    00009a60    00000218   00000218    r-- .cinit
20000000    20000000    00001b68   00000000    rw-
  20000000    20000000    00000360   00000000    rw- .vecs
  20000360    20000360    000010d8   00000000    rw- .bss
  20001438    20001438    0000042e   00000000    rw- .data
  20001868    20001868    00000300   00000000    rw- .stack


SECTION ALLOCATION MAP

 output                                  attributes/
section   page    origin      length       input sections
--------  ----  ----------  ----------   ----------------
.text      0    00000040    00007a0a     
                  00000040    000006a0     empty.obj (.text:loop)
                  000006e0    00000430     sysbios.aem4f : BIOS.obj (.text:ti_sysbios_family_arm_m3_Hwi_excDumpRegs__I)
                  00000b10    0000034c     ti.targets.arm.rtsarm.aem4f : System.oem4f (.text:xdc_runtime_System_doPrint__I)
                  00000e5c    00000004     driverlib.lib : uart.obj (.text:UARTIntClear)
                  00000e60    000002d0     sysbios.aem4f : BIOS.obj (.text:ti_sysbios_knl_Semaphore_pend__E)
                  00001130    0000026c                   : BIOS.obj (.text:ti_sysbios_heaps_HeapMem_free__E)
                  0000139c    00000004     rtsv7M4_T_le_v4SPD16_eabi.lib : exit.c.obj (.text:abort:abort)
                  000013a0    00000250     sysbios.aem4f : BIOS.obj (.text:ti_sysbios_heaps_HeapMem_alloc__E)
                  000015f0    00000234                   : BIOS.obj (.text:ti_sysbios_knl_Task_Instance_finalize__E)
                  00001824    00000220     pwmControl.obj (.text:pwm_servo_init)
                  00001a44    0000020c     drivers_tivaware.aem4f : UARTTiva.oem4f (.text:UARTTiva_open)
                  00001c50    000001fc     sysbios.aem4f : BIOS.obj (.text:ti_sysbios_family_arm_m3_Hwi_excHandlerMax__I)
                  00001e4c    00000004     empty_pem4f.oem4f (.text:ti_sysbios_BIOS_RtsGateProxy_enter__E)
                  00001e50    000001f0     sysbios.aem4f : BIOS.obj (.text:ti_sysbios_knl_Task_sleep__E)
                  00002040    000001c0                   : BIOS.obj (.text:ti_sysbios_knl_Task_Instance_init__E)
                  00002200    000001b6     rtsv7M4_T_le_v4SPD16_eabi.lib : fd_add_t2.asm.obj (.text)
                  000023b6    00000002                                   : _lock.c.obj (.text:_nop)
                  000023b8    000001ac     pwmControl.obj (.text:moveServo)
                  00002564    00000004     empty_pem4f.oem4f (.text:ti_sysbios_BIOS_RtsGateProxy_leave__E)
                  00002568    00000174     sysbios.aem4f : BIOS.obj (.text:ti_sysbios_family_arm_m3_Hwi_excBusFault__I)
                  000026dc    00000004                   : BIOS.obj (.text:ti_sysbios_family_arm_lm4_Timer_masterEnable__I)
                  000026e0    00000164                   : BIOS.obj (.text:ti_sysbios_family_arm_m3_Hwi_excUsageFault__I)
                  00002844    00000150     drivers_tivaware.aem4f : GPIOTiva.oem4f (.text:GPIO_setConfig)
                  00002994    00000004     empty_pem4f.oem4f (.text:ti_sysbios_family_arm_m3_Hwi_destruct)
                  00002998    00000148     sysbios.aem4f : BIOS.obj (.text:ti_sysbios_family_arm_m3_Hwi_excMemFault__I)
                  00002ae0    00000140     empty.obj (.text:main)
                  00002c20    0000013c     pwmControl.obj (.text:slowMoveServo)
                  00002d5c    00000004     empty_pem4f.oem4f (.text:ti_sysbios_family_arm_m3_TaskSupport_Module__startupDone__S)
                  00002d60    0000013c     sysbios.aem4f : BIOS.obj (.text:ti_sysbios_heaps_HeapMem_Instance_init__E)
                  00002e9c    00000136     rtsv7M4_T_le_v4SPD16_eabi.lib : fd_div_t2.asm.obj (.text)
                  00002fd2    00000006     driverlib.lib : gpio.obj (.text:GPIOIntClear)
                  00002fd8    00000134     sysbios.aem4f : BIOS.obj (.text:ti_sysbios_family_arm_lm4_Timer_start__E)
                  0000310c    00000130     driverlib.lib : gpio.obj (.text:GPIOPadConfigSet)
                  0000323c    00000004     empty_pem4f.oem4f (.text:ti_sysbios_heaps_HeapMem_Module_GateProxy_enter__E)
                  00003240    0000011c     sysbios.aem4f : BIOS.obj (.text:ti_sysbios_knl_Clock_Instance_init__E)
                  0000335c    00000118     ti.targets.arm.rtsarm.aem4f : Error.oem4f (.text:xdc_runtime_Error_policyDefault__E)
                  00003474    00000100     Boot.aem4f : Boot_sysctl.oem4f (.text:ti_catalog_arm_cortexm4_tiva_ce_Boot_sysCtlClockSetI__I)
                  00003574    00000100     ti.targets.arm.rtsarm.aem4f : Core-mem.oem4f (.text:xdc_runtime_Core_createObject__I)
                  00003674    000000fc     rtsv7M4_T_le_v4SPD16_eabi.lib : fd_mul_t2.asm.obj (.text)
                  00003770    000000f8     ti.targets.arm.rtsarm.aem4f : Startup.oem4f (.text:xdc_runtime_Startup_startMods__I)
                  00003868    000000f8     empty_pem4f.oem4f (.text:xdc_runtime_System_printfExtend__I)
                  00003960    000000f4     sysbios.aem4f : m3_Hwi_asm.obj (.text:ti_sysbios_family_arm_m3_Hwi_dispatch__I)
                  00003a54    000000f0     driverlib.lib : sysctl.obj (.text:SysCtlClockSet)
                  00003b44    00000004     empty_pem4f.oem4f (.text:ti_sysbios_heaps_HeapMem_Module_GateProxy_leave__E)
                  00003b48    000000ec     sysbios.aem4f : BIOS.obj (.text:ti_sysbios_knl_Semaphore_post__E)
                  00003c34    000000cc     ti.targets.arm.rtsarm.aem4f : Core-smem.oem4f (.text:xdc_runtime_Core_constructObject__I)
                  00003d00    000000c0     pwmControl.obj (.text:moveHomePos)
                  00003dc0    000000bc     pwmControl.obj (.text:mapRad2PWM)
                  00003e7c    00000004     empty_pem4f.oem4f (.text:ti_sysbios_knl_Clock_TimerProxy_getMaxTicks__E)
                  00003e80    000000bc     sysbios.aem4f : BIOS.obj (.text:ti_sysbios_family_arm_m3_Hwi_excDebugMon__I)
                  00003f3c    00000004     empty_pem4f.oem4f (.text:ti_sysbios_knl_Clock_destruct)
                  00003f40    000000bc     sysbios.aem4f : BIOS.obj (.text:ti_sysbios_family_arm_m3_Hwi_excHardFault__I)
                  00003ffc    00000004     empty_pem4f.oem4f (.text:ti_sysbios_knl_Queue_destruct)
                  00004000    000000b4     sysbios.aem4f : BIOS.obj (.text:ti_sysbios_gates_GateMutex_enter__E)
                  000040b4    00000004     empty_pem4f.oem4f (.text:ti_sysbios_knl_Semaphore_destruct)
                  000040b8    000000b4     sysbios.aem4f : BIOS.obj (.text:ti_sysbios_knl_Task_checkStacks__E)
                  0000416c    000000ac     drivers_tivaware.aem4f : UARTTiva.oem4f (.text:readTaskBlocking)
                  00004218    000000ac     sysbios.aem4f : BIOS.obj (.text:ti_sysbios_family_arm_lm4_Timer_enableTiva__I)
                  000042c4    00000004     ti.targets.arm.rtsarm.aem4f : Error.oem4f (.text:xdc_runtime_Error_getSite__E)
                  000042c8    000000a8     sysbios.aem4f : BIOS.obj (.text:ti_sysbios_family_arm_lm4_Timer_enableTimers__I)
                  00004370    000000a8                   : BIOS.obj (.text:ti_sysbios_knl_Task_postInit__I)
                  00004418    000000a4                   : BIOS.obj (.text:ti_sysbios_knl_Clock_Instance_finalize__E)
                  000044bc    000000a0     auto_init.aem4f : auto_init.oem4f (.text)
                  0000455c    000000a0     ti.targets.arm.rtsarm.aem4f : Text.oem4f (.text:xdc_runtime_Text_putMod__E)
                  000045fc    0000009c     rtsv7M4_T_le_v4SPD16_eabi.lib : memcpy_t2.asm.obj (.text)
                  00004698    0000009c     sysbios.aem4f : BIOS.obj (.text:ti_sysbios_knl_Semaphore_Instance_init__E)
                  00004734    0000009a     ti.targets.arm.rtsarm.aem4f : Text.oem4f (.text:xdc_runtime_Text_putSite__E)
                  000047ce    00000098     drivers_tivaware.aem4f : UARTTiva.oem4f (.text:UARTTiva_readPolling)
                  00004866    00000002     rtsv7M4_T_le_v4SPD16_eabi.lib : div0.asm.obj (.text)
                  00004868    00000098     Boot.aem4f : Boot.oem4f (.text:ti_catalog_arm_cortexm4_tiva_ce_Boot_sysCtlClockSet__E)
                  00004900    00000094     drivers_tivaware.aem4f : UARTTiva.oem4f (.text:UARTTiva_write)
                  00004994    00000004     empty_pem4f.oem4f (.text:xdc_runtime_System_Module_GateProxy_enter__E)
                  00004998    00000094     sysbios.aem4f : BIOS.obj (.text:ti_sysbios_family_arm_m3_Hwi_Instance_init__E)
                  00004a2c    00000004     empty_pem4f.oem4f (.text:xdc_runtime_System_Module_GateProxy_leave__E)
                  00004a30    00000094     sysbios.aem4f : BIOS.obj (.text:ti_sysbios_family_arm_m3_Hwi_initNVIC__E)
                  00004ac4    0000008c     drivers_tivaware.aem4f : GPIOTiva.oem4f (.text:GPIO_init)
                  00004b50    0000008c                            : UARTTiva.oem4f (.text:UARTTiva_control)
                  00004bdc    0000008c     sysbios.aem4f : m3_TaskSupport_asm.obj (.text:ti_sysbios_family_arm_m3_TaskSupport_buildTaskStack)
                  00004c68    0000008a     drivers_tivaware.aem4f : UARTTiva.oem4f (.text:readIsrTextBlocking)
                  00004cf2    00000002     empty_pem4f.oem4f (.text:ti_sysbios_BIOS_nullFunc__I)
                  00004cf4    00000088     pwmControl.obj (.text:moveClaw)
                  00004d7c    00000086     rtsv7M4_T_le_v4SPD16_eabi.lib : fd_cmp_t2.asm.obj (.text:__aeabi_cdcmple)
                  00004e02    00000086                                   : fd_cmp_t2.asm.obj (.text:__aeabi_cdrcmple)
                  00004e88    00000084     pwmControl.obj (.text:setPWMwidth)
                  00004f0c    00000004     ti.targets.arm.rtsarm.aem4f : System.oem4f (.text:xdc_runtime_System_aprintf_va__F)
                  00004f10    00000084     sysbios.aem4f : BIOS.obj (.text:ti_sysbios_family_arm_m3_Hwi_postInit__I)
                  00004f94    00000082     drivers_tivaware.aem4f : UARTTiva.oem4f (.text:readIsrTextCallback)
                  00005016    0000007a                            : UARTTiva.oem4f (.text:readTaskCallback)
                  00005090    0000007a     rtsv7M4_T_le_v4SPD16_eabi.lib : memset_t2.asm.obj (.text)
                  0000510a    00000006     driverlib.lib : gpio.obj (.text:GPIOPinWrite)
                  00005110    00000074     sysbios.aem4f : BIOS.obj (.text:ti_sysbios_knl_Clock_start__E)
                  00005184    00000004     ti.targets.arm.rtsarm.aem4f : System.oem4f (.text:xdc_runtime_System_printf_va__F)
                  00005188    00000070     sysbios.aem4f : BIOS.obj (.text:ti_sysbios_knl_Clock_workFunc__E)
                  000051f8    00000070                   : BIOS.obj (.text:ti_sysbios_knl_Task_exit__E)
                  00005268    0000006d     ti.targets.arm.rtsarm.aem4f : System.oem4f (.text:xdc_runtime_System_formatNum__I)
                  000052d5    00000001     --HOLE-- [fill = 0]
                  000052d6    00000002     empty_pem4f.oem4f (.text:xdc_runtime_Startup_reset__I)
                  000052d8    0000006c     sysbios.aem4f : BIOS.obj (.text:ti_sysbios_knl_Swi_restoreHwi__E)
                  00005344    0000006c     drivers_tivaware.aem4f : UARTTiva.oem4f (.text:writeData)
                  000053b0    0000006c     ti.targets.arm.rtsarm.aem4f : Error.oem4f (.text:xdc_runtime_Error_print__E)
                  0000541c    0000006c                                 : Memory.oem4f (.text:xdc_runtime_Memory_alloc__E)
                  00005488    00000068     rtsv7M4_T_le_v4SPD16_eabi.lib : copy_decompress_lzss.c.obj (.text:decompress:lzss:__TI_decompress_lzss)
                  000054f0    00000066     ti.targets.arm.rtsarm.aem4f : Core-mem.oem4f (.text:xdc_runtime_Core_deleteObject__I)
                  00005556    00000002     --HOLE-- [fill = 0]
                  00005558    00000064     drivers_tivaware.aem4f : GPIOTiva.oem4f (.text:GPIO_hwiIntFxn)
                  000055bc    00000004     --HOLE-- [fill = 0]
                  000055c0    00000064     sysbios.aem4f : BIOS.obj (.text:ti_sysbios_family_arm_lm4_Timer_Module_startup__E)
                  00005624    00000064     empty_pem4f.oem4f (.text:ti_sysbios_family_arm_m3_Hwi_create)
                  00005688    00000064     sysbios.aem4f : BIOS.obj (.text:ti_sysbios_family_arm_m3_Hwi_dispatchC__I)
                  000056ec    00000004     --HOLE-- [fill = 0]
                  000056f0    00000060                   : BIOS.obj (.text:ti_sysbios_family_arm_lm4_Timer_isrStub__E)
                  00005750    00000060                   : BIOS.obj (.text:ti_sysbios_knl_Task_schedule__I)
                  000057b0    0000005e     drivers_tivaware.aem4f : UARTTiva.oem4f (.text:readIsrBinaryBlocking)
                  0000580e    00000002     --HOLE-- [fill = 0]
                  00005810    0000005c     empty.obj (.text:ledFxn)
                  0000586c    00000004     --HOLE-- [fill = 0]
                  00005870    0000005c     sysbios.aem4f : BIOS.obj (.text:ti_sysbios_knl_Swi_run__I)
                  000058cc    00000004     --HOLE-- [fill = 0]
                  000058d0    0000005c                   : BIOS.obj (.text:ti_sysbios_knl_Swi_schedule__I)
                  0000592c    00000004     --HOLE-- [fill = 0]
                  00005930    0000005c                   : BIOS.obj (.text:ti_sysbios_knl_Task_Module_startup__E)
                  0000598c    00000004     --HOLE-- [fill = 0]
                  00005990    0000005c                   : BIOS.obj (.text:ti_sysbios_knl_Task_startCore__E)
                  000059ec    0000005b     ti.targets.arm.rtsarm.aem4f : Text.oem4f (.text:xdc_runtime_Text_putLab__E)
                  00005a47    00000001     --HOLE-- [fill = 0]
                  00005a48    00000058     boot.aem4f : boot.oem4f (.text)
                  00005aa0    00000058     rtsv7M4_T_le_v4SPD16_eabi.lib : hostwrite.c.obj (.text:HOSTwrite)
                  00005af8    00000058     empty_pem4f.oem4f (.text:ti_sysbios_family_arm_m3_Hwi_construct)
                  00005b50    00000058     sysbios.aem4f : m3_Hwi_asm_switch.obj (.text:ti_sysbios_family_arm_m3_Hwi_initStacks__E)
                  00005ba8    00000056     driverlib.lib : gpio.obj (.text:GPIOIntTypeSet)
                  00005bfe    00000054     drivers_tivaware.aem4f : UARTTiva.oem4f (.text:readIsrBinaryCallback)
                  00005c52    00000002     --HOLE-- [fill = 0]
                  00005c54    00000054     empty_pem4f.oem4f (.text:ti_sysbios_knl_Task_construct)
                  00005ca8    00000054     ti.targets.arm.rtsarm.aem4f : Assert.oem4f (.text:xdc_runtime_Assert_raise__I)
                  00005cfc    00000050     drivers_tivaware.aem4f : GPIOTiva.oem4f (.text:GPIO_setCallback)
                  00005d4c    00000050                            : GPIOTiva.oem4f (.text:GPIO_write)
                  00005d9c    00000050                            : UARTTiva.oem4f (.text:UARTTiva_writeCancel)
                  00005dec    00000004     --HOLE-- [fill = 0]
                  00005df0    00000050     sysbios.aem4f : BIOS.obj (.text:ti_sysbios_family_arm_m3_Hwi_Module_startup__E)
                  00005e40    00000050     ti.targets.arm.rtsarm.aem4f : Startup.oem4f (.text:xdc_runtime_Startup_exec__E)
                  00005e90    00000050                                 : Text.oem4f (.text:xdc_runtime_Text_visitRope2__I)
                  00005ee0    0000004c     drivers_tivaware.aem4f : UARTTiva.oem4f (.text:UARTTiva_close)
                  00005f2c    0000004c     rtsv7M4_T_le_v4SPD16_eabi.lib : cpy_tbl.c.obj (.text:copy_in)
                  00005f78    0000004c     sysbios.aem4f : BIOS.obj (.text:ti_sysbios_heaps_HeapMem_getStats__E)
                  00005fc4    00000004     --HOLE-- [fill = 0]
                  00005fc8    0000004c                   : BIOS.obj (.text:ti_sysbios_knl_Swi_runLoop__I)
                  00006014    00000004     --HOLE-- [fill = 0]
                  00006018    0000004c                   : BIOS.obj (.text:ti_sysbios_knl_Task_allBlockedFunction__I)
                  00006064    00000048     driverlib.lib : gpio.obj (.text:GPIOPinConfigure)
                  000060ac    00000048     rtsv7M4_T_le_v4SPD16_eabi.lib : fd_toi_t2.asm.obj (.text)
                  000060f4    00000004     --HOLE-- [fill = 0]
                  000060f8    00000048     sysbios.aem4f : BIOS.obj (.text:ti_sysbios_family_arm_m3_Hwi_disableInterrupt__E)
                  00006140    00000048                   : BIOS.obj (.text:ti_sysbios_family_arm_m3_Hwi_enableInterrupt__E)
                  00006188    00000048                   : BIOS.obj (.text:ti_sysbios_family_arm_m3_Hwi_excReserved__I)
                  000061d0    00000046     drivers_tivaware.aem4f : RingBuf.oem4f (.text:RingBuf_put)
                  00006216    00000046     ti.targets.arm.rtsarm.aem4f : Core-params.oem4f (.text:xdc_runtime_Core_assignParams__I)
                  0000625c    00000044     pwmControl.obj (.text:mapPWM2Rad)
                  000062a0    00000044     sysbios.aem4f : BIOS.obj (.text:ti_sysbios_family_arm_m3_Hwi_getStackInfo__E)
                  000062e4    00000004     --HOLE-- [fill = 0]
                  000062e8    00000044                   : BIOS.obj (.text:ti_sysbios_knl_Swi_post__E)
                  0000632c    00000044     ti.targets.arm.rtsarm.aem4f : Error.oem4f (.text:xdc_runtime_Error_setX__E)
                  00006370    00000044                                 : SysMin.oem4f (.text:xdc_runtime_SysMin_flush__E)
                  000063b4    00000044                                 : Text.oem4f (.text:xdc_runtime_Text_xprintf__I)
                  000063f8    00000042     driverlib.lib : uart.obj (.text:UARTConfigSetExpClk)
                  0000643a    00000042     drivers_tivaware.aem4f : UARTTiva.oem4f (.text:UARTTiva_hwiIntFxn)
                  0000647c    00000042                            : UARTTiva.oem4f (.text:UARTTiva_writePolling)
                  000064be    00000002     --HOLE-- [fill = 0]
                  000064c0    00000040     EK_TM4C123GXL.obj (.text:EK_TM4C123GXL_initGeneral)
                  00006500    00000040     drivers_tivaware.aem4f : RingBuf.oem4f (.text:RingBuf_get)
                  00006540    00000040                            : UARTTiva.oem4f (.text:UARTTiva_read)
                  00006580    00000040     rtsv7M4_T_le_v4SPD16_eabi.lib : u_divt2.asm.obj (.text)
                  000065c0    00000040     sysbios.aem4f : BIOS.obj (.text:ti_sysbios_family_arm_lm4_Timer_startup__E)
                  00006600    0000003c     essentialFxn.obj (.text:deg2rad)
                  0000663c    00000004     --HOLE-- [fill = 0]
                  00006640    0000003c     sysbios.aem4f : BIOS.obj (.text:ti_sysbios_family_arm_m3_Hwi_excSvCall__I)
                  0000667c    00000004     --HOLE-- [fill = 0]
                  00006680    0000003c                   : BIOS.obj (.text:ti_sysbios_heaps_HeapMem_init__I)
                  000066bc    00000004     --HOLE-- [fill = 0]
                  000066c0    0000003c                   : BIOS.obj (.text:ti_sysbios_knl_Swi_restore__E)
                  000066fc    00000038     drivers_tivaware.aem4f : UART.oem4f (.text:UART_init)
                  00006734    00000038     rtsv7M4_T_le_v4SPD16_eabi.lib : trgmsg.c.obj (.text:__TI_writemsg)
                  0000676c    00000004     --HOLE-- [fill = 0]
                  00006770    00000038     sysbios.aem4f : BIOS.obj (.text:ti_sysbios_family_arm_m3_Hwi_excNoIsr__I)
                  000067a8    00000038                   : BIOS.obj (.text:ti_sysbios_knl_Task_processVitalTaskFlag__I)
                  000067e0    00000038     ti.targets.arm.rtsarm.aem4f : SysMin.oem4f (.text:xdc_runtime_SysMin_putch__E)
                  00006818    00000038                                 : System.oem4f (.text:xdc_runtime_System_atexit__E)
                  00006850    00000036     drivers_tivaware.aem4f : UARTTiva.oem4f (.text:UARTTiva_readCancel)
                  00006886    00000002     --HOLE-- [fill = 0]
                  00006888    00000034     driverlib.lib : sysctl.obj (.text:SysCtlPeripheralEnable)
                  000068bc    00000034     rtsv7M4_T_le_v4SPD16_eabi.lib : trgmsg.c.obj (.text:__TI_readmsg)
                  000068f0    00000034     sysbios.aem4f : BIOS.obj (.text:ti_sysbios_family_arm_m3_Hwi_Instance_finalize__E)
                  00006924    00000004     --HOLE-- [fill = 0]
                  00006928    00000034                   : BIOS.obj (.text:ti_sysbios_family_arm_m3_Hwi_excNmi__I)
                  0000695c    00000004     --HOLE-- [fill = 0]
                  00006960    00000034                   : BIOS.obj (.text:ti_sysbios_hal_Hwi_checkStack)
                  00006994    00000034     empty_pem4f.oem4f (.text:ti_sysbios_knl_Clock_construct)
                  000069c8    00000034     ti.targets.arm.rtsarm.aem4f : Core-label.oem4f (.text:xdc_runtime_Core_assignLabel__I)
                  000069fc    00000033                                 : Text.oem4f (.text:xdc_runtime_Text_printVisFxn__I)
                  00006a2f    00000001     --HOLE-- [fill = 0]
                  00006a30    00000032     sysbios.aem4f : BIOS.obj (.text:ti_sysbios_hal_Hwi_initStack)
                  00006a62    00000002     --HOLE-- [fill = 0]
                  00006a64    00000030     EK_TM4C123GXL.obj (.text:EK_TM4C123GXL_initGPIO)
                  00006a94    00000030     drivers_tivaware.aem4f : GPIOTiva.oem4f (.text:GPIO_enableInt)
                  00006ac4    00000030     empty_pem4f.oem4f (.text:ti_sysbios_BIOS_atExitFunc__I)
                  00006af4    00000004     --HOLE-- [fill = 0]
                  00006af8    00000030     sysbios.aem4f : BIOS.obj (.text:ti_sysbios_family_arm_lm4_Timer_stop__E)
                  00006b28    00000030                   : BIOS.obj (.text:ti_sysbios_family_arm_m3_TaskSupport_start__E)
                  00006b58    00000030     empty_pem4f.oem4f (.text:ti_sysbios_gates_GateHwi_Object__create__S)
                  00006b88    00000030     empty_pem4f.oem4f (.text:ti_sysbios_gates_GateMutex_Object__create__S)
                  00006bb8    00000030     empty_pem4f.oem4f (.text:ti_sysbios_heaps_HeapMem_Object__create__S)
                  00006be8    00000030     empty_pem4f.oem4f (.text:ti_sysbios_knl_Semaphore_construct)
                  00006c18    00000030     sysbios.aem4f : BIOS.obj (.text:ti_sysbios_knl_Semaphore_pendTimeout__I)
                  00006c48    00000030                   : BIOS.obj (.text:ti_sysbios_knl_Task_unblockI__E)
                  00006c78    00000030     ti.targets.arm.rtsarm.aem4f : SysMin.oem4f (.text:xdc_runtime_SysMin_abort__E)
                  00006ca8    00000030                                 : System.oem4f (.text:xdc_runtime_System_processAtExit__E)
                  00006cd8    0000002e     rtsv7M4_T_le_v4SPD16_eabi.lib : i_tofd_t2.asm.obj (.text)
                  00006d06    00000002     --HOLE-- [fill = 0]
                  00006d08    0000002c     EK_TM4C123GXL.obj (.text:EK_TM4C123GXL_initUART)
                  00006d34    0000002c     empty_pem4f.oem4f (.text:ti_sysbios_knl_Clock_doTick__I)
                  00006d60    0000002c     empty_pem4f.oem4f (.text:ti_sysbios_knl_Queue_construct)
                  00006d8c    00000004     --HOLE-- [fill = 0]
                  00006d90    0000002c     sysbios.aem4f : BIOS.obj (.text:ti_sysbios_knl_Task_restore__E)
                  00006dbc    0000002c     ti.targets.arm.rtsarm.aem4f : Text.oem4f (.text:xdc_runtime_Text_cordText__E)
                  00006de8    0000002a     driverlib.lib : gpio.obj (.text:GPIODirModeSet)
                  00006e12    0000002a     ti.targets.arm.rtsarm.aem4f : System.oem4f (.text:xdc_runtime_System_putchar__I)
                  00006e3c    00000004     --HOLE-- [fill = 0]
                  00006e40    00000028     sysbios.aem4f : BIOS.obj (.text:ti_sysbios_knl_Swi_Module_startup__E)
                  00006e68    00000026                   : m3_Hwi_asm.obj (.text:ti_sysbios_family_arm_m3_Hwi_pendSV__I)
                  00006e8e    00000026     ti.targets.arm.rtsarm.aem4f : System.oem4f (.text:xdc_runtime_System_avprintf__E)
                  00006eb4    00000024     empty.obj (.text:gpioButtonFxn1)
                  00006ed8    00000024     empty.obj (.text:intPC4)
                  00006efc    00000024     empty.obj (.text:intPC5)
                  00006f20    00000024     empty.obj (.text:intPC6)
                  00006f44    00000024     empty_pem4f.oem4f (.text:ti_sysbios_BIOS_errorRaiseHook__I)
                  00006f68    00000024     empty_pem4f.oem4f (.text:ti_sysbios_BIOS_registerRTSLock__I)
                  00006f8c    00000024     empty_pem4f.oem4f (.text:ti_sysbios_BIOS_removeRTSLock__I)
                  00006fb0    00000024     empty_pem4f.oem4f (.text:ti_sysbios_BIOS_startFunc__I)
                  00006fd4    00000024     empty_pem4f.oem4f (.text:ti_sysbios_gates_GateMutex_Object__delete__S)
                  00006ff8    00000024     sysbios.aem4f : BIOS.obj (.text:ti_sysbios_knl_Clock_Module_startup__E)
                  0000701c    00000004     --HOLE-- [fill = 0]
                  00007020    00000024                   : BIOS.obj (.text:ti_sysbios_knl_Task_restoreHwi__E)
                  00007044    00000024     essentialFxn.obj (.text:waitIdle)
                  00007068    00000024     ti.targets.arm.rtsarm.aem4f : System.oem4f (.text:xdc_runtime_System_vprintf__E)
                  0000708c    00000022     driverlib.lib : pwm.obj (.text:PWMGenConfigure)
                  000070ae    00000002     --HOLE-- [fill = 0]
                  000070b0    00000022     sysbios.aem4f : BIOS.obj (.text:ti_sysbios_family_arm_lm4_Timer_write__I)
                  000070d2    00000022     empty_pem4f.oem4f (.text:xdc_runtime_SysMin_output__I)
                  000070f4    00000020     rtsv7M4_T_le_v4SPD16_eabi.lib : u_tofd_t2.asm.obj (.text)
                  00007114    00000020     empty_pem4f.oem4f (.text:ti_sysbios_BIOS_rtsLock__I)
                  00007134    00000020     sysbios.aem4f : m3_Hwi_asm.obj (.text:ti_sysbios_family_arm_m3_Hwi_excHandlerAsm__I)
                  00007154    00000004     --HOLE-- [fill = 0]
                  00007158    00000020                   : BIOS.obj (.text:ti_sysbios_family_arm_m3_Hwi_excHandler__I)
                  00007178    00000020     empty_pem4f.oem4f (.text:ti_sysbios_gates_GateHwi_Object__delete__S)
                  00007198    00000020     empty_pem4f.oem4f (.text:ti_sysbios_heaps_HeapMem_Object__delete__S)
                  000071b8    00000020     empty_pem4f.oem4f (.text:ti_sysbios_knl_Clock_Object__destruct__S)
                  000071d8    00000020     sysbios.aem4f : BIOS.obj (.text:ti_sysbios_knl_Idle_run__E)
                  000071f8    00000020     empty_pem4f.oem4f (.text:ti_sysbios_knl_Semaphore_Object__destruct__S)
                  00007218    00000020     ti.targets.arm.rtsarm.aem4f : Registry.oem4f (.text:xdc_runtime_Registry_findById__E)
                  00007238    00000020                                 : SysMin.oem4f (.text:xdc_runtime_SysMin_Module_startup__E)
                  00007258    0000001e     driverlib.lib : pwm.obj (.text:PWMPulseWidthSet)
                  00007276    0000001e     sysbios.aem4f : m3_Hwi_asm_switch.obj (.text:ti_sysbios_family_xxx_Hwi_switchAndRunFunc)
                  00007294    0000001c     driverlib.lib : uart.obj (.text:UARTDisable)
                  000072b0    0000001c     drivers_tivaware.aem4f : GPIOTiva.oem4f (.text:getGpioIntIndex)
                  000072cc    0000001c     empty.obj (.text:gpioButtonFxn0)
                  000072e8    0000001c     empty_pem4f.oem4f (.text:ti_sysbios_family_arm_m3_Hwi_Object__destruct__S)
                  00007304    00000004     --HOLE-- [fill = 0]
                  00007308    0000001c     sysbios.aem4f : BIOS.obj (.text:ti_sysbios_gates_GateMutex_Instance_init__E)
                  00007324    0000001c     empty_pem4f.oem4f (.text:ti_sysbios_knl_Queue_Object__destruct__S)
                  00007340    0000001c     sysbios.aem4f : BIOS.obj (.text:ti_sysbios_knl_Task_enter__I)
                  0000735c    0000001c     ti.targets.arm.rtsarm.aem4f : Error.oem4f (.text:xdc_runtime_Error_raiseX__E)
                  00007378    0000001c                                 : Memory.oem4f (.text:xdc_runtime_Memory_valloc__E)
                  00007394    0000001c                                 : SysMin.oem4f (.text:xdc_runtime_SysMin_exit__E)
                  000073b0    0000001c                                 : System.oem4f (.text:xdc_runtime_System_abort__E)
                  000073cc    0000001a     empty_pem4f.oem4f (.text:ti_sysbios_family_arm_m3_Hwi_Handle__label__S)
                  000073e6    0000001a     empty_pem4f.oem4f (.text:ti_sysbios_gates_GateHwi_Handle__label__S)
                  00007400    0000001a     empty_pem4f.oem4f (.text:ti_sysbios_gates_GateMutex_Handle__label__S)
                  0000741a    0000001a     empty_pem4f.oem4f (.text:ti_sysbios_heaps_HeapMem_Handle__label__S)
                  00007434    0000001a     empty_pem4f.oem4f (.text:ti_sysbios_knl_Swi_Handle__label__S)
                  0000744e    0000001a     empty_pem4f.oem4f (.text:ti_sysbios_knl_Task_Handle__label__S)
                  00007468    0000001a     empty_pem4f.oem4f (.text:xdc_runtime_System_aprintf__E)
                  00007482    0000001a     empty_pem4f.oem4f (.text:xdc_runtime_System_printf__E)
                  0000749c    00000018     rtsv7M4_T_le_v4SPD16_eabi.lib : args_main.c.obj (.text:_args_main)
                  000074b4    00000018     empty_pem4f.oem4f (.text:ti_sysbios_BIOS_rtsUnlock__I)
                  000074cc    00000018     empty_pem4f.oem4f (.text:ti_sysbios_family_arm_lm4_Timer_Module__startupDone__F)
                  000074e4    00000018     empty_pem4f.oem4f (.text:ti_sysbios_family_arm_m3_Hwi_Module__startupDone__F)
                  000074fc    00000018     sysbios.aem4f : m3_TaskSupport_asm.obj (.text:ti_sysbios_family_arm_m3_TaskSupport_swap__E)
                  00007514    00000004     --HOLE-- [fill = 0]
                  00007518    00000018                   : BIOS.obj (.text:ti_sysbios_gates_GateMutex_leave__E)
                  00007530    00000018                   : BIOS.obj (.text:ti_sysbios_knl_Task_sleepTimeout__I)
                  00007548    00000018     ti.targets.arm.rtsarm.aem4f : Error.oem4f (.text:xdc_runtime_Error_check__E)
                  00007560    00000018                                 : System.oem4f (.text:xdc_runtime_System_exit__E)
                  00007578    00000018                                 : Text.oem4f (.text:xdc_runtime_Text_ropeText__E)
                  00007590    00000016     empty_pem4f.oem4f (.text:ti_sysbios_BIOS_exitFunc__I)
                  000075a6    00000016     empty.obj (.text:ti_sysbios_knl_Task_Params_init)
                  000075bc    00000014     driverlib.lib : sysctl.obj (.text:SysCtlPWMClockSet)
                  000075d0    00000014                   : uart.obj (.text:UARTEnable)
                  000075e4    00000014     essentialFxn.obj (.text:invertInt)
                  000075f8    00000014     rtsv7M4_T_le_v4SPD16_eabi.lib : strlen.c.obj (.text:strlen)
                  0000760c    00000014     empty_pem4f.oem4f (.text:ti_sysbios_family_arm_m3_Hwi_Object__get__S)
                  00007620    00000014     sysbios.aem4f : BIOS.obj (.text:ti_sysbios_family_arm_m3_Hwi_switchFromBootStack__E)
                  00007634    00000014     empty_pem4f.oem4f (.text:ti_sysbios_heaps_HeapMem_Object__get__S)
                  00007648    00000014     empty_pem4f.oem4f (.text:ti_sysbios_knl_Swi_Object__get__S)
                  0000765c    00000012     driverlib.lib : gpio.obj (.text:GPIOPinTypeGPIOInput)
                  0000766e    00000012                   : gpio.obj (.text:GPIOPinTypePWM)
                  00007680    00000012                   : gpio.obj (.text:GPIOPinTypeUART)
                  00007692    00000012                   : pwm.obj (.text:PWMOutputState)
                  000076a4    00000012     drivers_tivaware.aem4f : RingBuf.oem4f (.text:RingBuf_construct)
                  000076b6    00000002     --HOLE-- [fill = 0]
                  000076b8    00000012     sysbios.aem4f : BIOS.obj (.text:ti_sysbios_hal_Hwi_Module_startup__E)
                  000076ca    00000012     empty_pem4f.oem4f (.text:xdc_runtime_Startup_exec__I)
                  000076dc    00000010     driverlib.lib : pwm.obj (.text:PWMGenPeriodSet)
                  000076ec    00000010     drivers_tivaware.aem4f : UARTTiva.oem4f (.text:readBlockingTimeout)
                  000076fc    00000004     --HOLE-- [fill = 0]
                  00007700    00000010     sysbios.aem4f : BIOS.obj (.text:ti_sysbios_BIOS_getCpuFreq__E)
                  00007710    00000010                   : BIOS.obj (.text:ti_sysbios_BIOS_setThreadType__E)
                  00007720    00000010                   : BIOS.obj (.text:ti_sysbios_BIOS_start__E)
                  00007730    00000010                   : m3_TaskSupport_asm.obj (.text:ti_sysbios_family_arm_m3_TaskSupport_glue)
                  00007740    00000010                   : BIOS.obj (.text:ti_sysbios_gates_GateMutex_Instance_finalize__E)
                  00007750    00000010                   : BIOS.obj (.text:ti_sysbios_knl_Semaphore_Instance_finalize__E)
                  00007760    00000010                   : BIOS.obj (.text:ti_sysbios_knl_Swi_disable__E)
                  00007770    00000010     empty_pem4f.oem4f (.text:ti_sysbios_knl_Task_Object__get__S)
                  00007780    00000010     sysbios.aem4f : BIOS.obj (.text:ti_sysbios_knl_Task_disable__E)
                  00007790    00000010     ti.targets.arm.rtsarm.aem4f : Gate.oem4f (.text:xdc_runtime_Gate_leaveSystem__E)
                  000077a0    00000010                                 : Memory.oem4f (.text:xdc_runtime_Memory_free__E)
                  000077b0    00000010                                 : SysMin.oem4f (.text:xdc_runtime_SysMin_ready__E)
                  000077c0    00000010                                 : System.oem4f (.text:xdc_runtime_System_vsnprintf__E)
                  000077d0    00000010     empty_pem4f.oem4f (.text:xdc_runtime_Text_visitRope__I)
                  000077e0    0000000e     driverlib.lib : gpio.obj (.text:GPIOIntStatus)
                  000077ee    0000000e                   : uart.obj (.text:UARTCharGetNonBlocking)
                  000077fc    0000000e                   : uart.obj (.text:UARTCharPutNonBlocking)
                  0000780a    0000000e     rtsv7M4_T_le_v4SPD16_eabi.lib : copy_decompress_none.c.obj (.text:decompress:none:__TI_decompress_none)
                  00007818    0000000e     sysbios.aem4f : BIOS.obj (.text:ti_sysbios_knl_Idle_loop__E)
                  00007826    00000002     --HOLE-- [fill = 0]
                  00007828    0000000e                   : BIOS.obj (.text:ti_sysbios_knl_Queue_empty__E)
                  00007836    00000002     --HOLE-- [fill = 0]
                  00007838    0000000c     empty_pem4f.oem4f (.text:.bootCodeSection:ti_catalog_arm_cortexm4_tiva_ce_Boot_init__I)
                  00007844    0000000c     driverlib.lib : gpio.obj (.text:GPIOIntEnable)
                  00007850    0000000c                   : pwm.obj (.text:PWMGenEnable)
                  0000785c    0000000c     drivers_tivaware.aem4f : RingBuf.oem4f (.text:RingBuf_peek)
                  00007868    0000000c     driverlib.lib : uart.obj (.text:UARTFlowControlSet)
                  00007874    0000000c     drivers_tivaware.aem4f : UARTTiva.oem4f (.text:UARTTiva_init)
                  00007880    0000000c     rtsv7M4_T_le_v4SPD16_eabi.lib : _lock.c.obj (.text:_register_lock)
                  0000788c    0000000c                                   : _lock.c.obj (.text:_register_unlock)
                  00007898    0000000c                                   : copy_zero_init.c.obj (.text:decompress:ZI:__TI_zero_init)
                  000078a4    00000004     --HOLE-- [fill = 0]
                  000078a8    0000000c     sysbios.aem4f : BIOS.obj (.text:ti_sysbios_family_arm_lm4_Timer_getMaxTicks__E)
                  000078b4    0000000c     empty_pem4f.oem4f (.text:ti_sysbios_family_arm_m3_Hwi_Params__init__S)
                  000078c0    0000000c     sysbios.aem4f : BIOS.obj (.text:ti_sysbios_family_arm_m3_Hwi_disableFxn__E)
                  000078cc    00000004     --HOLE-- [fill = 0]
                  000078d0    0000000c                   : BIOS.obj (.text:ti_sysbios_family_arm_m3_TaskSupport_checkStack__E)
                  000078dc    00000004     --HOLE-- [fill = 0]
                  000078e0    0000000c                   : BIOS.obj (.text:ti_sysbios_family_arm_m3_TaskSupport_getStackAlignment__E)
                  000078ec    00000004     --HOLE-- [fill = 0]
                  000078f0    0000000c                   : BIOS.obj (.text:ti_sysbios_gates_GateHwi_enter__E)
                  000078fc    0000000c     empty_pem4f.oem4f (.text:ti_sysbios_knl_Clock_Params__init__S)
                  00007908    0000000c     empty_pem4f.oem4f (.text:ti_sysbios_knl_Queue_Object__get__S)
                  00007914    0000000c     empty_pem4f.oem4f (.text:ti_sysbios_knl_Semaphore_Params__init__S)
                  00007920    0000000c     empty_pem4f.oem4f (.text:ti_sysbios_knl_Task_Params__init__S)
                  0000792c    0000000c     ti.targets.arm.rtsarm.aem4f : Error.oem4f (.text:xdc_runtime_Error_init__E)
                  00007938    0000000c                                 : Gate.oem4f (.text:xdc_runtime_Gate_enterSystem__E)
                  00007944    0000000c                                 : Memory.oem4f (.text:xdc_runtime_Memory_calloc__E)
                  00007950    0000000c                                 : Memory.oem4f (.text:xdc_runtime_Memory_getMaxDefaultTypeAlign__E)
                  0000795c    0000000a     driverlib.lib : uart.obj (.text:UARTCharGet)
                  00007966    0000000a                   : uart.obj (.text:UARTCharPut)
                  00007970    0000000a                   : uart.obj (.text:UARTIntDisable)
                  0000797a    0000000a                   : uart.obj (.text:UARTIntStatus)
                  00007984    0000000a     empty_pem4f.oem4f (.text:xdc_runtime_IHeap_alloc)
                  0000798e    0000000a     empty_pem4f.oem4f (.text:xdc_runtime_IHeap_free)
                  00007998    00000008     driverlib.lib : uart.obj (.text:UARTIntEnable)
                  000079a0    00000008                   : uart.obj (.text:UARTRxErrorGet)
                  000079a8    00000008     drivers_tivaware.aem4f : UARTTiva.oem4f (.text:readSemCallback)
                  000079b0    00000008     sysbios.aem4f : BIOS.obj (.text:ti_sysbios_family_arm_lm4_Timer_masterDisable__I)
                  000079b8    00000008                   : BIOS.obj (.text:ti_sysbios_family_arm_m3_Hwi_doSwiRestore__I)
                  000079c0    00000008                   : BIOS.obj (.text:ti_sysbios_family_arm_m3_Hwi_startup__E)
                  000079c8    00000008     drivers_tivaware.aem4f : UARTTiva.oem4f (.text:writeSemCallback)
                  000079d0    00000006     driverlib.lib : sysctl.obj (.text:SysCtlDelay)
                  000079d6    00000006                   : uart.obj (.text:UARTFIFOLevelSet)
                  000079dc    00000006                   : uart.obj (.text:UARTRxErrorClear)
                  000079e2    00000006     Boot.aem4f : Boot_sysctl.oem4f (.text:ti_catalog_arm_cortexm4_tiva_ce_Boot_sysCtlDelayI__I)
                  000079e8    00000006     sysbios.aem4f : BIOS.obj (.text:ti_sysbios_family_arm_m3_Hwi_doTaskRestore__I)
                  000079ee    00000002     --HOLE-- [fill = 0]
                  000079f0    00000006                   : BIOS.obj (.text:ti_sysbios_family_arm_m3_Hwi_restoreFxn__E)
                  000079f6    00000002     --HOLE-- [fill = 0]
                  000079f8    00000006                   : BIOS.obj (.text:ti_sysbios_gates_GateHwi_leave__E)
                  000079fe    00000002     --HOLE-- [fill = 0]
                  00007a00    00000006                   : BIOS.obj (.text:ti_sysbios_heaps_HeapMem_isBlocking__E)
                  00007a06    00000002     --HOLE-- [fill = 0]
                  00007a08    00000006                   : BIOS.obj (.text:ti_sysbios_knl_Clock_stop__E)
                  00007a0e    00000002     --HOLE-- [fill = 0]
                  00007a10    00000006                   : BIOS.obj (.text:ti_sysbios_knl_Queue_Instance_init__E)
                  00007a16    00000002     --HOLE-- [fill = 0]
                  00007a18    00000006                   : BIOS.obj (.text:ti_sysbios_knl_Swi_startup__E)
                  00007a1e    00000006     ti.targets.arm.rtsarm.aem4f : System.oem4f (.text:xdc_runtime_System_Module_startup__E)
                  00007a24    00000004     --HOLE-- [fill = 0]
                  00007a28    00000004     sysbios.aem4f : BIOS.obj (.text:ti_sysbios_gates_GateHwi_query__E)
                  00007a2c    00000004     --HOLE-- [fill = 0]
                  00007a30    00000004                   : BIOS.obj (.text:ti_sysbios_gates_GateMutex_query__E)
                  00007a34    00000004     --HOLE-- [fill = 0]
                  00007a38    00000004                   : BIOS.obj (.text:ti_sysbios_knl_Task_startup__E)
                  00007a3c    00000004     --HOLE-- [fill = 0]
                  00007a40    00000002                   : BIOS.obj (.text:ti_sysbios_gates_GateHwi_Instance_init__E)
                  00007a42    00000006     --HOLE-- [fill = 0]
                  00007a48    00000002                   : BIOS.obj (.text:ti_sysbios_knl_Clock_logTick__E)

.const     0    00007a4c    00002014     
                  00007a4c    00001861     empty_pem4f.oem4f (.const:xdc_runtime_Text_charTab__A)
                  000092ad    00000001     empty_pem4f.oem4f (.const:xdc_runtime_Error_policy__C)
                  000092ae    000000bc     empty_pem4f.oem4f (.const:xdc_runtime_Text_nodeTab__A)
                  0000936a    00000002     empty_pem4f.oem4f (.const:ti_catalog_arm_cortexm4_tiva_ce_Boot_Module__id__C)
                  0000936c    00000090     driverlib.lib : gpio.obj (.const:g_pui32GPIOBaseAddrs)
                  000093fc    00000054     drivers_tivaware.aem4f : GPIOTiva.oem4f (.const:.string)
                  00009450    0000004c                            : UARTTiva.oem4f (.const)
                  0000949c    00000048     empty_pem4f.oem4f (.const:.string)
                  000094e4    00000048     drivers_tivaware.aem4f : GPIOTiva.oem4f (.const:gpioBaseAddresses)
                  0000952c    0000003c     empty_pem4f.oem4f (.const:ti_sysbios_knl_Task_Object__PARAMS__C)
                  00009568    00000030     empty_pem4f.oem4f (.const:ti_sysbios_family_arm_m3_Hwi_Object__PARAMS__C)
                  00009598    00000028     drivers_tivaware.aem4f : UARTTiva.oem4f (.const:UARTTiva_fxnTable)
                  000095c0    00000028     empty_pem4f.oem4f (.const:ti_sysbios_heaps_HeapMem_Module__FXNS__C)
                  000095e8    00000024     empty_pem4f.oem4f (.const:ti_sysbios_gates_GateHwi_Module__FXNS__C)
                  0000960c    00000024     empty_pem4f.oem4f (.const:ti_sysbios_gates_GateMutex_Module__FXNS__C)
                  00009630    00000024     empty_pem4f.oem4f (.const:ti_sysbios_heaps_HeapMem_Object__PARAMS__C)
                  00009654    00000024     empty_pem4f.oem4f (.const:ti_sysbios_knl_Clock_Object__PARAMS__C)
                  00009678    00000024     empty_pem4f.oem4f (.const:ti_sysbios_knl_Semaphore_Object__PARAMS__C)
                  0000969c    00000020     empty_pem4f.oem4f (.const:ti_sysbios_family_arm_m3_Hwi_Object__DESC__C)
                  000096bc    00000020     empty_pem4f.oem4f (.const:ti_sysbios_gates_GateHwi_Object__DESC__C)
                  000096dc    00000020     empty_pem4f.oem4f (.const:ti_sysbios_gates_GateMutex_Object__DESC__C)
                  000096fc    00000020     empty_pem4f.oem4f (.const:ti_sysbios_heaps_HeapMem_Object__DESC__C)
                  0000971c    00000020     empty_pem4f.oem4f (.const:ti_sysbios_knl_Clock_Object__DESC__C)
                  0000973c    00000020     empty_pem4f.oem4f (.const:ti_sysbios_knl_Queue_Object__DESC__C)
                  0000975c    00000020     empty_pem4f.oem4f (.const:ti_sysbios_knl_Semaphore_Object__DESC__C)
                  0000977c    00000020     empty_pem4f.oem4f (.const:ti_sysbios_knl_Task_Object__DESC__C)
                  0000979c    00000020     empty_pem4f.oem4f (.const:xdc_runtime_Startup_sfxnTab__A)
                  000097bc    00000018     EK_TM4C123GXL.obj (.const:UART_config)
                  000097d4    00000018     empty_pem4f.oem4f (.const:ti_sysbios_gates_GateHwi_Object__PARAMS__C)
                  000097ec    00000018     empty_pem4f.oem4f (.const:ti_sysbios_gates_GateMutex_Object__PARAMS__C)
                  00009804    00000018     empty_pem4f.oem4f (.const:ti_sysbios_knl_Queue_Object__PARAMS__C)
                  0000981c    00000018     EK_TM4C123GXL.obj (.const:uartTivaHWAttrs)
                  00009834    00000014     EK_TM4C123GXL.obj (.const:GPIOTiva_config)
                  00009848    00000014     empty_pem4f.oem4f (.const:xdc_runtime_Startup_firstFxns__A)
                  0000985c    00000010     empty_pem4f.oem4f (.const:xdc_runtime_Startup_sfxnRts__A)
                  0000986c    00000008     empty_pem4f.oem4f (.const:ti_sysbios_family_arm_m3_Hwi_excHookFuncs__A)
                  00009874    00000008     empty_pem4f.oem4f (.const:ti_sysbios_knl_Idle_funcList__C)
                  0000987c    00000008     empty_pem4f.oem4f (.const:xdc_runtime_Startup_firstFxns__C)
                  00009884    00000008     empty_pem4f.oem4f (.const:xdc_runtime_Startup_lastFxns__C)
                  0000988c    00000004     empty_pem4f.oem4f (.const:ti_catalog_arm_cortexm4_tiva_ce_Boot_A_mustUseEnhancedClockMode__C)
                  00009890    00000004     empty_pem4f.oem4f (.const:ti_catalog_arm_cortexm4_tiva_ce_Boot_Module__diagsEnabled__C)
                  00009894    00000004     empty_pem4f.oem4f (.const:ti_catalog_arm_cortexm4_tiva_ce_Boot_Module__diagsIncluded__C)
                  00009898    00000004     empty_pem4f.oem4f (.const:ti_catalog_arm_cortexm4_tiva_ce_Boot_Module__diagsMask__C)
                  0000989c    00000004     empty_pem4f.oem4f (.const:ti_sysbios_family_arm_lm4_Timer_enableFunc__C)
                  000098a0    00000004     empty_pem4f.oem4f (.const:ti_sysbios_family_arm_lm4_Timer_numTimerDevices__C)
                  000098a4    00000004     empty_pem4f.oem4f (.const:ti_sysbios_family_arm_lm4_Timer_startupNeeded__C)
                  000098a8    00000004     empty_pem4f.oem4f (.const:ti_sysbios_family_arm_m3_Hwi_E_NMI__C)
                  000098ac    00000004     empty_pem4f.oem4f (.const:ti_sysbios_family_arm_m3_Hwi_E_alreadyDefined__C)
                  000098b0    00000004     empty_pem4f.oem4f (.const:ti_sysbios_family_arm_m3_Hwi_E_busFault__C)
                  000098b4    00000004     empty_pem4f.oem4f (.const:ti_sysbios_family_arm_m3_Hwi_E_debugMon__C)
                  000098b8    00000004     empty_pem4f.oem4f (.const:ti_sysbios_family_arm_m3_Hwi_E_hardFault__C)
                  000098bc    00000004     empty_pem4f.oem4f (.const:ti_sysbios_family_arm_m3_Hwi_E_memFault__C)
                  000098c0    00000004     empty_pem4f.oem4f (.const:ti_sysbios_family_arm_m3_Hwi_E_noIsr__C)
                  000098c4    00000004     empty_pem4f.oem4f (.const:ti_sysbios_family_arm_m3_Hwi_E_reserved__C)
                  000098c8    00000004     empty_pem4f.oem4f (.const:ti_sysbios_family_arm_m3_Hwi_E_svCall__C)
                  000098cc    00000004     empty_pem4f.oem4f (.const:ti_sysbios_family_arm_m3_Hwi_E_usageFault__C)
                  000098d0    00000004     empty_pem4f.oem4f (.const:ti_sysbios_family_arm_m3_Hwi_NUM_INTERRUPTS__C)
                  000098d4    00000004     empty_pem4f.oem4f (.const:ti_sysbios_family_arm_m3_Hwi_Object__count__C)
                  000098d8    00000004     empty_pem4f.oem4f (.const:ti_sysbios_family_arm_m3_Hwi_ccr__C)
                  000098dc    00000004     empty_pem4f.oem4f (.const:ti_sysbios_family_arm_m3_Hwi_excHandlerFunc__C)
                  000098e0    00000004     empty_pem4f.oem4f (.const:ti_sysbios_family_arm_m3_Hwi_excHookFuncs__C)
                  000098e4    00000004     empty_pem4f.oem4f (.const:ti_sysbios_family_arm_m3_Hwi_nullIsrFunc__C)
                  000098e8    00000004     empty_pem4f.oem4f (.const:ti_sysbios_family_arm_m3_Hwi_priGroup__C)
                  000098ec    00000004     empty_pem4f.oem4f (.const:ti_sysbios_family_arm_m3_TaskSupport_stackAlignment__C)
                  000098f0    00000004     empty_pem4f.oem4f (.const:ti_sysbios_gates_GateMutex_A_badContext__C)
                  000098f4    00000004     empty_pem4f.oem4f (.const:ti_sysbios_gates_GateMutex_Instance_State_sem__O)
                  000098f8    00000004     empty_pem4f.oem4f (.const:ti_sysbios_gates_GateMutex_Module__diagsEnabled__C)
                  000098fc    00000004     empty_pem4f.oem4f (.const:ti_sysbios_gates_GateMutex_Module__diagsIncluded__C)
                  00009900    00000004     empty_pem4f.oem4f (.const:ti_sysbios_gates_GateMutex_Module__diagsMask__C)
                  00009904    00000004     empty_pem4f.oem4f (.const:ti_sysbios_hal_Hwi_E_stackOverflow__C)
                  00009908    00000004     empty_pem4f.oem4f (.const:ti_sysbios_heaps_HeapMem_A_align__C)
                  0000990c    00000004     empty_pem4f.oem4f (.const:ti_sysbios_heaps_HeapMem_A_heapSize__C)
                  00009910    00000004     empty_pem4f.oem4f (.const:ti_sysbios_heaps_HeapMem_A_invalidFree__C)
                  00009914    00000004     empty_pem4f.oem4f (.const:ti_sysbios_heaps_HeapMem_A_zeroBlock__C)
                  00009918    00000004     empty_pem4f.oem4f (.const:ti_sysbios_heaps_HeapMem_E_memory__C)
                  0000991c    00000004     empty_pem4f.oem4f (.const:ti_sysbios_heaps_HeapMem_Module__diagsEnabled__C)
                  00009920    00000004     empty_pem4f.oem4f (.const:ti_sysbios_heaps_HeapMem_Module__diagsIncluded__C)
                  00009924    00000004     empty_pem4f.oem4f (.const:ti_sysbios_heaps_HeapMem_Module__diagsMask__C)
                  00009928    00000004     empty_pem4f.oem4f (.const:ti_sysbios_heaps_HeapMem_Module__gateObj__C)
                  0000992c    00000004     empty_pem4f.oem4f (.const:ti_sysbios_heaps_HeapMem_Object__count__C)
                  00009930    00000004     empty_pem4f.oem4f (.const:ti_sysbios_heaps_HeapMem_reqAlign__C)
                  00009934    00000004     empty_pem4f.oem4f (.const:ti_sysbios_knl_Clock_A_badThreadType__C)
                  00009938    00000004     empty_pem4f.oem4f (.const:ti_sysbios_knl_Clock_Module_State_clockQ__O)
                  0000993c    00000004     empty_pem4f.oem4f (.const:ti_sysbios_knl_Clock_Module__diagsEnabled__C)
                  00009940    00000004     empty_pem4f.oem4f (.const:ti_sysbios_knl_Clock_Module__diagsIncluded__C)
                  00009944    00000004     empty_pem4f.oem4f (.const:ti_sysbios_knl_Clock_Module__diagsMask__C)
                  00009948    00000004     empty_pem4f.oem4f (.const:ti_sysbios_knl_Idle_funcList__A)
                  0000994c    00000004     empty_pem4f.oem4f (.const:ti_sysbios_knl_Semaphore_A_badContext__C)
                  00009950    00000004     empty_pem4f.oem4f (.const:ti_sysbios_knl_Semaphore_A_noEvents__C)
                  00009954    00000004     empty_pem4f.oem4f (.const:ti_sysbios_knl_Semaphore_A_overflow__C)
                  00009958    00000004     empty_pem4f.oem4f (.const:ti_sysbios_knl_Semaphore_A_pendTaskDisabled__C)
                  0000995c    00000004     empty_pem4f.oem4f (.const:ti_sysbios_knl_Semaphore_Instance_State_pendQ__O)
                  00009960    00000004     empty_pem4f.oem4f (.const:ti_sysbios_knl_Semaphore_Module__diagsEnabled__C)
                  00009964    00000004     empty_pem4f.oem4f (.const:ti_sysbios_knl_Semaphore_Module__diagsIncluded__C)
                  00009968    00000004     empty_pem4f.oem4f (.const:ti_sysbios_knl_Semaphore_Module__diagsMask__C)
                  0000996c    00000004     empty_pem4f.oem4f (.const:ti_sysbios_knl_Swi_Object__count__C)
                  00009970    00000004     empty_pem4f.oem4f (.const:ti_sysbios_knl_Task_A_badPriority__C)
                  00009974    00000004     empty_pem4f.oem4f (.const:ti_sysbios_knl_Task_A_badTaskState__C)
                  00009978    00000004     empty_pem4f.oem4f (.const:ti_sysbios_knl_Task_A_badThreadType__C)
                  0000997c    00000004     empty_pem4f.oem4f (.const:ti_sysbios_knl_Task_A_badTimeout__C)
                  00009980    00000004     empty_pem4f.oem4f (.const:ti_sysbios_knl_Task_A_noPendElem__C)
                  00009984    00000004     empty_pem4f.oem4f (.const:ti_sysbios_knl_Task_A_sleepTaskDisabled__C)
                  00009988    00000004     empty_pem4f.oem4f (.const:ti_sysbios_knl_Task_E_spOutOfBounds__C)
                  0000998c    00000004     empty_pem4f.oem4f (.const:ti_sysbios_knl_Task_E_stackOverflow__C)
                  00009990    00000004     empty_pem4f.oem4f (.const:ti_sysbios_knl_Task_Module_State_inactiveQ__O)
                  00009994    00000004     empty_pem4f.oem4f (.const:ti_sysbios_knl_Task_Module__diagsEnabled__C)
                  00009998    00000004     empty_pem4f.oem4f (.const:ti_sysbios_knl_Task_Module__diagsIncluded__C)
                  0000999c    00000004     empty_pem4f.oem4f (.const:ti_sysbios_knl_Task_Module__diagsMask__C)
                  000099a0    00000004     empty_pem4f.oem4f (.const:ti_sysbios_knl_Task_Object__count__C)
                  000099a4    00000004     empty_pem4f.oem4f (.const:ti_sysbios_knl_Task_allBlockedFunc__C)
                  000099a8    00000004     empty_pem4f.oem4f (.const:ti_sysbios_knl_Task_defaultStackHeap__C)
                  000099ac    00000004     empty_pem4f.oem4f (.const:ti_sysbios_knl_Task_defaultStackSize__C)
                  000099b0    00000004     empty_pem4f.oem4f (.const:ti_sysbios_knl_Task_numConstructedTasks__C)
                  000099b4    00000004     empty_pem4f.oem4f (.const:xdc_runtime_Assert_E_assertFailed__C)
                  000099b8    00000004     empty_pem4f.oem4f (.const:xdc_runtime_Core_A_initializedParams__C)
                  000099bc    00000004     empty_pem4f.oem4f (.const:xdc_runtime_Core_Module__diagsEnabled__C)
                  000099c0    00000004     empty_pem4f.oem4f (.const:xdc_runtime_Core_Module__diagsIncluded__C)
                  000099c4    00000004     empty_pem4f.oem4f (.const:xdc_runtime_Core_Module__diagsMask__C)
                  000099c8    00000004     empty_pem4f.oem4f (.const:xdc_runtime_Error_E_memory__C)
                  000099cc    00000004     empty_pem4f.oem4f (.const:xdc_runtime_Error_Module__diagsEnabled__C)
                  000099d0    00000004     empty_pem4f.oem4f (.const:xdc_runtime_Error_Module__diagsIncluded__C)
                  000099d4    00000004     empty_pem4f.oem4f (.const:xdc_runtime_Error_Module__diagsMask__C)
                  000099d8    00000004     empty_pem4f.oem4f (.const:xdc_runtime_Error_Module__loggerFxn8__C)
                  000099dc    00000004     empty_pem4f.oem4f (.const:xdc_runtime_Error_Module__loggerObj__C)
                  000099e0    00000004     empty_pem4f.oem4f (.const:xdc_runtime_Error_policyFxn__C)
                  000099e4    00000004     empty_pem4f.oem4f (.const:xdc_runtime_Error_raiseHook__C)
                  000099e8    00000004     empty_pem4f.oem4f (.const:xdc_runtime_IGateProvider_Interface__BASE__C)
                  000099ec    00000004     empty_pem4f.oem4f (.const:xdc_runtime_IHeap_Interface__BASE__C)
                  000099f0    00000004     empty_pem4f.oem4f (.const:xdc_runtime_IModule_Interface__BASE__C)
                  000099f4    00000004     empty_pem4f.oem4f (.const:xdc_runtime_Log_L_error__C)
                  000099f8    00000004     empty_pem4f.oem4f (.const:xdc_runtime_Memory_defaultHeapInstance__C)
                  000099fc    00000004     empty_pem4f.oem4f (.const:xdc_runtime_Startup_execImpl__C)
                  00009a00    00000004     empty_pem4f.oem4f (.const:xdc_runtime_Startup_maxPasses__C)
                  00009a04    00000004     empty_pem4f.oem4f (.const:xdc_runtime_Startup_sfxnRts__C)
                  00009a08    00000004     empty_pem4f.oem4f (.const:xdc_runtime_Startup_sfxnTab__C)
                  00009a0c    00000004     empty_pem4f.oem4f (.const:xdc_runtime_SysMin_bufSize__C)
                  00009a10    00000004     empty_pem4f.oem4f (.const:xdc_runtime_SysMin_outputFunc__C)
                  00009a14    00000004     empty_pem4f.oem4f (.const:xdc_runtime_System_Module__gateObj__C)
                  00009a18    00000004     empty_pem4f.oem4f (.const:xdc_runtime_System_abortFxn__C)
                  00009a1c    00000004     empty_pem4f.oem4f (.const:xdc_runtime_System_exitFxn__C)
                  00009a20    00000004     empty_pem4f.oem4f (.const:xdc_runtime_System_extendFxn__C)
                  00009a24    00000004     empty_pem4f.oem4f (.const:xdc_runtime_System_maxAtexitHandlers__C)
                  00009a28    00000004     empty_pem4f.oem4f (.const:xdc_runtime_Text_charTab__C)
                  00009a2c    00000004     empty_pem4f.oem4f (.const:xdc_runtime_Text_nameEmpty__C)
                  00009a30    00000004     empty_pem4f.oem4f (.const:xdc_runtime_Text_nameStatic__C)
                  00009a34    00000004     empty_pem4f.oem4f (.const:xdc_runtime_Text_nameUnknown__C)
                  00009a38    00000004     empty_pem4f.oem4f (.const:xdc_runtime_Text_nodeTab__C)
                  00009a3c    00000004     empty_pem4f.oem4f (.const:xdc_runtime_Text_visitRopeFxn__C)
                  00009a40    00000002     empty_pem4f.oem4f (.const:ti_sysbios_family_arm_m3_Hwi_Module__id__C)
                  00009a42    00000002     empty_pem4f.oem4f (.const:ti_sysbios_gates_GateMutex_Module__id__C)
                  00009a44    00000002     empty_pem4f.oem4f (.const:ti_sysbios_hal_Hwi_Module__id__C)
                  00009a46    00000002     empty_pem4f.oem4f (.const:ti_sysbios_heaps_HeapMem_Module__id__C)
                  00009a48    00000002     empty_pem4f.oem4f (.const:ti_sysbios_knl_Clock_Module__id__C)
                  00009a4a    00000002     empty_pem4f.oem4f (.const:ti_sysbios_knl_Semaphore_Module__id__C)
                  00009a4c    00000002     empty_pem4f.oem4f (.const:ti_sysbios_knl_Task_Module__id__C)
                  00009a4e    00000002     empty_pem4f.oem4f (.const:xdc_runtime_Core_Module__id__C)
                  00009a50    00000002     empty_pem4f.oem4f (.const:xdc_runtime_Error_Module__loggerDefined__C)
                  00009a52    00000002     empty_pem4f.oem4f (.const:xdc_runtime_Error_maxDepth__C)
                  00009a54    00000002     empty_pem4f.oem4f (.const:xdc_runtime_Memory_Module__id__C)
                  00009a56    00000002     empty_pem4f.oem4f (.const:xdc_runtime_SysMin_flushAtExit__C)
                  00009a58    00000002     empty_pem4f.oem4f (.const:xdc_runtime_Text_charCnt__C)
                  00009a5a    00000002     empty_pem4f.oem4f (.const:xdc_runtime_Text_isLoaded__C)
                  00009a5c    00000002     empty_pem4f.oem4f (.const:xdc_runtime_Text_registryModsLastId__C)
                  00009a5e    00000002     empty_pem4f.oem4f (.const:xdc_runtime_Text_unnamedModsLastId__C)

.cinit     0    00009a60    00000218     
                  00009a60    000001e3     (.cinit..data.load) [load image, compression = lzss]
                  00009c43    00000001     --HOLE-- [fill = 0]
                  00009c44    0000000c     (__TI_handler_table)
                  00009c50    00000008     (.cinit..bss.load) [load image, compression = zero_init]
                  00009c58    00000008     (.cinit..vecs.load) [load image, compression = zero_init]
                  00009c60    00000018     (__TI_cinit_table)

.init_array 
*          0    00000000    00000000     UNINITIALIZED

.resetVecs 
*          0    00000000    0000003c     
                  00000000    0000003c     empty_pem4f.oem4f (.resetVecs)

.bss       0    20000360    000010d8     UNINITIALIZED
                  20000360    00000400     (.common:ti_sysbios_heaps_HeapMem_Instance_State_0_buf__A)
                  20000760    000003e8     (.common:tsk0Stack)
                  20000b48    00000360     (.common:ti_sysbios_family_arm_m3_Hwi_dispatchTable)
                  20000ea8    00000200     empty_pem4f.oem4f (.bss:taskStackSection)
                  200010a8    00000120     rtsv7M4_T_le_v4SPD16_eabi.lib : trgmsg.c.obj (.bss:_CIOBUF_)
                  200011c8    000000cc     (.common:uartTivaObjects)
                  20001294    00000090     drivers_tivaware.aem4f : GPIOTiva.oem4f (.bss:gpioCallbackInfo)
                  20001324    00000080     (.common:xdc_runtime_SysMin_Module_State_0_outbuf__A)
                  200013a4    00000050     (.common:tsk0Struct)
                  200013f4    00000020     (.common:uartTivaRingBuffer)
                  20001414    0000000c     (.common:flag)
                  20001420    0000000c     (.common:servoPos)
                  2000142c    00000008     (.common:parmbuf)
                  20001434    00000004     (.common:gpioInterruptVectors)

.data      0    20001438    0000042e     UNINITIALIZED
                  20001438    00000080     empty_pem4f.oem4f (.data:ti_sysbios_knl_Swi_Module_State_0_readyQ__A)
                  200014b8    00000080     empty_pem4f.oem4f (.data:ti_sysbios_knl_Task_Module_State_0_readyQ__A)
                  20001538    0000004c     empty_pem4f.oem4f (.data:ti_sysbios_knl_Task_Object__table__V)
                  20001584    00000044     empty_pem4f.oem4f (.data:ti_sysbios_knl_Task_Module__state__V)
                  200015c8    00000040     empty_pem4f.oem4f (.data:ti_sysbios_family_arm_lm4_Timer_Object__table__V)
                  20001608    00000038     empty_pem4f.oem4f (.data:ti_sysbios_gates_GateMutex_Object__table__V)
                  20001640    00000034     empty_pem4f.oem4f (.data:ti_sysbios_family_arm_m3_Hwi_Module__state__V)
                  20001674    00000030     empty_pem4f.oem4f (.data:ti_sysbios_family_arm_lm4_Timer_Module_State_0_device__A)
                  200016a4    00000030     empty_pem4f.oem4f (.data:ti_sysbios_knl_Swi_Object__table__V)
                  200016d4    0000002c     empty_pem4f.oem4f (.data:ti_sysbios_knl_Clock_Module__state__V)
                  20001700    00000024     empty_pem4f.oem4f (.data:ti_sysbios_BIOS_Module__state__V)
                  20001724    00000020     EK_TM4C123GXL.obj (.data:gpioPinConfigs)
                  20001744    0000001c     empty_pem4f.oem4f (.data:ti_sysbios_knl_Swi_Module__state__V)
                  20001760    00000018     empty_pem4f.oem4f (.data:ti_sysbios_family_arm_lm4_Timer_Module_State_0_handles__A)
                  20001778    00000018     empty_pem4f.oem4f (.data:ti_sysbios_family_arm_m3_Hwi_Object__table__V)
                  20001790    00000018     empty_pem4f.oem4f (.data:ti_sysbios_heaps_HeapMem_Object__table__V)
                  200017a8    00000014     EK_TM4C123GXL.obj (.data:gpioCallbackFunctions)
                  200017bc    0000000c     empty_pem4f.oem4f (.data:ti_sysbios_family_arm_lm4_Timer_Module__state__V)
                  200017c8    0000000c     empty_pem4f.oem4f (.data:xdc_runtime_SysMin_Module__state__V)
                  200017d4    00000008     rtsv7M4_T_le_v4SPD16_eabi.lib : _lock.c.obj (.data:$O1$$)
                  200017dc    00000008     empty_pem4f.oem4f (.data:ti_sysbios_family_arm_m3_Hwi_Module__root__V)
                  200017e4    00000008     empty_pem4f.oem4f (.data:ti_sysbios_gates_GateHwi_Module__root__V)
                  200017ec    00000008     empty_pem4f.oem4f (.data:ti_sysbios_gates_GateMutex_Module__root__V)
                  200017f4    00000008     empty_pem4f.oem4f (.data:ti_sysbios_heaps_HeapMem_Module__root__V)
                  200017fc    00000008     empty_pem4f.oem4f (.data:ti_sysbios_knl_Clock_Module__root__V)
                  20001804    00000008     empty_pem4f.oem4f (.data:ti_sysbios_knl_Queue_Module__root__V)
                  2000180c    00000008     empty_pem4f.oem4f (.data:ti_sysbios_knl_Semaphore_Module__root__V)
                  20001814    00000008     empty_pem4f.oem4f (.data:ti_sysbios_knl_Task_Module__root__V)
                  2000181c    00000008     empty_pem4f.oem4f (.data:xdc_runtime_Registry_Module__state__V)
                  20001824    00000008     empty_pem4f.oem4f (.data:xdc_runtime_Startup_Module__state__V)
                  2000182c    00000008     empty_pem4f.oem4f (.data:xdc_runtime_System_Module_State_0_atexitHandlers__A)
                  20001834    00000008     empty_pem4f.oem4f (.data:xdc_runtime_System_Module__state__V)
                  2000183c    00000005     drivers_tivaware.aem4f : GPIOTiva.oem4f (.data)
                  20001841    00000001     --HOLE--
                  20001842    00000002     empty_pem4f.oem4f (.data:ti_sysbios_family_arm_m3_Hwi_Module_State_0_excActive__A)
                  20001844    00000004     drivers_tivaware.aem4f : UART.oem4f (.data)
                  20001848    00000004     pwmControl.obj (.data)
                  2000184c    00000004     rtsv7M4_T_le_v4SPD16_eabi.lib : stkdepth_vars.c.obj (.data)
                  20001850    00000004     empty_pem4f.oem4f (.data:ti_sysbios_family_arm_m3_Hwi_Module_State_0_excContext__A)
                  20001854    00000004     empty_pem4f.oem4f (.data:ti_sysbios_family_arm_m3_Hwi_Module_State_0_excStack__A)
                  20001858    00000004     empty_pem4f.oem4f (.data:ti_sysbios_gates_GateHwi_Object__table__V)
                  2000185c    00000004     empty_pem4f.oem4f (.data:ti_sysbios_knl_Task_Module_State_0_idleTask__A)
                  20001860    00000004     empty_pem4f.oem4f (.data:xdc_runtime_Memory_Module__state__V)
                  20001864    00000002     empty_pem4f.oem4f (.data:xdc_runtime_Error_Module__state__V)

.stack     0    20001868    00000300     UNINITIALIZED
                  20001868    00000300     --HOLE--

.bootVecs 
*          0    00000000    00000008     DSECT
                  00000000    00000008     boot.aem4f : boot.oem4f (.bootVecs)

.vecs      0    20000000    00000360     UNINITIALIZED
                  20000000    00000360     empty_pem4f.oem4f (.vecs)

xdc.meta   0    00000000    000000ea     COPY SECTION
                  00000000    000000ea     empty_pem4f.oem4f (xdc.meta)

MODULE SUMMARY

       Module                       code    ro data   rw data
       ------                       ----    -------   -------
    .\
       empty.obj                    2302    0         1092   
       pwmControl.obj               2004    0         16     
       EK_TM4C123GXL.obj            156     68        288    
       essentialFxn.obj             116     0         0      
    +--+----------------------------+-------+---------+---------+
       Total:                       4578    68        1396   
                                                             
    C:\Users\thors_000\workspace_v7\Project_robot_arm\Debug\configPkg\package\cfg\
       empty_pem4f.oem4f            1886    7788      4384   
    +--+----------------------------+-------+---------+---------+
       Total:                       1886    7788      4384   
                                                             
    C:/ti/tirtos_tivac_2_16_00_08/products/TivaWare_C_Series-2.1.1.71b/driverlib/ccs/Debug/driverlib.lib
       gpio.obj                     596     144       0      
       sysctl.obj                   318     0         0      
       uart.obj                     226     0         0      
       pwm.obj                      110     0         0      
    +--+----------------------------+-------+---------+---------+
       Total:                       1250    144       0      
                                                             
    C:/ti/tirtos_tivac_2_16_00_08/products/tidrivers_tivac_2_16_00_08/packages/ti/drivers/lib/drivers_tivaware.aem4f
       UARTTiva.oem4f               2262    116       0      
       GPIOTiva.oem4f               812     156       153    
       RingBuf.oem4f                164     0         0      
       UART.oem4f                   56      0         4      
    +--+----------------------------+-------+---------+---------+
       Total:                       3294    272       157    
                                                             
    C:\Users\thors_000\workspace_v7\Project_robot_arm\src\sysbios\sysbios.aem4f
       BIOS.obj                     12516   0         0      
       m3_Hwi_asm.obj               314     0         0      
       m3_TaskSupport_asm.obj       180     0         0      
       m3_Hwi_asm_switch.obj        118     0         0      
    +--+----------------------------+-------+---------+---------+
       Total:                       13128   0         0      
                                                             
    C:\ti\ccsv7\tools\compiler\ti-cgt-arm_18.1.0.LTS\lib\rtsv7M4_T_le_v4SPD16_eabi.lib
       fd_add_t2.asm.obj            438     0         0      
       trgmsg.c.obj                 108     0         288    
       fd_div_t2.asm.obj            310     0         0      
       fd_cmp_t2.asm.obj            268     0         0      
       fd_mul_t2.asm.obj            252     0         0      
       memcpy_t2.asm.obj            156     0         0      
       memset_t2.asm.obj            122     0         0      
       copy_decompress_lzss.c.obj   104     0         0      
       hostwrite.c.obj              88      0         0      
       cpy_tbl.c.obj                76      0         0      
       fd_toi_t2.asm.obj            72      0         0      
       u_divt2.asm.obj              64      0         0      
       i_tofd_t2.asm.obj            46      0         0      
       _lock.c.obj                  26      0         8      
       u_tofd_t2.asm.obj            32      0         0      
       args_main.c.obj              24      0         0      
       strlen.c.obj                 20      0         0      
       copy_decompress_none.c.obj   14      0         0      
       copy_zero_init.c.obj         12      0         0      
       hostopen.c.obj               0       0         8      
       exit.c.obj                   4       0         0      
       stkdepth_vars.c.obj          0       0         4      
       div0.asm.obj                 2       0         0      
    +--+----------------------------+-------+---------+---------+
       Total:                       2238    0         308    
                                                             
    C:\ti\tirtos_tivac_2_16_00_08\products\bios_6_45_01_29\packages\ti\catalog\arm\cortexm4\tiva\ce\lib\Boot.aem4f
       Boot_sysctl.oem4f            262     0         0      
       Boot.oem4f                   152     0         0      
    +--+----------------------------+-------+---------+---------+
       Total:                       414     0         0      
                                                             
    C:\ti\tirtos_tivac_2_16_00_08\products\bios_6_45_01_29\packages\ti\targets\arm\rtsarm\lib\auto_init.aem4f
       auto_init.oem4f              160     0         0      
    +--+----------------------------+-------+---------+---------+
       Total:                       160     0         0      
                                                             
    C:\ti\tirtos_tivac_2_16_00_08\products\bios_6_45_01_29\packages\ti\targets\arm\rtsarm\lib\boot.aem4f
       boot.oem4f                   88      0         0      
    +--+----------------------------+-------+---------+---------+
       Total:                       88      0         0      
                                                             
    C:\ti\tirtos_tivac_2_16_00_08\products\bios_6_45_01_29\packages\ti\targets\arm\rtsarm\lib\ti.targets.arm.rtsarm.aem4f
       System.oem4f                 1255    0         0      
       Text.oem4f                   672     0         0      
       Error.oem4f                  524     0         0      
       Core-mem.oem4f               358     0         0      
       Startup.oem4f                328     0         0      
       SysMin.oem4f                 248     0         0      
       Core-smem.oem4f              204     0         0      
       Memory.oem4f                 176     0         0      
       Assert.oem4f                 84      0         0      
       Core-params.oem4f            70      0         0      
       Core-label.oem4f             52      0         0      
       Registry.oem4f               32      0         0      
       Gate.oem4f                   28      0         0      
    +--+----------------------------+-------+---------+---------+
       Total:                       4031    0         0      
                                                             
       Stack:                       0       0         768    
       Linker Generated:            0       535       0      
    +--+----------------------------+-------+---------+---------+
       Grand Total:                 31067   8807      7013   


LINKER GENERATED COPY TABLES

__TI_cinit_table @ 00009c60 records: 3, size/record: 8, table size: 24
	.data: load addr=00009a60, load size=000001e3 bytes, run addr=20001438, run size=0000042e bytes, compression=lzss
	.bss: load addr=00009c50, load size=00000008 bytes, run addr=20000360, run size=000010d8 bytes, compression=zero_init
	.vecs: load addr=00009c58, load size=00000008 bytes, run addr=20000000, run size=00000360 bytes, compression=zero_init


LINKER GENERATED HANDLER TABLE

__TI_handler_table @ 00009c44 records: 3, size/record: 4, table size: 12
	index: 0, handler: __TI_decompress_lzss
	index: 1, handler: __TI_decompress_none
	index: 2, handler: __TI_zero_init


GLOBAL SYMBOLS: SORTED ALPHABETICALLY BY Name 

address   name                                                              
-------   ----                                                              
0000139d  C$$EXIT                                                           
00006763  C$$IO$$                                                           
00006a65  EK_TM4C123GXL_initGPIO                                            
000064c1  EK_TM4C123GXL_initGeneral                                         
00006d09  EK_TM4C123GXL_initUART                                            
00006de9  GPIODirModeSet                                                    
00002fd3  GPIOIntClear                                                      
00007845  GPIOIntEnable                                                     
000077e1  GPIOIntStatus                                                     
00005ba9  GPIOIntTypeSet                                                    
0000310d  GPIOPadConfigSet                                                  
00006065  GPIOPinConfigure                                                  
0000765d  GPIOPinTypeGPIOInput                                              
0000766f  GPIOPinTypePWM                                                    
00007681  GPIOPinTypeUART                                                   
0000510b  GPIOPinWrite                                                      
00009834  GPIOTiva_config                                                   
00006a95  GPIO_enableInt                                                    
00005559  GPIO_hwiIntFxn                                                    
00004ac5  GPIO_init                                                         
00005cfd  GPIO_setCallback                                                  
00002845  GPIO_setConfig                                                    
00005d4d  GPIO_write                                                        
00005aa1  HOSTwrite                                                         
0000708d  PWMGenConfigure                                                   
00007851  PWMGenEnable                                                      
000076dd  PWMGenPeriodSet                                                   
00007693  PWMOutputState                                                    
00007259  PWMPulseWidthSet                                                  
000076a5  RingBuf_construct                                                 
00006501  RingBuf_get                                                       
0000785d  RingBuf_peek                                                      
000061d1  RingBuf_put                                                       
UNDEFED   SHT$$INIT_ARRAY$$Base                                             
UNDEFED   SHT$$INIT_ARRAY$$Limit                                            
00003a55  SysCtlClockSet                                                    
000079d1  SysCtlDelay                                                       
000075bd  SysCtlPWMClockSet                                                 
00006889  SysCtlPeripheralEnable                                            
0000795d  UARTCharGet                                                       
000077ef  UARTCharGetNonBlocking                                            
00007967  UARTCharPut                                                       
000077fd  UARTCharPutNonBlocking                                            
000063f9  UARTConfigSetExpClk                                               
00007295  UARTDisable                                                       
000075d1  UARTEnable                                                        
000079d7  UARTFIFOLevelSet                                                  
00007869  UARTFlowControlSet                                                
00000e5d  UARTIntClear                                                      
00007971  UARTIntDisable                                                    
00007999  UARTIntEnable                                                     
0000797b  UARTIntStatus                                                     
000079dd  UARTRxErrorClear                                                  
[...]
000079a1  UARTRxErrorGet                                                    
000079b1  ti_sysbios_family_arm_lm4_Timer_masterDisable__I                  
000079b9  ti_sysbios_family_arm_m3_Hwi_doSwiRestore__I                      
000079c1  ti_sysbios_family_arm_m3_Hwi_startup__E                           
000079c1  ti_sysbios_hal_Hwi_HwiProxy_startup__E                            
000079c1  ti_sysbios_hal_Hwi_startup__E                                     
000079d1  SysCtlDelay                                                       
000079d7  UARTFIFOLevelSet                                                  
000079dd  UARTRxErrorClear                                                  
000079e3  ti_catalog_arm_cortexm4_tiva_ce_Boot_sysCtlDelayI__I              
000079e9  ti_sysbios_family_arm_m3_Hwi_doTaskRestore__I                     
000079f1  ti_sysbios_family_arm_m3_Hwi_restoreFxn__E                        
000079f1  ti_sysbios_hal_Hwi_HwiProxy_restore__E                            
000079f9  ti_sysbios_gates_GateHwi_leave__E                                 
00007a01  ti_sysbios_heaps_HeapMem_isBlocking__E                            
00007a09  ti_sysbios_knl_Clock_stop__E                                      
00007a11  ti_sysbios_knl_Queue_Instance_init__E                             
00007a19  ti_sysbios_knl_Swi_startup__E                                     
00007a1f  xdc_runtime_System_Module_startup__E                              
00007a29  ti_sysbios_gates_GateHwi_query__E                                 
00007a29  xdc_runtime_Main_Module_GateProxy_query__E                        
00007a29  xdc_runtime_System_Module_GateProxy_query__E                      
00007a31  ti_sysbios_BIOS_RtsGateProxy_query__E                             
00007a31  ti_sysbios_gates_GateMutex_query__E                               
00007a31  ti_sysbios_heaps_HeapMem_Module_GateProxy_query__E                
00007a39  ti_sysbios_knl_Task_startup__E                                    
00007a41  ti_sysbios_gates_GateHwi_Instance_init__E                         
00007a49  ti_sysbios_knl_Clock_logTick__E                                   
00007a4c  xdc_runtime_Text_charTab__A                                       
000092ad  xdc_runtime_Error_policy__C                                       
000092ae  xdc_runtime_Text_nodeTab__A                                       
0000936a  ti_catalog_arm_cortexm4_tiva_ce_Boot_Module__id__C                
0000952c  ti_sysbios_knl_Task_Object__PARAMS__C                             
00009568  ti_sysbios_family_arm_m3_Hwi_Object__PARAMS__C                    
00009598  UARTTiva_fxnTable                                                 
000095c0  ti_sysbios_heaps_HeapMem_Module__FXNS__C                          
000095e8  ti_sysbios_gates_GateHwi_Module__FXNS__C                          
0000960c  ti_sysbios_gates_GateMutex_Module__FXNS__C                        
00009630  ti_sysbios_heaps_HeapMem_Object__PARAMS__C                        
00009654  ti_sysbios_knl_Clock_Object__PARAMS__C                            
00009678  ti_sysbios_knl_Semaphore_Object__PARAMS__C                        
0000969c  ti_sysbios_family_arm_m3_Hwi_Object__DESC__C                      
000096bc  ti_sysbios_gates_GateHwi_Object__DESC__C                          
000096dc  ti_sysbios_gates_GateMutex_Object__DESC__C                        
000096fc  ti_sysbios_heaps_HeapMem_Object__DESC__C                          
0000971c  ti_sysbios_knl_Clock_Object__DESC__C                              
0000973c  ti_sysbios_knl_Queue_Object__DESC__C                              
0000975c  ti_sysbios_knl_Semaphore_Object__DESC__C                          
0000977c  ti_sysbios_knl_Task_Object__DESC__C                               
0000979c  xdc_runtime_Startup_sfxnTab__A                                    
000097bc  UART_config                                                       
000097d4  ti_sysbios_gates_GateHwi_Object__PARAMS__C                        
000097ec  ti_sysbios_gates_GateMutex_Object__PARAMS__C                      
00009804  ti_sysbios_knl_Queue_Object__PARAMS__C                            
0000981c  uartTivaHWAttrs                                                   
00009834  GPIOTiva_config                                                   
00009848  xdc_runtime_Startup_firstFxns__A                                  
0000985c  xdc_runtime_Startup_sfxnRts__A                                    
0000986c  ti_sysbios_family_arm_m3_Hwi_excHookFuncs__A                      
00009874  ti_sysbios_knl_Idle_funcList__C                                   
0000987c  xdc_runtime_Startup_firstFxns__C                                  
00009884  xdc_runtime_Startup_lastFxns__C                                   
0000988c  ti_catalog_arm_cortexm4_tiva_ce_Boot_A_mustUseEnhancedClockMode__C
00009890  ti_catalog_arm_cortexm4_tiva_ce_Boot_Module__diagsEnabled__C      
00009894  ti_catalog_arm_cortexm4_tiva_ce_Boot_Module__diagsIncluded__C     
00009898  ti_catalog_arm_cortexm4_tiva_ce_Boot_Module__diagsMask__C         
0000989c  ti_sysbios_family_arm_lm4_Timer_enableFunc__C                     
000098a0  ti_sysbios_family_arm_lm4_Timer_numTimerDevices__C                
000098a4  ti_sysbios_family_arm_lm4_Timer_startupNeeded__C                  
000098a8  ti_sysbios_family_arm_m3_Hwi_E_NMI__C                             
000098ac  ti_sysbios_family_arm_m3_Hwi_E_alreadyDefined__C                  
000098b0  ti_sysbios_family_arm_m3_Hwi_E_busFault__C                        
000098b4  ti_sysbios_family_arm_m3_Hwi_E_debugMon__C                        
000098b8  ti_sysbios_family_arm_m3_Hwi_E_hardFault__C                       
000098bc  ti_sysbios_family_arm_m3_Hwi_E_memFault__C                        
000098c0  ti_sysbios_family_arm_m3_Hwi_E_noIsr__C                           
000098c4  ti_sysbios_family_arm_m3_Hwi_E_reserved__C                        
000098c8  ti_sysbios_family_arm_m3_Hwi_E_svCall__C                          
000098cc  ti_sysbios_family_arm_m3_Hwi_E_usageFault__C                      
000098d0  ti_sysbios_family_arm_m3_Hwi_NUM_INTERRUPTS__C                    
000098d4  ti_sysbios_family_arm_m3_Hwi_Object__count__C                     
000098d8  ti_sysbios_family_arm_m3_Hwi_ccr__C                               
000098dc  ti_sysbios_family_arm_m3_Hwi_excHandlerFunc__C                    
000098e0  ti_sysbios_family_arm_m3_Hwi_excHookFuncs__C                      
000098e4  ti_sysbios_family_arm_m3_Hwi_nullIsrFunc__C                       
000098e8  ti_sysbios_family_arm_m3_Hwi_priGroup__C                          
000098ec  ti_sysbios_family_arm_m3_TaskSupport_stackAlignment__C            
000098f0  ti_sysbios_gates_GateMutex_A_badContext__C                        
000098f4  ti_sysbios_gates_GateMutex_Instance_State_sem__O                  
000098f8  ti_sysbios_gates_GateMutex_Module__diagsEnabled__C                
000098fc  ti_sysbios_gates_GateMutex_Module__diagsIncluded__C               
00009900  ti_sysbios_gates_GateMutex_Module__diagsMask__C                   
00009904  ti_sysbios_hal_Hwi_E_stackOverflow__C                             
00009908  ti_sysbios_heaps_HeapMem_A_align__C                               
0000990c  ti_sysbios_heaps_HeapMem_A_heapSize__C                            
00009910  ti_sysbios_heaps_HeapMem_A_invalidFree__C                         
00009914  ti_sysbios_heaps_HeapMem_A_zeroBlock__C                           
00009918  ti_sysbios_heaps_HeapMem_E_memory__C                              
0000991c  ti_sysbios_heaps_HeapMem_Module__diagsEnabled__C                  
00009920  ti_sysbios_heaps_HeapMem_Module__diagsIncluded__C                 
00009924  ti_sysbios_heaps_HeapMem_Module__diagsMask__C                     
00009928  ti_sysbios_heaps_HeapMem_Module__gateObj__C                       
0000992c  ti_sysbios_heaps_HeapMem_Object__count__C                         
00009930  ti_sysbios_heaps_HeapMem_reqAlign__C                              
00009934  ti_sysbios_knl_Clock_A_badThreadType__C                           
00009938  ti_sysbios_knl_Clock_Module_State_clockQ__O                       
0000993c  ti_sysbios_knl_Clock_Module__diagsEnabled__C                      
00009940  ti_sysbios_knl_Clock_Module__diagsIncluded__C                     
00009944  ti_sysbios_knl_Clock_Module__diagsMask__C                         
00009948  ti_sysbios_knl_Idle_funcList__A                                   
0000994c  ti_sysbios_knl_Semaphore_A_badContext__C                          
00009950  ti_sysbios_knl_Semaphore_A_noEvents__C                            
00009954  ti_sysbios_knl_Semaphore_A_overflow__C                            
00009958  ti_sysbios_knl_Semaphore_A_pendTaskDisabled__C                    
0000995c  ti_sysbios_knl_Semaphore_Instance_State_pendQ__O                  
00009960  ti_sysbios_knl_Semaphore_Module__diagsEnabled__C                  
00009964  ti_sysbios_knl_Semaphore_Module__diagsIncluded__C                 
00009968  ti_sysbios_knl_Semaphore_Module__diagsMask__C                     
0000996c  ti_sysbios_knl_Swi_Object__count__C                               
00009970  ti_sysbios_knl_Task_A_badPriority__C                              
00009974  ti_sysbios_knl_Task_A_badTaskState__C                             
00009978  ti_sysbios_knl_Task_A_badThreadType__C                            
0000997c  ti_sysbios_knl_Task_A_badTimeout__C                               
00009980  ti_sysbios_knl_Task_A_noPendElem__C                               
00009984  ti_sysbios_knl_Task_A_sleepTaskDisabled__C                        
00009988  ti_sysbios_knl_Task_E_spOutOfBounds__C                            
0000998c  ti_sysbios_knl_Task_E_stackOverflow__C                            
00009990  ti_sysbios_knl_Task_Module_State_inactiveQ__O                     
00009994  ti_sysbios_knl_Task_Module__diagsEnabled__C                       
00009998  ti_sysbios_knl_Task_Module__diagsIncluded__C                      
0000999c  ti_sysbios_knl_Task_Module__diagsMask__C                          
000099a0  ti_sysbios_knl_Task_Object__count__C                              
000099a4  ti_sysbios_knl_Task_allBlockedFunc__C                             
000099a8  ti_sysbios_knl_Task_defaultStackHeap__C                           
000099ac  ti_sysbios_knl_Task_defaultStackSize__C                           
000099b0  ti_sysbios_knl_Task_numConstructedTasks__C                        
000099b4  xdc_runtime_Assert_E_assertFailed__C                              
000099b8  xdc_runtime_Core_A_initializedParams__C                           
000099bc  xdc_runtime_Core_Module__diagsEnabled__C                          
000099c0  xdc_runtime_Core_Module__diagsIncluded__C                         
000099c4  xdc_runtime_Core_Module__diagsMask__C                             
000099c8  xdc_runtime_Error_E_memory__C                                     
000099cc  xdc_runtime_Error_Module__diagsEnabled__C                         
000099d0  xdc_runtime_Error_Module__diagsIncluded__C                        
000099d4  xdc_runtime_Error_Module__diagsMask__C                            
000099d8  xdc_runtime_Error_Module__loggerFxn8__C                           
000099dc  xdc_runtime_Error_Module__loggerObj__C                            
000099e0  xdc_runtime_Error_policyFxn__C                                    
000099e4  xdc_runtime_Error_raiseHook__C                                    
000099e8  xdc_runtime_IGateProvider_Interface__BASE__C                      
000099ec  xdc_runtime_IHeap_Interface__BASE__C                              
000099f0  xdc_runtime_IModule_Interface__BASE__C                            
000099f4  xdc_runtime_Log_L_error__C                                        
000099f8  xdc_runtime_Memory_defaultHeapInstance__C                         
000099fc  xdc_runtime_Startup_execImpl__C                                   
00009a00  xdc_runtime_Startup_maxPasses__C                                  
00009a04  xdc_runtime_Startup_sfxnRts__C                                    
00009a08  xdc_runtime_Startup_sfxnTab__C                                    
00009a0c  xdc_runtime_SysMin_bufSize__C                                     
00009a10  xdc_runtime_SysMin_outputFunc__C                                  
00009a14  xdc_runtime_System_Module__gateObj__C                             
00009a18  xdc_runtime_System_abortFxn__C                                    
00009a1c  xdc_runtime_System_exitFxn__C                                     
00009a20  xdc_runtime_System_extendFxn__C                                   
00009a24  xdc_runtime_System_maxAtexitHandlers__C                           
00009a28  xdc_runtime_Text_charTab__C                                       
00009a2c  xdc_runtime_Text_nameEmpty__C                                     
00009a30  xdc_runtime_Text_nameStatic__C                                    
00009a34  xdc_runtime_Text_nameUnknown__C                                   
00009a38  xdc_runtime_Text_nodeTab__C                                       
00009a3c  xdc_runtime_Text_visitRopeFxn__C                                  
00009a40  ti_sysbios_family_arm_m3_Hwi_Module__id__C                        
00009a42  ti_sysbios_gates_GateMutex_Module__id__C                          
00009a44  ti_sysbios_hal_Hwi_Module__id__C                                  
00009a46  ti_sysbios_heaps_HeapMem_Module__id__C                            
00009a48  ti_sysbios_knl_Clock_Module__id__C                                
00009a4a  ti_sysbios_knl_Semaphore_Module__id__C                            
00009a4c  ti_sysbios_knl_Task_Module__id__C                                 
00009a4e  xdc_runtime_Core_Module__id__C                                    
00009a50  xdc_runtime_Error_Module__loggerDefined__C                        
00009a52  xdc_runtime_Error_maxDepth__C                                     
00009a54  xdc_runtime_Memory_Module__id__C                                  
00009a56  xdc_runtime_SysMin_flushAtExit__C                                 
00009a58  xdc_runtime_Text_charCnt__C                                       
00009a5a  xdc_runtime_Text_isLoaded__C                                      
00009a5c  xdc_runtime_Text_registryModsLastId__C                            
00009a5e  xdc_runtime_Text_unnamedModsLastId__C                             
00009a60  __TI_static_base__                                                
00009c44  __TI_Handler_Table_Base                                           
00009c50  __TI_Handler_Table_Limit                                          
00009c60  __TI_CINIT_Base                                                   
00009c78  __TI_CINIT_Limit                                                  
20000000  ti_sysbios_family_arm_m3_Hwi_ramVectors                           
20000360  ti_sysbios_heaps_HeapMem_Instance_State_0_buf__A                  
20000760  tsk0Stack                                                         
20000b48  ti_sysbios_family_arm_m3_Hwi_dispatchTable                        
20000ea8  ti_sysbios_knl_Task_Instance_State_0_stack__A                     
200010a8  __CIOBUF_                                                         
200011c8  uartTivaObjects                                                   
20001324  xdc_runtime_SysMin_Module_State_0_outbuf__A                       
200013a4  tsk0Struct                                                        
200013f4  uartTivaRingBuffer                                                
20001414  flag                                                              
20001420  servoPos                                                          
2000142c  parmbuf                                                           
20001438  ti_sysbios_knl_Swi_Module_State_0_readyQ__A                       
200014b8  ti_sysbios_knl_Task_Module_State_0_readyQ__A                      
20001538  ti_sysbios_knl_Task_Object__table__V                              
20001584  ti_sysbios_knl_Task_Module__state__V                              
200015c8  ti_sysbios_family_arm_lm4_Timer_Object__table__V                  
20001608  ti_sysbios_gates_GateMutex_Object__table__V                       
20001640  ti_sysbios_family_arm_m3_Hwi_Module__state__V                     
20001674  ti_sysbios_family_arm_lm4_Timer_Module_State_0_device__A          
200016a4  ti_sysbios_knl_Swi_Object__table__V                               
200016d4  ti_sysbios_knl_Clock_Module__state__V                             
20001700  ti_sysbios_BIOS_Module__state__V                                  
20001724  gpioPinConfigs                                                    
20001744  ti_sysbios_knl_Swi_Module__state__V                               
20001760  ti_sysbios_family_arm_lm4_Timer_Module_State_0_handles__A         
20001778  ti_sysbios_family_arm_m3_Hwi_Object__table__V                     
20001790  ti_sysbios_heaps_HeapMem_Object__table__V                         
200017a8  gpioCallbackFunctions                                             
200017bc  ti_sysbios_family_arm_lm4_Timer_Module__state__V                  
200017c8  xdc_runtime_SysMin_Module__state__V                               
200017d4  _lock                                                             
200017d8  _unlock                                                           
200017dc  ti_sysbios_family_arm_m3_Hwi_Module__root__V                      
200017e4  ti_sysbios_gates_GateHwi_Module__root__V                          
200017ec  ti_sysbios_gates_GateMutex_Module__root__V                        
200017f4  ti_sysbios_heaps_HeapMem_Module__root__V                          
200017fc  ti_sysbios_knl_Clock_Module__root__V                              
20001804  ti_sysbios_knl_Queue_Module__root__V                              
2000180c  ti_sysbios_knl_Semaphore_Module__root__V                          
20001814  ti_sysbios_knl_Task_Module__root__V                               
2000181c  xdc_runtime_Registry_Module__state__V                             
20001824  xdc_runtime_Startup_Module__state__V                              
2000182c  xdc_runtime_System_Module_State_0_atexitHandlers__A               
20001834  xdc_runtime_System_Module__state__V                               
20001842  ti_sysbios_family_arm_m3_Hwi_Module_State_0_excActive__A          
20001848  servoInc                                                          
2000184a  servoSleep                                                        
2000184c  main_func_sp                                                      
20001850  ti_sysbios_family_arm_m3_Hwi_Module_State_0_excContext__A         
20001854  ti_sysbios_family_arm_m3_Hwi_Module_State_0_excStack__A           
20001858  ti_sysbios_gates_GateHwi_Object__table__V                         
2000185c  ti_sysbios_knl_Task_Module_State_0_idleTask__A                    
20001860  xdc_runtime_Memory_Module__state__V                               
20001864  xdc_runtime_Error_Module__state__V                                
20001868  __stack                                                           
20001b68  __STACK_END                                                       
e000e000  ti_sysbios_family_arm_m3_Hwi_nvic                                 
ffffffff  __TI_pprof_out_hndl                                               
ffffffff  __TI_prof_data_size                                               
ffffffff  __TI_prof_data_start                                              
ffffffff  __binit__                                                         
ffffffff  __c_args__                                                        
ffffffff  binit                                                             
UNDEFED   SHT$$INIT_ARRAY$$Base                                             
UNDEFED   SHT$$INIT_ARRAY$$Limit                                            

[641 symbols]
