******************************************************************************
                  TI ARM Linker PC v18.1.0                     
******************************************************************************
>> Linked Sat Mar 17 16:16:29 2018

OUTPUT FILE NAME:   <Project_robot_arm.out>
ENTRY POINT SYMBOL: "_c_int00"  address: 00004fc1


MEMORY CONFIGURATION

         name            origin    length      used     unused   attr    fill
----------------------  --------  ---------  --------  --------  ----  --------
  FLASH                 00000000   00040000  000092fa  00036d06  R  X
  SRAM                  20000000   00008000  0000199a  00006666  RW X


SEGMENT ALLOCATION MAP

run origin  load origin   length   init length attrs members
----------  ----------- ---------- ----------- ----- -------
00000000    00000000    00009300   00009300    r-x
  00000000    00000000    0000003c   0000003c    r-- .resetVecs
  00000040    00000040    0000702a   0000702a    r-x .text
  0000706c    0000706c    0000207c   0000207c    r-- .const
  000090e8    000090e8    00000218   00000218    r-- .cinit
20000000    20000000    000019a0   00000000    rw-
  20000000    20000000    00000360   00000000    rw- .vecs
  20000360    20000360    00000ef4   00000000    rw- .bss
  20001254    20001254    00000446   00000000    rw- .data
  200016a0    200016a0    00000300   00000000    rw- .stack


SECTION ALLOCATION MAP

 output                                  attributes/
section   page    origin      length       input sections
--------  ----  ----------  ----------   ----------------
.text      0    00000040    0000702a     
                  00000040    00000430     sysbios.aem4f : BIOS.obj (.text:ti_sysbios_family_arm_m3_Hwi_excDumpRegs__I)
                  00000470    0000034c     ti.targets.arm.rtsarm.aem4f : System.oem4f (.text:xdc_runtime_System_doPrint__I)
                  000007bc    00000004     driverlib.lib : uart.obj (.text:UARTIntClear)
                  000007c0    000002d0     sysbios.aem4f : BIOS.obj (.text:ti_sysbios_knl_Semaphore_pend__E)
                  00000a90    0000026c                   : BIOS.obj (.text:ti_sysbios_heaps_HeapMem_free__E)
                  00000cfc    00000004     rtsv7M4_T_le_v4SPD16_eabi.lib : exit.c.obj (.text:abort:abort)
                  00000d00    00000250     sysbios.aem4f : BIOS.obj (.text:ti_sysbios_heaps_HeapMem_alloc__E)
                  00000f50    00000234                   : BIOS.obj (.text:ti_sysbios_knl_Task_Instance_finalize__E)
                  00001184    0000020c     drivers_tivaware.aem4f : UARTTiva.oem4f (.text:UARTTiva_open)
                  00001390    000001fc     sysbios.aem4f : BIOS.obj (.text:ti_sysbios_family_arm_m3_Hwi_excHandlerMax__I)
                  0000158c    00000004     empty_pem4f.oem4f (.text:ti_sysbios_BIOS_RtsGateProxy_enter__E)
                  00001590    000001f0     sysbios.aem4f : BIOS.obj (.text:ti_sysbios_knl_Task_sleep__E)
                  00001780    000001c0                   : BIOS.obj (.text:ti_sysbios_knl_Task_Instance_init__E)
                  00001940    000001b6     rtsv7M4_T_le_v4SPD16_eabi.lib : fd_add_t2.asm.obj (.text)
                  00001af6    00000002                                   : _lock.c.obj (.text:_nop)
                  00001af8    00000174     empty.obj (.text:loop)
                  00001c6c    00000004     empty_pem4f.oem4f (.text:ti_sysbios_BIOS_RtsGateProxy_leave__E)
                  00001c70    00000174     sysbios.aem4f : BIOS.obj (.text:ti_sysbios_family_arm_m3_Hwi_excBusFault__I)
                  00001de4    00000170     drivers_tivaware.aem4f : PWMTiva.oem4f (.text:PWMTiva_open)
                  00001f54    00000004     sysbios.aem4f : BIOS.obj (.text:ti_sysbios_family_arm_lm4_Timer_masterEnable__I)
                  00001f58    00000164                   : BIOS.obj (.text:ti_sysbios_family_arm_m3_Hwi_excUsageFault__I)
                  000020bc    00000150     drivers_tivaware.aem4f : GPIOTiva.oem4f (.text:GPIO_setConfig)
                  0000220c    00000004     empty_pem4f.oem4f (.text:ti_sysbios_family_arm_m3_Hwi_destruct)
                  00002210    00000148     sysbios.aem4f : BIOS.obj (.text:ti_sysbios_family_arm_m3_Hwi_excMemFault__I)
                  00002358    0000013c                   : BIOS.obj (.text:ti_sysbios_heaps_HeapMem_Instance_init__E)
                  00002494    00000136     rtsv7M4_T_le_v4SPD16_eabi.lib : fd_div_t2.asm.obj (.text)
                  000025ca    00000006     driverlib.lib : gpio.obj (.text:GPIOIntClear)
                  000025d0    00000134     sysbios.aem4f : BIOS.obj (.text:ti_sysbios_family_arm_lm4_Timer_start__E)
                  00002704    00000130     driverlib.lib : gpio.obj (.text:GPIOPadConfigSet)
                  00002834    00000004     empty_pem4f.oem4f (.text:ti_sysbios_family_arm_m3_TaskSupport_Module__startupDone__S)
                  00002838    0000011c     sysbios.aem4f : BIOS.obj (.text:ti_sysbios_knl_Clock_Instance_init__E)
                  00002954    00000118     ti.targets.arm.rtsarm.aem4f : Error.oem4f (.text:xdc_runtime_Error_policyDefault__E)
                  00002a6c    00000100     Boot.aem4f : Boot_sysctl.oem4f (.text:ti_catalog_arm_cortexm4_tiva_ce_Boot_sysCtlClockSetI__I)
                  00002b6c    00000100     ti.targets.arm.rtsarm.aem4f : Core-mem.oem4f (.text:xdc_runtime_Core_createObject__I)
                  00002c6c    000000fc     rtsv7M4_T_le_v4SPD16_eabi.lib : fd_mul_t2.asm.obj (.text)
                  00002d68    000000f8     ti.targets.arm.rtsarm.aem4f : Startup.oem4f (.text:xdc_runtime_Startup_startMods__I)
                  00002e60    000000f8     empty_pem4f.oem4f (.text:xdc_runtime_System_printfExtend__I)
                  00002f58    000000f4     empty.obj (.text:main)
                  0000304c    000000f4     sysbios.aem4f : m3_Hwi_asm.obj (.text:ti_sysbios_family_arm_m3_Hwi_dispatch__I)
                  00003140    000000f0     drivers_tivaware.aem4f : PWMTiva.oem4f (.text:PWMTiva_setDuty)
                  00003230    000000ec     sysbios.aem4f : BIOS.obj (.text:ti_sysbios_knl_Semaphore_post__E)
                  0000331c    000000cc     ti.targets.arm.rtsarm.aem4f : Core-smem.oem4f (.text:xdc_runtime_Core_constructObject__I)
                  000033e8    000000bc     sysbios.aem4f : BIOS.obj (.text:ti_sysbios_family_arm_m3_Hwi_excDebugMon__I)
                  000034a4    00000004     empty_pem4f.oem4f (.text:ti_sysbios_heaps_HeapMem_Module_GateProxy_enter__E)
                  000034a8    000000bc     sysbios.aem4f : BIOS.obj (.text:ti_sysbios_family_arm_m3_Hwi_excHardFault__I)
                  00003564    00000004     empty_pem4f.oem4f (.text:ti_sysbios_heaps_HeapMem_Module_GateProxy_leave__E)
                  00003568    000000b4     sysbios.aem4f : BIOS.obj (.text:ti_sysbios_gates_GateMutex_enter__E)
                  0000361c    00000004     empty_pem4f.oem4f (.text:ti_sysbios_knl_Clock_TimerProxy_getMaxTicks__E)
                  00003620    000000b4     sysbios.aem4f : BIOS.obj (.text:ti_sysbios_knl_Task_checkStacks__E)
                  000036d4    000000ac     drivers_tivaware.aem4f : UARTTiva.oem4f (.text:readTaskBlocking)
                  00003780    000000ac     sysbios.aem4f : BIOS.obj (.text:ti_sysbios_family_arm_lm4_Timer_enableTiva__I)
                  0000382c    00000004     empty_pem4f.oem4f (.text:ti_sysbios_knl_Clock_destruct)
                  00003830    000000a8     sysbios.aem4f : BIOS.obj (.text:ti_sysbios_family_arm_lm4_Timer_enableTimers__I)
                  000038d8    000000a8                   : BIOS.obj (.text:ti_sysbios_knl_Task_postInit__I)
                  00003980    000000a4                   : BIOS.obj (.text:ti_sysbios_knl_Clock_Instance_finalize__E)
                  00003a24    000000a0     auto_init.aem4f : auto_init.oem4f (.text)
                  00003ac4    000000a0     ti.targets.arm.rtsarm.aem4f : Text.oem4f (.text:xdc_runtime_Text_putMod__E)
                  00003b64    0000009c     rtsv7M4_T_le_v4SPD16_eabi.lib : memcpy_t2.asm.obj (.text)
                  00003c00    0000009c     sysbios.aem4f : BIOS.obj (.text:ti_sysbios_knl_Semaphore_Instance_init__E)
                  00003c9c    0000009a     ti.targets.arm.rtsarm.aem4f : Text.oem4f (.text:xdc_runtime_Text_putSite__E)
                  00003d36    00000098     drivers_tivaware.aem4f : UARTTiva.oem4f (.text:UARTTiva_readPolling)
                  00003dce    00000002     rtsv7M4_T_le_v4SPD16_eabi.lib : div0.asm.obj (.text)
                  00003dd0    00000098     Boot.aem4f : Boot.oem4f (.text:ti_catalog_arm_cortexm4_tiva_ce_Boot_sysCtlClockSet__E)
                  00003e68    00000094     drivers_tivaware.aem4f : UARTTiva.oem4f (.text:UARTTiva_write)
                  00003efc    00000004     empty_pem4f.oem4f (.text:ti_sysbios_knl_Queue_destruct)
                  00003f00    00000094     sysbios.aem4f : BIOS.obj (.text:ti_sysbios_family_arm_m3_Hwi_Instance_init__E)
                  00003f94    00000004     empty_pem4f.oem4f (.text:ti_sysbios_knl_Semaphore_destruct)
                  00003f98    00000094     sysbios.aem4f : BIOS.obj (.text:ti_sysbios_family_arm_m3_Hwi_initNVIC__E)
                  0000402c    0000008c     drivers_tivaware.aem4f : GPIOTiva.oem4f (.text:GPIO_init)
                  000040b8    0000008c                            : UARTTiva.oem4f (.text:UARTTiva_control)
                  00004144    0000008c     pwmControl.obj (.text:pwmLEDinit)
                  000041d0    0000008c     sysbios.aem4f : m3_TaskSupport_asm.obj (.text:ti_sysbios_family_arm_m3_TaskSupport_buildTaskStack)
                  0000425c    0000008a     drivers_tivaware.aem4f : UARTTiva.oem4f (.text:readIsrTextBlocking)
                  000042e6    00000002     empty_pem4f.oem4f (.text:ti_sysbios_BIOS_nullFunc__I)
                  000042e8    00000088     drivers_tivaware.aem4f : PWMTiva.oem4f (.text:PWMTiva_control)
                  00004370    00000086     rtsv7M4_T_le_v4SPD16_eabi.lib : fd_cmp_t2.asm.obj (.text:__aeabi_cdcmple)
                  000043f6    00000086                                   : fd_cmp_t2.asm.obj (.text:__aeabi_cdrcmple)
                  0000447c    00000004     ti.targets.arm.rtsarm.aem4f : Error.oem4f (.text:xdc_runtime_Error_getSite__E)
                  00004480    00000084     sysbios.aem4f : BIOS.obj (.text:ti_sysbios_family_arm_m3_Hwi_postInit__I)
                  00004504    00000082     drivers_tivaware.aem4f : UARTTiva.oem4f (.text:readIsrTextCallback)
                  00004586    0000007a                            : UARTTiva.oem4f (.text:readTaskCallback)
                  00004600    0000007a     rtsv7M4_T_le_v4SPD16_eabi.lib : memset_t2.asm.obj (.text)
                  0000467a    00000006     driverlib.lib : gpio.obj (.text:GPIOPinWrite)
                  00004680    00000074     sysbios.aem4f : BIOS.obj (.text:ti_sysbios_knl_Clock_start__E)
                  000046f4    00000004     empty_pem4f.oem4f (.text:xdc_runtime_System_Module_GateProxy_enter__E)
                  000046f8    00000070     sysbios.aem4f : BIOS.obj (.text:ti_sysbios_knl_Clock_workFunc__E)
                  00004768    00000070                   : BIOS.obj (.text:ti_sysbios_knl_Task_exit__E)
                  000047d8    0000006d     ti.targets.arm.rtsarm.aem4f : System.oem4f (.text:xdc_runtime_System_formatNum__I)
                  00004845    00000001     --HOLE-- [fill = 0]
                  00004846    00000002     empty_pem4f.oem4f (.text:xdc_runtime_Startup_reset__I)
                  00004848    0000006c     sysbios.aem4f : BIOS.obj (.text:ti_sysbios_knl_Swi_restoreHwi__E)
                  000048b4    0000006c     drivers_tivaware.aem4f : UARTTiva.oem4f (.text:writeData)
                  00004920    0000006c     ti.targets.arm.rtsarm.aem4f : Error.oem4f (.text:xdc_runtime_Error_print__E)
                  0000498c    0000006c                                 : Memory.oem4f (.text:xdc_runtime_Memory_alloc__E)
                  000049f8    0000006a     drivers_tivaware.aem4f : PWMTiva.oem4f (.text:PWMTiva_close)
                  00004a62    00000068     rtsv7M4_T_le_v4SPD16_eabi.lib : copy_decompress_lzss.c.obj (.text:decompress:lzss:__TI_decompress_lzss)
                  00004aca    00000066     ti.targets.arm.rtsarm.aem4f : Core-mem.oem4f (.text:xdc_runtime_Core_deleteObject__I)
                  00004b30    00000064     drivers_tivaware.aem4f : GPIOTiva.oem4f (.text:GPIO_hwiIntFxn)
                  00004b94    00000004     empty_pem4f.oem4f (.text:xdc_runtime_System_Module_GateProxy_leave__E)
                  00004b98    00000064     sysbios.aem4f : BIOS.obj (.text:ti_sysbios_family_arm_lm4_Timer_Module_startup__E)
                  00004bfc    00000064     empty_pem4f.oem4f (.text:ti_sysbios_family_arm_m3_Hwi_create)
                  00004c60    00000064     sysbios.aem4f : BIOS.obj (.text:ti_sysbios_family_arm_m3_Hwi_dispatchC__I)
                  00004cc4    00000004     ti.targets.arm.rtsarm.aem4f : System.oem4f (.text:xdc_runtime_System_aprintf_va__F)
                  00004cc8    00000060     sysbios.aem4f : BIOS.obj (.text:ti_sysbios_family_arm_lm4_Timer_isrStub__E)
                  00004d28    00000060                   : BIOS.obj (.text:ti_sysbios_knl_Task_schedule__I)
                  00004d88    0000005e     drivers_tivaware.aem4f : UARTTiva.oem4f (.text:readIsrBinaryBlocking)
                  00004de6    00000002     --HOLE-- [fill = 0]
                  00004de8    0000005c     sysbios.aem4f : BIOS.obj (.text:ti_sysbios_knl_Swi_run__I)
                  00004e44    00000004     ti.targets.arm.rtsarm.aem4f : System.oem4f (.text:xdc_runtime_System_printf_va__F)
                  00004e48    0000005c     sysbios.aem4f : BIOS.obj (.text:ti_sysbios_knl_Swi_schedule__I)
                  00004ea4    00000004     --HOLE-- [fill = 0]
                  00004ea8    0000005c                   : BIOS.obj (.text:ti_sysbios_knl_Task_Module_startup__E)
                  00004f04    00000004     --HOLE-- [fill = 0]
                  00004f08    0000005c                   : BIOS.obj (.text:ti_sysbios_knl_Task_startCore__E)
                  00004f64    0000005b     ti.targets.arm.rtsarm.aem4f : Text.oem4f (.text:xdc_runtime_Text_putLab__E)
                  00004fbf    00000001     --HOLE-- [fill = 0]
                  00004fc0    00000058     boot.aem4f : boot.oem4f (.text)
                  00005018    00000058     rtsv7M4_T_le_v4SPD16_eabi.lib : hostwrite.c.obj (.text:HOSTwrite)
                  00005070    00000058     empty_pem4f.oem4f (.text:ti_sysbios_family_arm_m3_Hwi_construct)
                  000050c8    00000058     sysbios.aem4f : m3_Hwi_asm_switch.obj (.text:ti_sysbios_family_arm_m3_Hwi_initStacks__E)
                  00005120    00000056     driverlib.lib : gpio.obj (.text:GPIOIntTypeSet)
                  00005176    00000054     drivers_tivaware.aem4f : UARTTiva.oem4f (.text:readIsrBinaryCallback)
                  000051ca    00000002     --HOLE-- [fill = 0]
                  000051cc    00000054     empty_pem4f.oem4f (.text:ti_sysbios_knl_Task_construct)
                  00005220    00000054     ti.targets.arm.rtsarm.aem4f : Assert.oem4f (.text:xdc_runtime_Assert_raise__I)
                  00005274    00000050     drivers_tivaware.aem4f : GPIOTiva.oem4f (.text:GPIO_setCallback)
                  000052c4    00000050                            : UARTTiva.oem4f (.text:UARTTiva_writeCancel)
                  00005314    00000004     --HOLE-- [fill = 0]
                  00005318    00000050     sysbios.aem4f : BIOS.obj (.text:ti_sysbios_family_arm_m3_Hwi_Module_startup__E)
                  00005368    00000050     ti.targets.arm.rtsarm.aem4f : Startup.oem4f (.text:xdc_runtime_Startup_exec__E)
                  000053b8    00000050                                 : Text.oem4f (.text:xdc_runtime_Text_visitRope2__I)
                  00005408    0000004c     drivers_tivaware.aem4f : UARTTiva.oem4f (.text:UARTTiva_close)
                  00005454    0000004c     rtsv7M4_T_le_v4SPD16_eabi.lib : cpy_tbl.c.obj (.text:copy_in)
                  000054a0    0000004c     empty.obj (.text:mapRad)
                  000054ec    00000004     --HOLE-- [fill = 0]
                  000054f0    0000004c     sysbios.aem4f : BIOS.obj (.text:ti_sysbios_heaps_HeapMem_getStats__E)
                  0000553c    00000004     --HOLE-- [fill = 0]
                  00005540    0000004c                   : BIOS.obj (.text:ti_sysbios_knl_Swi_runLoop__I)
                  0000558c    00000004     --HOLE-- [fill = 0]
                  00005590    0000004c                   : BIOS.obj (.text:ti_sysbios_knl_Task_allBlockedFunction__I)
                  000055dc    00000048     driverlib.lib : gpio.obj (.text:GPIOPinConfigure)
                  00005624    00000048     empty.obj (.text:gpioButtonFxn0)
                  0000566c    00000048     empty.obj (.text:gpioButtonFxn1)
                  000056b4    00000048     rtsv7M4_T_le_v4SPD16_eabi.lib : fd_toi_t2.asm.obj (.text)
                  000056fc    00000004     --HOLE-- [fill = 0]
                  00005700    00000048     sysbios.aem4f : BIOS.obj (.text:ti_sysbios_family_arm_m3_Hwi_disableInterrupt__E)
                  00005748    00000048                   : BIOS.obj (.text:ti_sysbios_family_arm_m3_Hwi_enableInterrupt__E)
                  00005790    00000048                   : BIOS.obj (.text:ti_sysbios_family_arm_m3_Hwi_excReserved__I)
                  000057d8    00000046     drivers_tivaware.aem4f : RingBuf.oem4f (.text:RingBuf_put)
                  0000581e    00000046     ti.targets.arm.rtsarm.aem4f : Core-params.oem4f (.text:xdc_runtime_Core_assignParams__I)
                  00005864    00000044     rtsv7M4_T_le_v4SPD16_eabi.lib : fd_tou_t2.asm.obj (.text)
                  000058a8    00000044     sysbios.aem4f : BIOS.obj (.text:ti_sysbios_family_arm_m3_Hwi_getStackInfo__E)
                  000058ec    00000004     --HOLE-- [fill = 0]
                  000058f0    00000044                   : BIOS.obj (.text:ti_sysbios_knl_Swi_post__E)
                  00005934    00000044     ti.targets.arm.rtsarm.aem4f : Error.oem4f (.text:xdc_runtime_Error_setX__E)
                  00005978    00000044                                 : SysMin.oem4f (.text:xdc_runtime_SysMin_flush__E)
                  000059bc    00000044                                 : Text.oem4f (.text:xdc_runtime_Text_xprintf__I)
                  00005a00    00000042     driverlib.lib : uart.obj (.text:UARTConfigSetExpClk)
                  00005a42    00000042     drivers_tivaware.aem4f : UARTTiva.oem4f (.text:UARTTiva_hwiIntFxn)
                  00005a84    00000042                            : UARTTiva.oem4f (.text:UARTTiva_writePolling)
                  00005ac6    00000002     --HOLE-- [fill = 0]
                  00005ac8    00000040     EK_TM4C123GXL.obj (.text:EK_TM4C123GXL_initGeneral)
                  00005b08    00000040     drivers_tivaware.aem4f : RingBuf.oem4f (.text:RingBuf_get)
                  00005b48    00000040                            : UARTTiva.oem4f (.text:UARTTiva_read)
                  00005b88    00000040     rtsv7M4_T_le_v4SPD16_eabi.lib : u_divt2.asm.obj (.text)
                  00005bc8    00000040     sysbios.aem4f : BIOS.obj (.text:ti_sysbios_family_arm_lm4_Timer_startup__E)
                  00005c08    0000003c     essentialFxn.obj (.text:rad2deg)
                  00005c44    00000004     --HOLE-- [fill = 0]
                  00005c48    0000003c     sysbios.aem4f : BIOS.obj (.text:ti_sysbios_family_arm_m3_Hwi_excSvCall__I)
                  00005c84    00000004     --HOLE-- [fill = 0]
                  00005c88    0000003c                   : BIOS.obj (.text:ti_sysbios_heaps_HeapMem_init__I)
                  00005cc4    00000004     --HOLE-- [fill = 0]
                  00005cc8    0000003c                   : BIOS.obj (.text:ti_sysbios_knl_Swi_restore__E)
                  00005d04    00000038     drivers_tivaware.aem4f : PWM.oem4f (.text:PWM_init)
                  00005d3c    00000038                            : UART.oem4f (.text:UART_init)
                  00005d74    00000038     rtsv7M4_T_le_v4SPD16_eabi.lib : trgmsg.c.obj (.text:__TI_writemsg)
                  00005dac    00000004     --HOLE-- [fill = 0]
                  00005db0    00000038     sysbios.aem4f : BIOS.obj (.text:ti_sysbios_family_arm_m3_Hwi_excNoIsr__I)
                  00005de8    00000038                   : BIOS.obj (.text:ti_sysbios_knl_Task_processVitalTaskFlag__I)
                  00005e20    00000038     ti.targets.arm.rtsarm.aem4f : SysMin.oem4f (.text:xdc_runtime_SysMin_putch__E)
                  00005e58    00000038                                 : System.oem4f (.text:xdc_runtime_System_atexit__E)
                  00005e90    00000036     drivers_tivaware.aem4f : UARTTiva.oem4f (.text:UARTTiva_readCancel)
                  00005ec6    00000002     --HOLE-- [fill = 0]
                  00005ec8    00000034     driverlib.lib : sysctl.obj (.text:SysCtlPeripheralEnable)
                  00005efc    00000034     rtsv7M4_T_le_v4SPD16_eabi.lib : trgmsg.c.obj (.text:__TI_readmsg)
                  00005f30    00000034     sysbios.aem4f : BIOS.obj (.text:ti_sysbios_family_arm_m3_Hwi_Instance_finalize__E)
                  00005f64    00000004     --HOLE-- [fill = 0]
                  00005f68    00000034                   : BIOS.obj (.text:ti_sysbios_family_arm_m3_Hwi_excNmi__I)
                  00005f9c    00000004     --HOLE-- [fill = 0]
                  00005fa0    00000034                   : BIOS.obj (.text:ti_sysbios_hal_Hwi_checkStack)
                  00005fd4    00000034     empty_pem4f.oem4f (.text:ti_sysbios_knl_Clock_construct)
                  00006008    00000034     ti.targets.arm.rtsarm.aem4f : Core-label.oem4f (.text:xdc_runtime_Core_assignLabel__I)
                  0000603c    00000033                                 : Text.oem4f (.text:xdc_runtime_Text_printVisFxn__I)
                  0000606f    00000001     --HOLE-- [fill = 0]
                  00006070    00000032     sysbios.aem4f : BIOS.obj (.text:ti_sysbios_hal_Hwi_initStack)
                  000060a2    00000002     --HOLE-- [fill = 0]
                  000060a4    00000030     EK_TM4C123GXL.obj (.text:EK_TM4C123GXL_initGPIO)
                  000060d4    00000030     drivers_tivaware.aem4f : GPIOTiva.oem4f (.text:GPIO_enableInt)
                  00006104    00000030                            : PWMTiva.oem4f (.text:PWMTiva_init)
                  00006134    00000030                            : PWM.oem4f (.text:PWM_open)
                  00006164    00000030     empty_pem4f.oem4f (.text:ti_sysbios_BIOS_atExitFunc__I)
                  00006194    00000004     --HOLE-- [fill = 0]
                  00006198    00000030     sysbios.aem4f : BIOS.obj (.text:ti_sysbios_family_arm_lm4_Timer_stop__E)
                  000061c8    00000030                   : BIOS.obj (.text:ti_sysbios_family_arm_m3_TaskSupport_start__E)
                  000061f8    00000030     empty_pem4f.oem4f (.text:ti_sysbios_gates_GateHwi_Object__create__S)
                  00006228    00000030     empty_pem4f.oem4f (.text:ti_sysbios_gates_GateMutex_Object__create__S)
                  00006258    00000030     empty_pem4f.oem4f (.text:ti_sysbios_heaps_HeapMem_Object__create__S)
                  00006288    00000030     empty_pem4f.oem4f (.text:ti_sysbios_knl_Semaphore_construct)
                  000062b8    00000030     sysbios.aem4f : BIOS.obj (.text:ti_sysbios_knl_Semaphore_pendTimeout__I)
                  000062e8    00000030                   : BIOS.obj (.text:ti_sysbios_knl_Task_unblockI__E)
                  00006318    00000030     ti.targets.arm.rtsarm.aem4f : SysMin.oem4f (.text:xdc_runtime_SysMin_abort__E)
                  00006348    00000030                                 : System.oem4f (.text:xdc_runtime_System_processAtExit__E)
                  00006378    0000002c     EK_TM4C123GXL.obj (.text:EK_TM4C123GXL_initUART)
                  000063a4    0000002c     empty_pem4f.oem4f (.text:ti_sysbios_knl_Clock_doTick__I)
                  000063d0    0000002c     empty_pem4f.oem4f (.text:ti_sysbios_knl_Queue_construct)
                  000063fc    00000004     --HOLE-- [fill = 0]
                  00006400    0000002c     sysbios.aem4f : BIOS.obj (.text:ti_sysbios_knl_Task_restore__E)
                  0000642c    0000002c     ti.targets.arm.rtsarm.aem4f : Text.oem4f (.text:xdc_runtime_Text_cordText__E)
                  00006458    0000002a     driverlib.lib : gpio.obj (.text:GPIODirModeSet)
                  00006482    0000002a     ti.targets.arm.rtsarm.aem4f : System.oem4f (.text:xdc_runtime_System_putchar__I)
                  000064ac    00000004     --HOLE-- [fill = 0]
                  000064b0    00000028     sysbios.aem4f : BIOS.obj (.text:ti_sysbios_knl_Swi_Module_startup__E)
                  000064d8    00000026                   : m3_Hwi_asm.obj (.text:ti_sysbios_family_arm_m3_Hwi_pendSV__I)
                  000064fe    00000026     ti.targets.arm.rtsarm.aem4f : System.oem4f (.text:xdc_runtime_System_avprintf__E)
                  00006524    00000024     empty_pem4f.oem4f (.text:ti_sysbios_BIOS_errorRaiseHook__I)
                  00006548    00000024     empty_pem4f.oem4f (.text:ti_sysbios_BIOS_registerRTSLock__I)
                  0000656c    00000024     empty_pem4f.oem4f (.text:ti_sysbios_BIOS_removeRTSLock__I)
                  00006590    00000024     empty_pem4f.oem4f (.text:ti_sysbios_BIOS_startFunc__I)
                  000065b4    00000024     empty_pem4f.oem4f (.text:ti_sysbios_gates_GateMutex_Object__delete__S)
                  000065d8    00000024     sysbios.aem4f : BIOS.obj (.text:ti_sysbios_knl_Clock_Module_startup__E)
                  000065fc    00000004     --HOLE-- [fill = 0]
                  00006600    00000024                   : BIOS.obj (.text:ti_sysbios_knl_Task_restoreHwi__E)
                  00006624    00000024     ti.targets.arm.rtsarm.aem4f : System.oem4f (.text:xdc_runtime_System_vprintf__E)
                  00006648    00000022     driverlib.lib : pwm.obj (.text:PWMGenConfigure)
                  0000666a    00000022     drivers_tivaware.aem4f : PWMTiva.oem4f (.text:PWMTiva_getPeriodCounts)
                  0000668c    00000004     --HOLE-- [fill = 0]
                  00006690    00000022     sysbios.aem4f : BIOS.obj (.text:ti_sysbios_family_arm_lm4_Timer_write__I)
                  000066b2    00000022     empty_pem4f.oem4f (.text:xdc_runtime_SysMin_output__I)
                  000066d4    00000020     rtsv7M4_T_le_v4SPD16_eabi.lib : u_tofd_t2.asm.obj (.text)
                  000066f4    00000020     empty_pem4f.oem4f (.text:ti_sysbios_BIOS_rtsLock__I)
                  00006714    00000020     sysbios.aem4f : m3_Hwi_asm.obj (.text:ti_sysbios_family_arm_m3_Hwi_excHandlerAsm__I)
                  00006734    00000004     --HOLE-- [fill = 0]
                  00006738    00000020                   : BIOS.obj (.text:ti_sysbios_family_arm_m3_Hwi_excHandler__I)
                  00006758    00000020     empty_pem4f.oem4f (.text:ti_sysbios_gates_GateHwi_Object__delete__S)
                  00006778    00000020     empty_pem4f.oem4f (.text:ti_sysbios_heaps_HeapMem_Object__delete__S)
                  00006798    00000020     empty_pem4f.oem4f (.text:ti_sysbios_knl_Clock_Object__destruct__S)
                  000067b8    00000020     sysbios.aem4f : BIOS.obj (.text:ti_sysbios_knl_Idle_run__E)
                  000067d8    00000020     empty_pem4f.oem4f (.text:ti_sysbios_knl_Semaphore_Object__destruct__S)
                  000067f8    00000020     ti.targets.arm.rtsarm.aem4f : Registry.oem4f (.text:xdc_runtime_Registry_findById__E)
                  00006818    00000020                                 : SysMin.oem4f (.text:xdc_runtime_SysMin_Module_startup__E)
                  00006838    0000001e     driverlib.lib : pwm.obj (.text:PWMPulseWidthSet)
                  00006856    0000001e     drivers_tivaware.aem4f : PWMTiva.oem4f (.text:PWMTiva_getPeriodMicroSecs)
                  00006874    0000001e     sysbios.aem4f : m3_Hwi_asm_switch.obj (.text:ti_sysbios_family_xxx_Hwi_switchAndRunFunc)
                  00006892    00000002     --HOLE-- [fill = 0]
                  00006894    0000001c     driverlib.lib : uart.obj (.text:UARTDisable)
                  000068b0    0000001c     drivers_tivaware.aem4f : GPIOTiva.oem4f (.text:getGpioIntIndex)
                  000068cc    0000001c     empty_pem4f.oem4f (.text:ti_sysbios_family_arm_m3_Hwi_Object__destruct__S)
                  000068e8    0000001c     sysbios.aem4f : BIOS.obj (.text:ti_sysbios_gates_GateMutex_Instance_init__E)
                  00006904    0000001c     empty_pem4f.oem4f (.text:ti_sysbios_knl_Queue_Object__destruct__S)
                  00006920    0000001c     sysbios.aem4f : BIOS.obj (.text:ti_sysbios_knl_Task_enter__I)
                  0000693c    0000001c     ti.targets.arm.rtsarm.aem4f : Error.oem4f (.text:xdc_runtime_Error_raiseX__E)
                  00006958    0000001c                                 : Memory.oem4f (.text:xdc_runtime_Memory_valloc__E)
                  00006974    0000001c                                 : SysMin.oem4f (.text:xdc_runtime_SysMin_exit__E)
                  00006990    0000001c                                 : System.oem4f (.text:xdc_runtime_System_abort__E)
                  000069ac    0000001a     empty_pem4f.oem4f (.text:ti_sysbios_family_arm_m3_Hwi_Handle__label__S)
                  000069c6    0000001a     empty_pem4f.oem4f (.text:ti_sysbios_gates_GateHwi_Handle__label__S)
                  000069e0    0000001a     empty_pem4f.oem4f (.text:ti_sysbios_gates_GateMutex_Handle__label__S)
                  000069fa    0000001a     empty_pem4f.oem4f (.text:ti_sysbios_heaps_HeapMem_Handle__label__S)
                  00006a14    0000001a     empty_pem4f.oem4f (.text:ti_sysbios_knl_Swi_Handle__label__S)
                  00006a2e    0000001a     empty_pem4f.oem4f (.text:ti_sysbios_knl_Task_Handle__label__S)
                  00006a48    0000001a     empty_pem4f.oem4f (.text:xdc_runtime_System_aprintf__E)
                  00006a62    0000001a     empty_pem4f.oem4f (.text:xdc_runtime_System_printf__E)
                  00006a7c    00000018     rtsv7M4_T_le_v4SPD16_eabi.lib : args_main.c.obj (.text:_args_main)
                  00006a94    00000018     empty_pem4f.oem4f (.text:ti_sysbios_BIOS_rtsUnlock__I)
                  00006aac    00000018     empty_pem4f.oem4f (.text:ti_sysbios_family_arm_lm4_Timer_Module__startupDone__F)
                  00006ac4    00000018     empty_pem4f.oem4f (.text:ti_sysbios_family_arm_m3_Hwi_Module__startupDone__F)
                  00006adc    00000018     sysbios.aem4f : m3_TaskSupport_asm.obj (.text:ti_sysbios_family_arm_m3_TaskSupport_swap__E)
                  00006af4    00000004     --HOLE-- [fill = 0]
                  00006af8    00000018                   : BIOS.obj (.text:ti_sysbios_gates_GateMutex_leave__E)
                  00006b10    00000018                   : BIOS.obj (.text:ti_sysbios_knl_Task_sleepTimeout__I)
                  00006b28    00000018     ti.targets.arm.rtsarm.aem4f : Error.oem4f (.text:xdc_runtime_Error_check__E)
                  00006b40    00000018                                 : System.oem4f (.text:xdc_runtime_System_exit__E)
                  00006b58    00000018                                 : Text.oem4f (.text:xdc_runtime_Text_ropeText__E)
                  00006b70    00000016     empty_pem4f.oem4f (.text:ti_sysbios_BIOS_exitFunc__I)
                  00006b86    00000016     empty.obj (.text:ti_sysbios_knl_Task_Params_init)
                  00006b9c    00000014     driverlib.lib : pwm.obj (.text:PWMClockSet)
                  00006bb0    00000014                   : sysctl.obj (.text:SysCtlPWMClockSet)
                  00006bc4    00000014                   : uart.obj (.text:UARTEnable)
                  00006bd8    00000014     rtsv7M4_T_le_v4SPD16_eabi.lib : strlen.c.obj (.text:strlen)
                  00006bec    00000014     empty_pem4f.oem4f (.text:ti_sysbios_family_arm_m3_Hwi_Object__get__S)
                  00006c00    00000014     sysbios.aem4f : BIOS.obj (.text:ti_sysbios_family_arm_m3_Hwi_switchFromBootStack__E)
                  00006c14    00000014     empty_pem4f.oem4f (.text:ti_sysbios_heaps_HeapMem_Object__get__S)
                  00006c28    00000014     empty_pem4f.oem4f (.text:ti_sysbios_knl_Swi_Object__get__S)
                  00006c3c    00000012     driverlib.lib : gpio.obj (.text:GPIOPinTypeGPIOInput)
                  00006c4e    00000012                   : gpio.obj (.text:GPIOPinTypePWM)
                  00006c60    00000012                   : gpio.obj (.text:GPIOPinTypeUART)
                  00006c72    00000012                   : pwm.obj (.text:PWMGenPeriodGet)
                  00006c84    00000012                   : pwm.obj (.text:PWMOutputInvert)
                  00006c96    00000012                   : pwm.obj (.text:PWMOutputState)
                  00006ca8    00000012     drivers_tivaware.aem4f : RingBuf.oem4f (.text:RingBuf_construct)
                  00006cba    00000006     driverlib.lib : uart.obj (.text:UARTFIFOLevelSet)
                  00006cc0    00000012     sysbios.aem4f : BIOS.obj (.text:ti_sysbios_hal_Hwi_Module_startup__E)
                  00006cd2    00000012     empty_pem4f.oem4f (.text:xdc_runtime_Startup_exec__I)
                  00006ce4    00000010     driverlib.lib : pwm.obj (.text:PWMGenPeriodSet)
                  00006cf4    00000010     drivers_tivaware.aem4f : PWM.oem4f (.text:PWM_Params_init)
                  00006d04    00000010                            : UARTTiva.oem4f (.text:readBlockingTimeout)
                  00006d14    00000004     --HOLE-- [fill = 0]
                  00006d18    00000010     sysbios.aem4f : BIOS.obj (.text:ti_sysbios_BIOS_getCpuFreq__E)
                  00006d28    00000010                   : BIOS.obj (.text:ti_sysbios_BIOS_setThreadType__E)
                  00006d38    00000010                   : BIOS.obj (.text:ti_sysbios_BIOS_start__E)
                  00006d48    00000010                   : m3_TaskSupport_asm.obj (.text:ti_sysbios_family_arm_m3_TaskSupport_glue)
                  00006d58    00000010                   : BIOS.obj (.text:ti_sysbios_gates_GateMutex_Instance_finalize__E)
                  00006d68    00000010                   : BIOS.obj (.text:ti_sysbios_knl_Semaphore_Instance_finalize__E)
                  00006d78    00000010                   : BIOS.obj (.text:ti_sysbios_knl_Swi_disable__E)
                  00006d88    00000010     empty_pem4f.oem4f (.text:ti_sysbios_knl_Task_Object__get__S)
                  00006d98    00000010     sysbios.aem4f : BIOS.obj (.text:ti_sysbios_knl_Task_disable__E)
                  00006da8    00000010     ti.targets.arm.rtsarm.aem4f : Gate.oem4f (.text:xdc_runtime_Gate_leaveSystem__E)
                  00006db8    00000010                                 : Memory.oem4f (.text:xdc_runtime_Memory_free__E)
                  00006dc8    00000010                                 : SysMin.oem4f (.text:xdc_runtime_SysMin_ready__E)
                  00006dd8    00000010                                 : System.oem4f (.text:xdc_runtime_System_vsnprintf__E)
                  00006de8    00000010     empty_pem4f.oem4f (.text:xdc_runtime_Text_visitRope__I)
                  00006df8    0000000e     driverlib.lib : gpio.obj (.text:GPIOIntStatus)
                  00006e06    0000000e                   : uart.obj (.text:UARTCharGetNonBlocking)
                  00006e14    0000000e                   : uart.obj (.text:UARTCharPutNonBlocking)
                  00006e22    0000000e     rtsv7M4_T_le_v4SPD16_eabi.lib : copy_decompress_none.c.obj (.text:decompress:none:__TI_decompress_none)
                  00006e30    0000000e     sysbios.aem4f : BIOS.obj (.text:ti_sysbios_knl_Idle_loop__E)
                  00006e3e    00000002     --HOLE-- [fill = 0]
                  00006e40    0000000e                   : BIOS.obj (.text:ti_sysbios_knl_Queue_empty__E)
                  00006e4e    00000002     --HOLE-- [fill = 0]
                  00006e50    0000000c     empty_pem4f.oem4f (.text:.bootCodeSection:ti_catalog_arm_cortexm4_tiva_ce_Boot_init__I)
                  00006e5c    0000000c     driverlib.lib : gpio.obj (.text:GPIOIntEnable)
                  00006e68    0000000c                   : pwm.obj (.text:PWMGenDisable)
                  00006e74    0000000c                   : pwm.obj (.text:PWMGenEnable)
                  00006e80    0000000c     drivers_tivaware.aem4f : RingBuf.oem4f (.text:RingBuf_peek)
                  00006e8c    0000000c     driverlib.lib : uart.obj (.text:UARTFlowControlSet)
                  00006e98    0000000c     drivers_tivaware.aem4f : UARTTiva.oem4f (.text:UARTTiva_init)
                  00006ea4    0000000c     rtsv7M4_T_le_v4SPD16_eabi.lib : _lock.c.obj (.text:_register_lock)
                  00006eb0    0000000c                                   : _lock.c.obj (.text:_register_unlock)
                  00006ebc    0000000c                                   : copy_zero_init.c.obj (.text:decompress:ZI:__TI_zero_init)
                  00006ec8    0000000c     sysbios.aem4f : BIOS.obj (.text:ti_sysbios_family_arm_lm4_Timer_getMaxTicks__E)
                  00006ed4    0000000c     empty_pem4f.oem4f (.text:ti_sysbios_family_arm_m3_Hwi_Params__init__S)
                  00006ee0    0000000c     sysbios.aem4f : BIOS.obj (.text:ti_sysbios_family_arm_m3_Hwi_disableFxn__E)
                  00006eec    00000004     --HOLE-- [fill = 0]
                  00006ef0    0000000c                   : BIOS.obj (.text:ti_sysbios_family_arm_m3_TaskSupport_checkStack__E)
                  00006efc    00000004     --HOLE-- [fill = 0]
                  00006f00    0000000c                   : BIOS.obj (.text:ti_sysbios_family_arm_m3_TaskSupport_getStackAlignment__E)
                  00006f0c    00000004     --HOLE-- [fill = 0]
                  00006f10    0000000c                   : BIOS.obj (.text:ti_sysbios_gates_GateHwi_enter__E)
                  00006f1c    0000000c     empty_pem4f.oem4f (.text:ti_sysbios_knl_Clock_Params__init__S)
                  00006f28    0000000c     empty_pem4f.oem4f (.text:ti_sysbios_knl_Queue_Object__get__S)
                  00006f34    0000000c     empty_pem4f.oem4f (.text:ti_sysbios_knl_Semaphore_Params__init__S)
                  00006f40    0000000c     empty_pem4f.oem4f (.text:ti_sysbios_knl_Task_Params__init__S)
                  00006f4c    0000000c     ti.targets.arm.rtsarm.aem4f : Error.oem4f (.text:xdc_runtime_Error_init__E)
                  00006f58    0000000c                                 : Gate.oem4f (.text:xdc_runtime_Gate_enterSystem__E)
                  00006f64    0000000c                                 : Memory.oem4f (.text:xdc_runtime_Memory_calloc__E)
                  00006f70    0000000c                                 : Memory.oem4f (.text:xdc_runtime_Memory_getMaxDefaultTypeAlign__E)
                  00006f7c    0000000a     drivers_tivaware.aem4f : PWM.oem4f (.text:PWM_setDuty)
                  00006f86    0000000a     driverlib.lib : uart.obj (.text:UARTCharGet)
                  00006f90    0000000a                   : uart.obj (.text:UARTCharPut)
                  00006f9a    0000000a                   : uart.obj (.text:UARTIntDisable)
                  00006fa4    0000000a                   : uart.obj (.text:UARTIntStatus)
                  00006fae    0000000a     empty_pem4f.oem4f (.text:xdc_runtime_IHeap_alloc)
                  00006fb8    0000000a     empty_pem4f.oem4f (.text:xdc_runtime_IHeap_free)
                  00006fc2    00000008     driverlib.lib : uart.obj (.text:UARTIntEnable)
                  00006fca    00000008                   : uart.obj (.text:UARTRxErrorGet)
                  00006fd2    00000008     drivers_tivaware.aem4f : UARTTiva.oem4f (.text:readSemCallback)
                  00006fda    00000008     sysbios.aem4f : BIOS.obj (.text:ti_sysbios_family_arm_lm4_Timer_masterDisable__I)
                  00006fe2    00000006     driverlib.lib : uart.obj (.text:UARTRxErrorClear)
                  00006fe8    00000008     sysbios.aem4f : BIOS.obj (.text:ti_sysbios_family_arm_m3_Hwi_doSwiRestore__I)
                  00006ff0    00000008                   : BIOS.obj (.text:ti_sysbios_family_arm_m3_Hwi_startup__E)
                  00006ff8    00000008     drivers_tivaware.aem4f : UARTTiva.oem4f (.text:writeSemCallback)
                  00007000    00000006     Boot.aem4f : Boot_sysctl.oem4f (.text:ti_catalog_arm_cortexm4_tiva_ce_Boot_sysCtlDelayI__I)
                  00007006    00000002     --HOLE-- [fill = 0]
                  00007008    00000006     sysbios.aem4f : BIOS.obj (.text:ti_sysbios_family_arm_m3_Hwi_doTaskRestore__I)
                  0000700e    00000002     --HOLE-- [fill = 0]
                  00007010    00000006                   : BIOS.obj (.text:ti_sysbios_family_arm_m3_Hwi_restoreFxn__E)
                  00007016    00000002     --HOLE-- [fill = 0]
                  00007018    00000006                   : BIOS.obj (.text:ti_sysbios_gates_GateHwi_leave__E)
                  0000701e    00000002     --HOLE-- [fill = 0]
                  00007020    00000006                   : BIOS.obj (.text:ti_sysbios_heaps_HeapMem_isBlocking__E)
                  00007026    00000002     --HOLE-- [fill = 0]
                  00007028    00000006                   : BIOS.obj (.text:ti_sysbios_knl_Clock_stop__E)
                  0000702e    00000002     --HOLE-- [fill = 0]
                  00007030    00000006                   : BIOS.obj (.text:ti_sysbios_knl_Queue_Instance_init__E)
                  00007036    00000002     --HOLE-- [fill = 0]
                  00007038    00000006                   : BIOS.obj (.text:ti_sysbios_knl_Swi_startup__E)
                  0000703e    00000006     ti.targets.arm.rtsarm.aem4f : System.oem4f (.text:xdc_runtime_System_Module_startup__E)
                  00007044    00000004     --HOLE-- [fill = 0]
                  00007048    00000004     sysbios.aem4f : BIOS.obj (.text:ti_sysbios_gates_GateHwi_query__E)
                  0000704c    00000004     --HOLE-- [fill = 0]
                  00007050    00000004                   : BIOS.obj (.text:ti_sysbios_gates_GateMutex_query__E)
                  00007054    00000004     --HOLE-- [fill = 0]
                  00007058    00000004                   : BIOS.obj (.text:ti_sysbios_knl_Task_startup__E)
                  0000705c    00000004     --HOLE-- [fill = 0]
                  00007060    00000002                   : BIOS.obj (.text:ti_sysbios_gates_GateHwi_Instance_init__E)
                  00007062    00000006     --HOLE-- [fill = 0]
                  00007068    00000002                   : BIOS.obj (.text:ti_sysbios_knl_Clock_logTick__E)

.const     0    0000706c    0000207c     
                  0000706c    00001861     empty_pem4f.oem4f (.const:xdc_runtime_Text_charTab__A)
                  000088cd    00000001     empty_pem4f.oem4f (.const:xdc_runtime_Error_policy__C)
                  000088ce    000000bc     empty_pem4f.oem4f (.const:xdc_runtime_Text_nodeTab__A)
                  0000898a    00000002     empty_pem4f.oem4f (.const:ti_catalog_arm_cortexm4_tiva_ce_Boot_Module__id__C)
                  0000898c    00000090     driverlib.lib : gpio.obj (.const:g_pui32GPIOBaseAddrs)
                  00008a1c    00000054     drivers_tivaware.aem4f : GPIOTiva.oem4f (.const:.string)
                  00008a70    0000004c                            : UARTTiva.oem4f (.const)
                  00008abc    00000048     empty_pem4f.oem4f (.const:.string)
                  00008b04    00000048     drivers_tivaware.aem4f : GPIOTiva.oem4f (.const:gpioBaseAddresses)
                  00008b4c    0000003c     empty_pem4f.oem4f (.const:ti_sysbios_knl_Task_Object__PARAMS__C)
                  00008b88    00000030     empty_pem4f.oem4f (.const:ti_sysbios_family_arm_m3_Hwi_Object__PARAMS__C)
                  00008bb8    00000028     drivers_tivaware.aem4f : UARTTiva.oem4f (.const:UARTTiva_fxnTable)
                  00008be0    00000028     empty_pem4f.oem4f (.const:ti_sysbios_heaps_HeapMem_Module__FXNS__C)
                  00008c08    00000024     EK_TM4C123GXL.obj (.const:PWM_config)
                  00008c2c    00000024     empty_pem4f.oem4f (.const:ti_sysbios_gates_GateHwi_Module__FXNS__C)
                  00008c50    00000024     empty_pem4f.oem4f (.const:ti_sysbios_gates_GateMutex_Module__FXNS__C)
                  00008c74    00000024     empty_pem4f.oem4f (.const:ti_sysbios_heaps_HeapMem_Object__PARAMS__C)
                  00008c98    00000024     empty_pem4f.oem4f (.const:ti_sysbios_knl_Clock_Object__PARAMS__C)
                  00008cbc    00000024     empty_pem4f.oem4f (.const:ti_sysbios_knl_Semaphore_Object__PARAMS__C)
                  00008ce0    00000020     drivers_tivaware.aem4f : PWMTiva.oem4f (.const)
                  00008d00    00000020     empty_pem4f.oem4f (.const:ti_sysbios_family_arm_m3_Hwi_Object__DESC__C)
                  00008d20    00000020     empty_pem4f.oem4f (.const:ti_sysbios_gates_GateHwi_Object__DESC__C)
                  00008d40    00000020     empty_pem4f.oem4f (.const:ti_sysbios_gates_GateMutex_Object__DESC__C)
                  00008d60    00000020     empty_pem4f.oem4f (.const:ti_sysbios_heaps_HeapMem_Object__DESC__C)
                  00008d80    00000020     empty_pem4f.oem4f (.const:ti_sysbios_knl_Clock_Object__DESC__C)
                  00008da0    00000020     empty_pem4f.oem4f (.const:ti_sysbios_knl_Queue_Object__DESC__C)
                  00008dc0    00000020     empty_pem4f.oem4f (.const:ti_sysbios_knl_Semaphore_Object__DESC__C)
                  00008de0    00000020     empty_pem4f.oem4f (.const:ti_sysbios_knl_Task_Object__DESC__C)
                  00008e00    00000020     empty_pem4f.oem4f (.const:xdc_runtime_Startup_sfxnTab__A)
                  00008e20    00000018     EK_TM4C123GXL.obj (.const:UART_config)
                  00008e38    00000018     EK_TM4C123GXL.obj (.const:pwmTivaHWAttrs)
                  00008e50    00000018     empty_pem4f.oem4f (.const:ti_sysbios_gates_GateHwi_Object__PARAMS__C)
                  00008e68    00000018     empty_pem4f.oem4f (.const:ti_sysbios_gates_GateMutex_Object__PARAMS__C)
                  00008e80    00000018     empty_pem4f.oem4f (.const:ti_sysbios_knl_Queue_Object__PARAMS__C)
                  00008e98    00000018     EK_TM4C123GXL.obj (.const:uartTivaHWAttrs)
                  00008eb0    00000014     EK_TM4C123GXL.obj (.const:GPIOTiva_config)
                  00008ec4    00000014     empty_pem4f.oem4f (.const:xdc_runtime_Startup_firstFxns__A)
                  00008ed8    00000010     empty_pem4f.oem4f (.const:xdc_runtime_Startup_sfxnRts__A)
                  00008ee8    0000000c     drivers_tivaware.aem4f : PWM.oem4f (.const)
                  00008ef4    00000008     empty_pem4f.oem4f (.const:ti_sysbios_family_arm_m3_Hwi_excHookFuncs__A)
                  00008efc    00000008     empty_pem4f.oem4f (.const:ti_sysbios_knl_Idle_funcList__C)
                  00008f04    00000008     empty_pem4f.oem4f (.const:xdc_runtime_Startup_firstFxns__C)
                  00008f0c    00000008     empty_pem4f.oem4f (.const:xdc_runtime_Startup_lastFxns__C)
                  00008f14    00000004     empty_pem4f.oem4f (.const:ti_catalog_arm_cortexm4_tiva_ce_Boot_A_mustUseEnhancedClockMode__C)
                  00008f18    00000004     empty_pem4f.oem4f (.const:ti_catalog_arm_cortexm4_tiva_ce_Boot_Module__diagsEnabled__C)
                  00008f1c    00000004     empty_pem4f.oem4f (.const:ti_catalog_arm_cortexm4_tiva_ce_Boot_Module__diagsIncluded__C)
                  00008f20    00000004     empty_pem4f.oem4f (.const:ti_catalog_arm_cortexm4_tiva_ce_Boot_Module__diagsMask__C)
                  00008f24    00000004     empty_pem4f.oem4f (.const:ti_sysbios_family_arm_lm4_Timer_enableFunc__C)
                  00008f28    00000004     empty_pem4f.oem4f (.const:ti_sysbios_family_arm_lm4_Timer_numTimerDevices__C)
                  00008f2c    00000004     empty_pem4f.oem4f (.const:ti_sysbios_family_arm_lm4_Timer_startupNeeded__C)
                  00008f30    00000004     empty_pem4f.oem4f (.const:ti_sysbios_family_arm_m3_Hwi_E_NMI__C)
                  00008f34    00000004     empty_pem4f.oem4f (.const:ti_sysbios_family_arm_m3_Hwi_E_alreadyDefined__C)
                  00008f38    00000004     empty_pem4f.oem4f (.const:ti_sysbios_family_arm_m3_Hwi_E_busFault__C)
                  00008f3c    00000004     empty_pem4f.oem4f (.const:ti_sysbios_family_arm_m3_Hwi_E_debugMon__C)
                  00008f40    00000004     empty_pem4f.oem4f (.const:ti_sysbios_family_arm_m3_Hwi_E_hardFault__C)
                  00008f44    00000004     empty_pem4f.oem4f (.const:ti_sysbios_family_arm_m3_Hwi_E_memFault__C)
                  00008f48    00000004     empty_pem4f.oem4f (.const:ti_sysbios_family_arm_m3_Hwi_E_noIsr__C)
                  00008f4c    00000004     empty_pem4f.oem4f (.const:ti_sysbios_family_arm_m3_Hwi_E_reserved__C)
                  00008f50    00000004     empty_pem4f.oem4f (.const:ti_sysbios_family_arm_m3_Hwi_E_svCall__C)
                  00008f54    00000004     empty_pem4f.oem4f (.const:ti_sysbios_family_arm_m3_Hwi_E_usageFault__C)
                  00008f58    00000004     empty_pem4f.oem4f (.const:ti_sysbios_family_arm_m3_Hwi_NUM_INTERRUPTS__C)
                  00008f5c    00000004     empty_pem4f.oem4f (.const:ti_sysbios_family_arm_m3_Hwi_Object__count__C)
                  00008f60    00000004     empty_pem4f.oem4f (.const:ti_sysbios_family_arm_m3_Hwi_ccr__C)
                  00008f64    00000004     empty_pem4f.oem4f (.const:ti_sysbios_family_arm_m3_Hwi_excHandlerFunc__C)
                  00008f68    00000004     empty_pem4f.oem4f (.const:ti_sysbios_family_arm_m3_Hwi_excHookFuncs__C)
                  00008f6c    00000004     empty_pem4f.oem4f (.const:ti_sysbios_family_arm_m3_Hwi_nullIsrFunc__C)
                  00008f70    00000004     empty_pem4f.oem4f (.const:ti_sysbios_family_arm_m3_Hwi_priGroup__C)
                  00008f74    00000004     empty_pem4f.oem4f (.const:ti_sysbios_family_arm_m3_TaskSupport_stackAlignment__C)
                  00008f78    00000004     empty_pem4f.oem4f (.const:ti_sysbios_gates_GateMutex_A_badContext__C)
                  00008f7c    00000004     empty_pem4f.oem4f (.const:ti_sysbios_gates_GateMutex_Instance_State_sem__O)
                  00008f80    00000004     empty_pem4f.oem4f (.const:ti_sysbios_gates_GateMutex_Module__diagsEnabled__C)
                  00008f84    00000004     empty_pem4f.oem4f (.const:ti_sysbios_gates_GateMutex_Module__diagsIncluded__C)
                  00008f88    00000004     empty_pem4f.oem4f (.const:ti_sysbios_gates_GateMutex_Module__diagsMask__C)
                  00008f8c    00000004     empty_pem4f.oem4f (.const:ti_sysbios_hal_Hwi_E_stackOverflow__C)
                  00008f90    00000004     empty_pem4f.oem4f (.const:ti_sysbios_heaps_HeapMem_A_align__C)
                  00008f94    00000004     empty_pem4f.oem4f (.const:ti_sysbios_heaps_HeapMem_A_heapSize__C)
                  00008f98    00000004     empty_pem4f.oem4f (.const:ti_sysbios_heaps_HeapMem_A_invalidFree__C)
                  00008f9c    00000004     empty_pem4f.oem4f (.const:ti_sysbios_heaps_HeapMem_A_zeroBlock__C)
                  00008fa0    00000004     empty_pem4f.oem4f (.const:ti_sysbios_heaps_HeapMem_E_memory__C)
                  00008fa4    00000004     empty_pem4f.oem4f (.const:ti_sysbios_heaps_HeapMem_Module__diagsEnabled__C)
                  00008fa8    00000004     empty_pem4f.oem4f (.const:ti_sysbios_heaps_HeapMem_Module__diagsIncluded__C)
                  00008fac    00000004     empty_pem4f.oem4f (.const:ti_sysbios_heaps_HeapMem_Module__diagsMask__C)
                  00008fb0    00000004     empty_pem4f.oem4f (.const:ti_sysbios_heaps_HeapMem_Module__gateObj__C)
                  00008fb4    00000004     empty_pem4f.oem4f (.const:ti_sysbios_heaps_HeapMem_Object__count__C)
                  00008fb8    00000004     empty_pem4f.oem4f (.const:ti_sysbios_heaps_HeapMem_reqAlign__C)
                  00008fbc    00000004     empty_pem4f.oem4f (.const:ti_sysbios_knl_Clock_A_badThreadType__C)
                  00008fc0    00000004     empty_pem4f.oem4f (.const:ti_sysbios_knl_Clock_Module_State_clockQ__O)
                  00008fc4    00000004     empty_pem4f.oem4f (.const:ti_sysbios_knl_Clock_Module__diagsEnabled__C)
                  00008fc8    00000004     empty_pem4f.oem4f (.const:ti_sysbios_knl_Clock_Module__diagsIncluded__C)
                  00008fcc    00000004     empty_pem4f.oem4f (.const:ti_sysbios_knl_Clock_Module__diagsMask__C)
                  00008fd0    00000004     empty_pem4f.oem4f (.const:ti_sysbios_knl_Idle_funcList__A)
                  00008fd4    00000004     empty_pem4f.oem4f (.const:ti_sysbios_knl_Semaphore_A_badContext__C)
                  00008fd8    00000004     empty_pem4f.oem4f (.const:ti_sysbios_knl_Semaphore_A_noEvents__C)
                  00008fdc    00000004     empty_pem4f.oem4f (.const:ti_sysbios_knl_Semaphore_A_overflow__C)
                  00008fe0    00000004     empty_pem4f.oem4f (.const:ti_sysbios_knl_Semaphore_A_pendTaskDisabled__C)
                  00008fe4    00000004     empty_pem4f.oem4f (.const:ti_sysbios_knl_Semaphore_Instance_State_pendQ__O)
                  00008fe8    00000004     empty_pem4f.oem4f (.const:ti_sysbios_knl_Semaphore_Module__diagsEnabled__C)
                  00008fec    00000004     empty_pem4f.oem4f (.const:ti_sysbios_knl_Semaphore_Module__diagsIncluded__C)
                  00008ff0    00000004     empty_pem4f.oem4f (.const:ti_sysbios_knl_Semaphore_Module__diagsMask__C)
                  00008ff4    00000004     empty_pem4f.oem4f (.const:ti_sysbios_knl_Swi_Object__count__C)
                  00008ff8    00000004     empty_pem4f.oem4f (.const:ti_sysbios_knl_Task_A_badPriority__C)
                  00008ffc    00000004     empty_pem4f.oem4f (.const:ti_sysbios_knl_Task_A_badTaskState__C)
                  00009000    00000004     empty_pem4f.oem4f (.const:ti_sysbios_knl_Task_A_badThreadType__C)
                  00009004    00000004     empty_pem4f.oem4f (.const:ti_sysbios_knl_Task_A_badTimeout__C)
                  00009008    00000004     empty_pem4f.oem4f (.const:ti_sysbios_knl_Task_A_noPendElem__C)
                  0000900c    00000004     empty_pem4f.oem4f (.const:ti_sysbios_knl_Task_A_sleepTaskDisabled__C)
                  00009010    00000004     empty_pem4f.oem4f (.const:ti_sysbios_knl_Task_E_spOutOfBounds__C)
                  00009014    00000004     empty_pem4f.oem4f (.const:ti_sysbios_knl_Task_E_stackOverflow__C)
                  00009018    00000004     empty_pem4f.oem4f (.const:ti_sysbios_knl_Task_Module_State_inactiveQ__O)
                  0000901c    00000004     empty_pem4f.oem4f (.const:ti_sysbios_knl_Task_Module__diagsEnabled__C)
                  00009020    00000004     empty_pem4f.oem4f (.const:ti_sysbios_knl_Task_Module__diagsIncluded__C)
                  00009024    00000004     empty_pem4f.oem4f (.const:ti_sysbios_knl_Task_Module__diagsMask__C)
                  00009028    00000004     empty_pem4f.oem4f (.const:ti_sysbios_knl_Task_Object__count__C)
                  0000902c    00000004     empty_pem4f.oem4f (.const:ti_sysbios_knl_Task_allBlockedFunc__C)
                  00009030    00000004     empty_pem4f.oem4f (.const:ti_sysbios_knl_Task_defaultStackHeap__C)
                  00009034    00000004     empty_pem4f.oem4f (.const:ti_sysbios_knl_Task_defaultStackSize__C)
                  00009038    00000004     empty_pem4f.oem4f (.const:ti_sysbios_knl_Task_numConstructedTasks__C)
                  0000903c    00000004     empty_pem4f.oem4f (.const:xdc_runtime_Assert_E_assertFailed__C)
                  00009040    00000004     empty_pem4f.oem4f (.const:xdc_runtime_Core_A_initializedParams__C)
                  00009044    00000004     empty_pem4f.oem4f (.const:xdc_runtime_Core_Module__diagsEnabled__C)
                  00009048    00000004     empty_pem4f.oem4f (.const:xdc_runtime_Core_Module__diagsIncluded__C)
                  0000904c    00000004     empty_pem4f.oem4f (.const:xdc_runtime_Core_Module__diagsMask__C)
                  00009050    00000004     empty_pem4f.oem4f (.const:xdc_runtime_Error_E_memory__C)
                  00009054    00000004     empty_pem4f.oem4f (.const:xdc_runtime_Error_Module__diagsEnabled__C)
                  00009058    00000004     empty_pem4f.oem4f (.const:xdc_runtime_Error_Module__diagsIncluded__C)
                  0000905c    00000004     empty_pem4f.oem4f (.const:xdc_runtime_Error_Module__diagsMask__C)
                  00009060    00000004     empty_pem4f.oem4f (.const:xdc_runtime_Error_Module__loggerFxn8__C)
                  00009064    00000004     empty_pem4f.oem4f (.const:xdc_runtime_Error_Module__loggerObj__C)
                  00009068    00000004     empty_pem4f.oem4f (.const:xdc_runtime_Error_policyFxn__C)
                  0000906c    00000004     empty_pem4f.oem4f (.const:xdc_runtime_Error_raiseHook__C)
                  00009070    00000004     empty_pem4f.oem4f (.const:xdc_runtime_IGateProvider_Interface__BASE__C)
                  00009074    00000004     empty_pem4f.oem4f (.const:xdc_runtime_IHeap_Interface__BASE__C)
                  00009078    00000004     empty_pem4f.oem4f (.const:xdc_runtime_IModule_Interface__BASE__C)
                  0000907c    00000004     empty_pem4f.oem4f (.const:xdc_runtime_Log_L_error__C)
                  00009080    00000004     empty_pem4f.oem4f (.const:xdc_runtime_Memory_defaultHeapInstance__C)
                  00009084    00000004     empty_pem4f.oem4f (.const:xdc_runtime_Startup_execImpl__C)
                  00009088    00000004     empty_pem4f.oem4f (.const:xdc_runtime_Startup_maxPasses__C)
                  0000908c    00000004     empty_pem4f.oem4f (.const:xdc_runtime_Startup_sfxnRts__C)
                  00009090    00000004     empty_pem4f.oem4f (.const:xdc_runtime_Startup_sfxnTab__C)
                  00009094    00000004     empty_pem4f.oem4f (.const:xdc_runtime_SysMin_bufSize__C)
                  00009098    00000004     empty_pem4f.oem4f (.const:xdc_runtime_SysMin_outputFunc__C)
                  0000909c    00000004     empty_pem4f.oem4f (.const:xdc_runtime_System_Module__gateObj__C)
                  000090a0    00000004     empty_pem4f.oem4f (.const:xdc_runtime_System_abortFxn__C)
                  000090a4    00000004     empty_pem4f.oem4f (.const:xdc_runtime_System_exitFxn__C)
                  000090a8    00000004     empty_pem4f.oem4f (.const:xdc_runtime_System_extendFxn__C)
                  000090ac    00000004     empty_pem4f.oem4f (.const:xdc_runtime_System_maxAtexitHandlers__C)
                  000090b0    00000004     empty_pem4f.oem4f (.const:xdc_runtime_Text_charTab__C)
                  000090b4    00000004     empty_pem4f.oem4f (.const:xdc_runtime_Text_nameEmpty__C)
                  000090b8    00000004     empty_pem4f.oem4f (.const:xdc_runtime_Text_nameStatic__C)
                  000090bc    00000004     empty_pem4f.oem4f (.const:xdc_runtime_Text_nameUnknown__C)
                  000090c0    00000004     empty_pem4f.oem4f (.const:xdc_runtime_Text_nodeTab__C)
                  000090c4    00000004     empty_pem4f.oem4f (.const:xdc_runtime_Text_visitRopeFxn__C)
                  000090c8    00000002     empty_pem4f.oem4f (.const:ti_sysbios_family_arm_m3_Hwi_Module__id__C)
                  000090ca    00000002     empty_pem4f.oem4f (.const:ti_sysbios_gates_GateMutex_Module__id__C)
                  000090cc    00000002     empty_pem4f.oem4f (.const:ti_sysbios_hal_Hwi_Module__id__C)
                  000090ce    00000002     empty_pem4f.oem4f (.const:ti_sysbios_heaps_HeapMem_Module__id__C)
                  000090d0    00000002     empty_pem4f.oem4f (.const:ti_sysbios_knl_Clock_Module__id__C)
                  000090d2    00000002     empty_pem4f.oem4f (.const:ti_sysbios_knl_Semaphore_Module__id__C)
                  000090d4    00000002     empty_pem4f.oem4f (.const:ti_sysbios_knl_Task_Module__id__C)
                  000090d6    00000002     empty_pem4f.oem4f (.const:xdc_runtime_Core_Module__id__C)
                  000090d8    00000002     empty_pem4f.oem4f (.const:xdc_runtime_Error_Module__loggerDefined__C)
                  000090da    00000002     empty_pem4f.oem4f (.const:xdc_runtime_Error_maxDepth__C)
                  000090dc    00000002     empty_pem4f.oem4f (.const:xdc_runtime_Memory_Module__id__C)
                  000090de    00000002     empty_pem4f.oem4f (.const:xdc_runtime_SysMin_flushAtExit__C)
                  000090e0    00000002     empty_pem4f.oem4f (.const:xdc_runtime_Text_charCnt__C)
                  000090e2    00000002     empty_pem4f.oem4f (.const:xdc_runtime_Text_isLoaded__C)
                  000090e4    00000002     empty_pem4f.oem4f (.const:xdc_runtime_Text_registryModsLastId__C)
                  000090e6    00000002     empty_pem4f.oem4f (.const:xdc_runtime_Text_unnamedModsLastId__C)

.cinit     0    000090e8    00000218     
                  000090e8    000001de     (.cinit..data.load) [load image, compression = lzss]
                  000092c6    00000002     --HOLE-- [fill = 0]
                  000092c8    0000000c     (__TI_handler_table)
                  000092d4    00000004     --HOLE-- [fill = 0]
                  000092d8    00000008     (.cinit..bss.load) [load image, compression = zero_init]
                  000092e0    00000008     (.cinit..vecs.load) [load image, compression = zero_init]
                  000092e8    00000018     (__TI_cinit_table)

.init_array 
*          0    00000000    00000000     UNINITIALIZED

.resetVecs 
*          0    00000000    0000003c     
                  00000000    0000003c     empty_pem4f.oem4f (.resetVecs)

.bss       0    20000360    00000ef4     UNINITIALIZED
                  20000360    00000400     (.common:ti_sysbios_heaps_HeapMem_Instance_State_0_buf__A)
                  20000760    00000360     (.common:ti_sysbios_family_arm_m3_Hwi_dispatchTable)
                  20000ac0    00000200     empty_pem4f.oem4f (.bss:taskStackSection)
                  20000cc0    00000200     (.common:tsk0Stack)
                  20000ec0    00000120     rtsv7M4_T_le_v4SPD16_eabi.lib : trgmsg.c.obj (.bss:_CIOBUF_)
                  20000fe0    000000cc     (.common:uartTivaObjects)
                  200010ac    00000090     drivers_tivaware.aem4f : GPIOTiva.oem4f (.bss:gpioCallbackInfo)
                  2000113c    00000080     (.common:xdc_runtime_SysMin_Module_State_0_outbuf__A)
                  200011bc    00000050     (.common:tsk0Struct)
                  2000120c    00000020     (.common:uartTivaRingBuffer)
                  2000122c    00000010     (.common:pwmTivaObjects)
                  2000123c    0000000c     (.common:params)
                  20001248    00000008     (.common:parmbuf)
                  20001250    00000004     (.common:gpioInterruptVectors)

.data      0    20001254    00000446     UNINITIALIZED
                  20001254    00000080     empty_pem4f.oem4f (.data:ti_sysbios_knl_Swi_Module_State_0_readyQ__A)
                  200012d4    00000080     empty_pem4f.oem4f (.data:ti_sysbios_knl_Task_Module_State_0_readyQ__A)
                  20001354    0000004c     empty_pem4f.oem4f (.data:ti_sysbios_knl_Task_Object__table__V)
                  200013a0    00000044     empty_pem4f.oem4f (.data:ti_sysbios_knl_Task_Module__state__V)
                  200013e4    00000040     empty_pem4f.oem4f (.data:ti_sysbios_family_arm_lm4_Timer_Object__table__V)
                  20001424    00000038     empty_pem4f.oem4f (.data:ti_sysbios_gates_GateMutex_Object__table__V)
                  2000145c    00000034     empty_pem4f.oem4f (.data:ti_sysbios_family_arm_m3_Hwi_Module__state__V)
                  20001490    00000030     empty_pem4f.oem4f (.data:ti_sysbios_family_arm_lm4_Timer_Module_State_0_device__A)
                  200014c0    00000030     empty_pem4f.oem4f (.data:ti_sysbios_knl_Swi_Object__table__V)
                  200014f0    0000002c     empty_pem4f.oem4f (.data:ti_sysbios_knl_Clock_Module__state__V)
                  2000151c    00000024     empty_pem4f.oem4f (.data:ti_sysbios_BIOS_Module__state__V)
                  20001540    0000001c     empty_pem4f.oem4f (.data:ti_sysbios_knl_Swi_Module__state__V)
                  2000155c    00000018     drivers_tivaware.aem4f : PWMTiva.oem4f (.data)
                  20001574    00000018     empty_pem4f.oem4f (.data:ti_sysbios_family_arm_lm4_Timer_Module_State_0_handles__A)
                  2000158c    00000018     empty_pem4f.oem4f (.data:ti_sysbios_family_arm_m3_Hwi_Object__table__V)
                  200015a4    00000018     empty_pem4f.oem4f (.data:ti_sysbios_heaps_HeapMem_Object__table__V)
                  200015bc    00000014     EK_TM4C123GXL.obj (.data:gpioPinConfigs)
                  200015d0    00000010     empty.obj (.data)
                  200015e0    0000000c     empty_pem4f.oem4f (.data:ti_sysbios_family_arm_lm4_Timer_Module__state__V)
                  200015ec    0000000c     empty_pem4f.oem4f (.data:xdc_runtime_SysMin_Module__state__V)
                  200015f8    00000008     rtsv7M4_T_le_v4SPD16_eabi.lib : _lock.c.obj (.data:$O1$$)
                  20001600    00000008     EK_TM4C123GXL.obj (.data:gpioCallbackFunctions)
                  20001608    00000008     pwmControl.obj (.data)
                  20001610    00000008     empty_pem4f.oem4f (.data:ti_sysbios_family_arm_m3_Hwi_Module__root__V)
                  20001618    00000008     empty_pem4f.oem4f (.data:ti_sysbios_gates_GateHwi_Module__root__V)
                  20001620    00000008     empty_pem4f.oem4f (.data:ti_sysbios_gates_GateMutex_Module__root__V)
                  20001628    00000008     empty_pem4f.oem4f (.data:ti_sysbios_heaps_HeapMem_Module__root__V)
                  20001630    00000008     empty_pem4f.oem4f (.data:ti_sysbios_knl_Clock_Module__root__V)
                  20001638    00000008     empty_pem4f.oem4f (.data:ti_sysbios_knl_Queue_Module__root__V)
                  20001640    00000008     empty_pem4f.oem4f (.data:ti_sysbios_knl_Semaphore_Module__root__V)
                  20001648    00000008     empty_pem4f.oem4f (.data:ti_sysbios_knl_Task_Module__root__V)
                  20001650    00000008     empty_pem4f.oem4f (.data:xdc_runtime_Registry_Module__state__V)
                  20001658    00000008     empty_pem4f.oem4f (.data:xdc_runtime_Startup_Module__state__V)
                  20001660    00000008     empty_pem4f.oem4f (.data:xdc_runtime_System_Module_State_0_atexitHandlers__A)
                  20001668    00000008     empty_pem4f.oem4f (.data:xdc_runtime_System_Module__state__V)
                  20001670    00000005     drivers_tivaware.aem4f : GPIOTiva.oem4f (.data)
                  20001675    00000001     --HOLE--
                  20001676    00000002     empty_pem4f.oem4f (.data:ti_sysbios_family_arm_m3_Hwi_Module_State_0_excActive__A)
                  20001678    00000004     drivers_tivaware.aem4f : PWM.oem4f (.data)
                  2000167c    00000004                            : UART.oem4f (.data)
                  20001680    00000004     rtsv7M4_T_le_v4SPD16_eabi.lib : stkdepth_vars.c.obj (.data)
                  20001684    00000004     empty_pem4f.oem4f (.data:ti_sysbios_family_arm_m3_Hwi_Module_State_0_excContext__A)
                  20001688    00000004     empty_pem4f.oem4f (.data:ti_sysbios_family_arm_m3_Hwi_Module_State_0_excStack__A)
                  2000168c    00000004     empty_pem4f.oem4f (.data:ti_sysbios_gates_GateHwi_Object__table__V)
                  20001690    00000004     empty_pem4f.oem4f (.data:ti_sysbios_knl_Task_Module_State_0_idleTask__A)
                  20001694    00000004     empty_pem4f.oem4f (.data:xdc_runtime_Memory_Module__state__V)
                  20001698    00000002     empty_pem4f.oem4f (.data:xdc_runtime_Error_Module__state__V)

.stack     0    200016a0    00000300     UNINITIALIZED
                  200016a0    00000300     --HOLE--

.bootVecs 
*          0    00000000    00000008     DSECT
                  00000000    00000008     boot.aem4f : boot.oem4f (.bootVecs)

.vecs      0    20000000    00000360     UNINITIALIZED
                  20000000    00000360     empty_pem4f.oem4f (.vecs)

xdc.meta   0    00000000    000000ea     COPY SECTION
                  00000000    000000ea     empty_pem4f.oem4f (xdc.meta)

MODULE SUMMARY

       Module                       code    ro data   rw data
       ------                       ----    -------   -------
    .\
       empty.obj                    858     0         608    
       EK_TM4C123GXL.obj            156     128       280    
       pwmControl.obj               140     0         20     
       essentialFxn.obj             60      0         0      
    +--+----------------------------+-------+---------+---------+
       Total:                       1214    128       908    
                                                             
    C:\Users\thors_000\workspace_v7\Project_robot_arm\Debug\configPkg\package\cfg\
       empty_pem4f.oem4f            1886    7788      4384   
    +--+----------------------------+-------+---------+---------+
       Total:                       1886    7788      4384   
                                                             
    C:/ti/tirtos_tivac_2_16_00_08/products/TivaWare_C_Series-2.1.1.71b/driverlib/ccs/Debug/driverlib.lib
       gpio.obj                     596     144       0      
       uart.obj                     226     0         0      
       pwm.obj                      178     0         0      
       sysctl.obj                   72      0         0      
    +--+----------------------------+-------+---------+---------+
       Total:                       1072    144       0      
                                                             
    C:/ti/tirtos_tivac_2_16_00_08/products/tidrivers_tivac_2_16_00_08/packages/ti/drivers/lib/drivers_tivaware.aem4f
       UARTTiva.oem4f               2262    116       0      
       GPIOTiva.oem4f               732     156       153    
       PWMTiva.oem4f                962     32        24     
       RingBuf.oem4f                164     0         0      
       PWM.oem4f                    130     12        4      
       UART.oem4f                   56      0         4      
    +--+----------------------------+-------+---------+---------+
       Total:                       4306    316       185    
                                                             
    C:\Users\thors_000\workspace_v7\Project_robot_arm\src\sysbios\sysbios.aem4f
       BIOS.obj                     12516   0         0      
       m3_Hwi_asm.obj               314     0         0      
       m3_TaskSupport_asm.obj       180     0         0      
       m3_Hwi_asm_switch.obj        118     0         0      
    +--+----------------------------+-------+---------+---------+
       Total:                       13128   0         0      
                                                             
    C:\ti\ccsv7\tools\compiler\ti-cgt-arm_18.1.0.LTS\lib\rtsv7M4_T_le_v4SPD16_eabi.lib
       fd_add_t2.asm.obj            438     0         0      
       trgmsg.c.obj                 108     0         288    
       fd_div_t2.asm.obj            310     0         0      
       fd_cmp_t2.asm.obj            268     0         0      
       fd_mul_t2.asm.obj            252     0         0      
       memcpy_t2.asm.obj            156     0         0      
       memset_t2.asm.obj            122     0         0      
       copy_decompress_lzss.c.obj   104     0         0      
       hostwrite.c.obj              88      0         0      
       cpy_tbl.c.obj                76      0         0      
       fd_toi_t2.asm.obj            72      0         0      
       fd_tou_t2.asm.obj            68      0         0      
       u_divt2.asm.obj              64      0         0      
       _lock.c.obj                  26      0         8      
       u_tofd_t2.asm.obj            32      0         0      
       args_main.c.obj              24      0         0      
       strlen.c.obj                 20      0         0      
       copy_decompress_none.c.obj   14      0         0      
       copy_zero_init.c.obj         12      0         0      
       hostopen.c.obj               0       0         8      
       exit.c.obj                   4       0         0      
       stkdepth_vars.c.obj          0       0         4      
       div0.asm.obj                 2       0         0      
    +--+----------------------------+-------+---------+---------+
       Total:                       2260    0         308    
                                                             
    C:\ti\tirtos_tivac_2_16_00_08\products\bios_6_45_01_29\packages\ti\catalog\arm\cortexm4\tiva\ce\lib\Boot.aem4f
       Boot_sysctl.oem4f            262     0         0      
       Boot.oem4f                   152     0         0      
    +--+----------------------------+-------+---------+---------+
       Total:                       414     0         0      
                                                             
    C:\ti\tirtos_tivac_2_16_00_08\products\bios_6_45_01_29\packages\ti\targets\arm\rtsarm\lib\auto_init.aem4f
       auto_init.oem4f              160     0         0      
    +--+----------------------------+-------+---------+---------+
       Total:                       160     0         0      
                                                             
    C:\ti\tirtos_tivac_2_16_00_08\products\bios_6_45_01_29\packages\ti\targets\arm\rtsarm\lib\boot.aem4f
       boot.oem4f                   88      0         0      
    +--+----------------------------+-------+---------+---------+
       Total:                       88      0         0      
                                                             
    C:\ti\tirtos_tivac_2_16_00_08\products\bios_6_45_01_29\packages\ti\targets\arm\rtsarm\lib\ti.targets.arm.rtsarm.aem4f
       System.oem4f                 1255    0         0      
       Text.oem4f                   672     0         0      
       Error.oem4f                  524     0         0      
       Core-mem.oem4f               358     0         0      
       Startup.oem4f                328     0         0      
       SysMin.oem4f                 248     0         0      
       Core-smem.oem4f              204     0         0      
       Memory.oem4f                 176     0         0      
       Assert.oem4f                 84      0         0      
       Core-params.oem4f            70      0         0      
       Core-label.oem4f             52      0         0      
       Registry.oem4f               32      0         0      
       Gate.oem4f                   28      0         0      
    +--+----------------------------+-------+---------+---------+
       Total:                       4031    0         0      
                                                             
       Stack:                       0       0         768    
       Linker Generated:            0       530       0      
    +--+----------------------------+-------+---------+---------+
       Grand Total:                 28559   8906      6553   


LINKER GENERATED COPY TABLES

__TI_cinit_table @ 000092e8 records: 3, size/record: 8, table size: 24
	.data: load addr=000090e8, load size=000001de bytes, run addr=20001254, run size=00000446 bytes, compression=lzss
	.bss: load addr=000092d8, load size=00000008 bytes, run addr=20000360, run size=00000ef4 bytes, compression=zero_init
	.vecs: load addr=000092e0, load size=00000008 bytes, run addr=20000000, run size=00000360 bytes, compression=zero_init


LINKER GENERATED HANDLER TABLE

__TI_handler_table @ 000092c8 records: 3, size/record: 4, table size: 12
	index: 0, handler: __TI_decompress_lzss
	index: 1, handler: __TI_decompress_none
	index: 2, handler: __TI_zero_init


GLOBAL SYMBOLS: SORTED ALPHABETICALLY BY Name 

address   name                                                              
-------   ----                                                              
00000cfd  C$$EXIT                                                           
00005da3  C$$IO$$                                                           
000060a5  EK_TM4C123GXL_initGPIO                                            
00005ac9  EK_TM4C123GXL_initGeneral                                         
00006379  EK_TM4C123GXL_initUART                                            
00006459  GPIODirModeSet                                                    
000025cb  GPIOIntClear                                                      
00006e5d  GPIOIntEnable                                                     
00006df9  GPIOIntStatus                                                     
00005121  GPIOIntTypeSet                                                    
00002705  GPIOPadConfigSet                                                  
000055dd  GPIOPinConfigure                                                  
00006c3d  GPIOPinTypeGPIOInput                                              
00006c4f  GPIOPinTypePWM                                                    
00006c61  GPIOPinTypeUART                                                   
0000467b  GPIOPinWrite                                                      
00008eb0  GPIOTiva_config                                                   
000060d5  GPIO_enableInt                                                    
00004b31  GPIO_hwiIntFxn                                                    
0000402d  GPIO_init                                                         
00005275  GPIO_setCallback                                                  
000020bd  GPIO_setConfig                                                    
00005019  HOSTwrite                                                         
00006b9d  PWMClockSet                                                       
00006649  PWMGenConfigure                                                   
00006e69  PWMGenDisable                                                     
00006e75  PWMGenEnable                                                      
00006c73  PWMGenPeriodGet                                                   
00006ce5  PWMGenPeriodSet                                                   
00006c85  PWMOutputInvert                                                   
00006c97  PWMOutputState                                                    
00006839  PWMPulseWidthSet                                                  
00008cfe  PWMTiva_MAX_MATCH_VALUE                                           
00008cfc  PWMTiva_MAX_PRESCALAR                                             
000049f9  PWMTiva_close                                                     
000042e9  PWMTiva_control                                                   
00008ce0  PWMTiva_fxnTable                                                  
0000666b  PWMTiva_getPeriodCounts                                           
00006857  PWMTiva_getPeriodMicroSecs                                        
00006105  PWMTiva_init                                                      
00001de5  PWMTiva_open                                                      
00003141  PWMTiva_setDuty                                                   
00006cf5  PWM_Params_init                                                   
00008c08  PWM_config                                                        
[...]
00007011  ti_sysbios_hal_Hwi_HwiProxy_restore__E                            
00007019  ti_sysbios_gates_GateHwi_leave__E                                 
00007021  ti_sysbios_heaps_HeapMem_isBlocking__E                            
00007029  ti_sysbios_knl_Clock_stop__E                                      
00007031  ti_sysbios_knl_Queue_Instance_init__E                             
00007039  ti_sysbios_knl_Swi_startup__E                                     
0000703f  xdc_runtime_System_Module_startup__E                              
00007049  ti_sysbios_gates_GateHwi_query__E                                 
00007049  xdc_runtime_Main_Module_GateProxy_query__E                        
00007049  xdc_runtime_System_Module_GateProxy_query__E                      
00007051  ti_sysbios_BIOS_RtsGateProxy_query__E                             
00007051  ti_sysbios_gates_GateMutex_query__E                               
00007051  ti_sysbios_heaps_HeapMem_Module_GateProxy_query__E                
00007059  ti_sysbios_knl_Task_startup__E                                    
00007061  ti_sysbios_gates_GateHwi_Instance_init__E                         
00007069  ti_sysbios_knl_Clock_logTick__E                                   
0000706c  xdc_runtime_Text_charTab__A                                       
000088cd  xdc_runtime_Error_policy__C                                       
000088ce  xdc_runtime_Text_nodeTab__A                                       
0000898a  ti_catalog_arm_cortexm4_tiva_ce_Boot_Module__id__C                
00008b4c  ti_sysbios_knl_Task_Object__PARAMS__C                             
00008b88  ti_sysbios_family_arm_m3_Hwi_Object__PARAMS__C                    
00008bb8  UARTTiva_fxnTable                                                 
00008be0  ti_sysbios_heaps_HeapMem_Module__FXNS__C                          
00008c08  PWM_config                                                        
00008c2c  ti_sysbios_gates_GateHwi_Module__FXNS__C                          
00008c50  ti_sysbios_gates_GateMutex_Module__FXNS__C                        
00008c74  ti_sysbios_heaps_HeapMem_Object__PARAMS__C                        
00008c98  ti_sysbios_knl_Clock_Object__PARAMS__C                            
00008cbc  ti_sysbios_knl_Semaphore_Object__PARAMS__C                        
00008ce0  PWMTiva_fxnTable                                                  
00008cfc  PWMTiva_MAX_PRESCALAR                                             
00008cfe  PWMTiva_MAX_MATCH_VALUE                                           
00008d00  ti_sysbios_family_arm_m3_Hwi_Object__DESC__C                      
00008d20  ti_sysbios_gates_GateHwi_Object__DESC__C                          
00008d40  ti_sysbios_gates_GateMutex_Object__DESC__C                        
00008d60  ti_sysbios_heaps_HeapMem_Object__DESC__C                          
00008d80  ti_sysbios_knl_Clock_Object__DESC__C                              
00008da0  ti_sysbios_knl_Queue_Object__DESC__C                              
00008dc0  ti_sysbios_knl_Semaphore_Object__DESC__C                          
00008de0  ti_sysbios_knl_Task_Object__DESC__C                               
00008e00  xdc_runtime_Startup_sfxnTab__A                                    
00008e20  UART_config                                                       
00008e38  pwmTivaHWAttrs                                                    
00008e50  ti_sysbios_gates_GateHwi_Object__PARAMS__C                        
00008e68  ti_sysbios_gates_GateMutex_Object__PARAMS__C                      
00008e80  ti_sysbios_knl_Queue_Object__PARAMS__C                            
00008e98  uartTivaHWAttrs                                                   
00008eb0  GPIOTiva_config                                                   
00008ec4  xdc_runtime_Startup_firstFxns__A                                  
00008ed8  xdc_runtime_Startup_sfxnRts__A                                    
00008ee8  PWM_defaultParams                                                 
00008ef4  ti_sysbios_family_arm_m3_Hwi_excHookFuncs__A                      
00008efc  ti_sysbios_knl_Idle_funcList__C                                   
00008f04  xdc_runtime_Startup_firstFxns__C                                  
00008f0c  xdc_runtime_Startup_lastFxns__C                                   
00008f14  ti_catalog_arm_cortexm4_tiva_ce_Boot_A_mustUseEnhancedClockMode__C
00008f18  ti_catalog_arm_cortexm4_tiva_ce_Boot_Module__diagsEnabled__C      
00008f1c  ti_catalog_arm_cortexm4_tiva_ce_Boot_Module__diagsIncluded__C     
00008f20  ti_catalog_arm_cortexm4_tiva_ce_Boot_Module__diagsMask__C         
00008f24  ti_sysbios_family_arm_lm4_Timer_enableFunc__C                     
00008f28  ti_sysbios_family_arm_lm4_Timer_numTimerDevices__C                
00008f2c  ti_sysbios_family_arm_lm4_Timer_startupNeeded__C                  
00008f30  ti_sysbios_family_arm_m3_Hwi_E_NMI__C                             
00008f34  ti_sysbios_family_arm_m3_Hwi_E_alreadyDefined__C                  
00008f38  ti_sysbios_family_arm_m3_Hwi_E_busFault__C                        
00008f3c  ti_sysbios_family_arm_m3_Hwi_E_debugMon__C                        
00008f40  ti_sysbios_family_arm_m3_Hwi_E_hardFault__C                       
00008f44  ti_sysbios_family_arm_m3_Hwi_E_memFault__C                        
00008f48  ti_sysbios_family_arm_m3_Hwi_E_noIsr__C                           
00008f4c  ti_sysbios_family_arm_m3_Hwi_E_reserved__C                        
00008f50  ti_sysbios_family_arm_m3_Hwi_E_svCall__C                          
00008f54  ti_sysbios_family_arm_m3_Hwi_E_usageFault__C                      
00008f58  ti_sysbios_family_arm_m3_Hwi_NUM_INTERRUPTS__C                    
00008f5c  ti_sysbios_family_arm_m3_Hwi_Object__count__C                     
00008f60  ti_sysbios_family_arm_m3_Hwi_ccr__C                               
00008f64  ti_sysbios_family_arm_m3_Hwi_excHandlerFunc__C                    
00008f68  ti_sysbios_family_arm_m3_Hwi_excHookFuncs__C                      
00008f6c  ti_sysbios_family_arm_m3_Hwi_nullIsrFunc__C                       
00008f70  ti_sysbios_family_arm_m3_Hwi_priGroup__C                          
00008f74  ti_sysbios_family_arm_m3_TaskSupport_stackAlignment__C            
00008f78  ti_sysbios_gates_GateMutex_A_badContext__C                        
00008f7c  ti_sysbios_gates_GateMutex_Instance_State_sem__O                  
00008f80  ti_sysbios_gates_GateMutex_Module__diagsEnabled__C                
00008f84  ti_sysbios_gates_GateMutex_Module__diagsIncluded__C               
00008f88  ti_sysbios_gates_GateMutex_Module__diagsMask__C                   
00008f8c  ti_sysbios_hal_Hwi_E_stackOverflow__C                             
00008f90  ti_sysbios_heaps_HeapMem_A_align__C                               
00008f94  ti_sysbios_heaps_HeapMem_A_heapSize__C                            
00008f98  ti_sysbios_heaps_HeapMem_A_invalidFree__C                         
00008f9c  ti_sysbios_heaps_HeapMem_A_zeroBlock__C                           
00008fa0  ti_sysbios_heaps_HeapMem_E_memory__C                              
00008fa4  ti_sysbios_heaps_HeapMem_Module__diagsEnabled__C                  
00008fa8  ti_sysbios_heaps_HeapMem_Module__diagsIncluded__C                 
00008fac  ti_sysbios_heaps_HeapMem_Module__diagsMask__C                     
00008fb0  ti_sysbios_heaps_HeapMem_Module__gateObj__C                       
00008fb4  ti_sysbios_heaps_HeapMem_Object__count__C                         
00008fb8  ti_sysbios_heaps_HeapMem_reqAlign__C                              
00008fbc  ti_sysbios_knl_Clock_A_badThreadType__C                           
00008fc0  ti_sysbios_knl_Clock_Module_State_clockQ__O                       
00008fc4  ti_sysbios_knl_Clock_Module__diagsEnabled__C                      
00008fc8  ti_sysbios_knl_Clock_Module__diagsIncluded__C                     
00008fcc  ti_sysbios_knl_Clock_Module__diagsMask__C                         
00008fd0  ti_sysbios_knl_Idle_funcList__A                                   
00008fd4  ti_sysbios_knl_Semaphore_A_badContext__C                          
00008fd8  ti_sysbios_knl_Semaphore_A_noEvents__C                            
00008fdc  ti_sysbios_knl_Semaphore_A_overflow__C                            
00008fe0  ti_sysbios_knl_Semaphore_A_pendTaskDisabled__C                    
00008fe4  ti_sysbios_knl_Semaphore_Instance_State_pendQ__O                  
00008fe8  ti_sysbios_knl_Semaphore_Module__diagsEnabled__C                  
00008fec  ti_sysbios_knl_Semaphore_Module__diagsIncluded__C                 
00008ff0  ti_sysbios_knl_Semaphore_Module__diagsMask__C                     
00008ff4  ti_sysbios_knl_Swi_Object__count__C                               
00008ff8  ti_sysbios_knl_Task_A_badPriority__C                              
00008ffc  ti_sysbios_knl_Task_A_badTaskState__C                             
00009000  ti_sysbios_knl_Task_A_badThreadType__C                            
00009004  ti_sysbios_knl_Task_A_badTimeout__C                               
00009008  ti_sysbios_knl_Task_A_noPendElem__C                               
0000900c  ti_sysbios_knl_Task_A_sleepTaskDisabled__C                        
00009010  ti_sysbios_knl_Task_E_spOutOfBounds__C                            
00009014  ti_sysbios_knl_Task_E_stackOverflow__C                            
00009018  ti_sysbios_knl_Task_Module_State_inactiveQ__O                     
0000901c  ti_sysbios_knl_Task_Module__diagsEnabled__C                       
00009020  ti_sysbios_knl_Task_Module__diagsIncluded__C                      
00009024  ti_sysbios_knl_Task_Module__diagsMask__C                          
00009028  ti_sysbios_knl_Task_Object__count__C                              
0000902c  ti_sysbios_knl_Task_allBlockedFunc__C                             
00009030  ti_sysbios_knl_Task_defaultStackHeap__C                           
00009034  ti_sysbios_knl_Task_defaultStackSize__C                           
00009038  ti_sysbios_knl_Task_numConstructedTasks__C                        
0000903c  xdc_runtime_Assert_E_assertFailed__C                              
00009040  xdc_runtime_Core_A_initializedParams__C                           
00009044  xdc_runtime_Core_Module__diagsEnabled__C                          
00009048  xdc_runtime_Core_Module__diagsIncluded__C                         
0000904c  xdc_runtime_Core_Module__diagsMask__C                             
00009050  xdc_runtime_Error_E_memory__C                                     
00009054  xdc_runtime_Error_Module__diagsEnabled__C                         
00009058  xdc_runtime_Error_Module__diagsIncluded__C                        
0000905c  xdc_runtime_Error_Module__diagsMask__C                            
00009060  xdc_runtime_Error_Module__loggerFxn8__C                           
00009064  xdc_runtime_Error_Module__loggerObj__C                            
00009068  xdc_runtime_Error_policyFxn__C                                    
0000906c  xdc_runtime_Error_raiseHook__C                                    
00009070  xdc_runtime_IGateProvider_Interface__BASE__C                      
00009074  xdc_runtime_IHeap_Interface__BASE__C                              
00009078  xdc_runtime_IModule_Interface__BASE__C                            
0000907c  xdc_runtime_Log_L_error__C                                        
00009080  xdc_runtime_Memory_defaultHeapInstance__C                         
00009084  xdc_runtime_Startup_execImpl__C                                   
00009088  xdc_runtime_Startup_maxPasses__C                                  
0000908c  xdc_runtime_Startup_sfxnRts__C                                    
00009090  xdc_runtime_Startup_sfxnTab__C                                    
00009094  xdc_runtime_SysMin_bufSize__C                                     
00009098  xdc_runtime_SysMin_outputFunc__C                                  
0000909c  xdc_runtime_System_Module__gateObj__C                             
000090a0  xdc_runtime_System_abortFxn__C                                    
000090a4  xdc_runtime_System_exitFxn__C                                     
000090a8  xdc_runtime_System_extendFxn__C                                   
000090ac  xdc_runtime_System_maxAtexitHandlers__C                           
000090b0  xdc_runtime_Text_charTab__C                                       
000090b4  xdc_runtime_Text_nameEmpty__C                                     
000090b8  xdc_runtime_Text_nameStatic__C                                    
000090bc  xdc_runtime_Text_nameUnknown__C                                   
000090c0  xdc_runtime_Text_nodeTab__C                                       
000090c4  xdc_runtime_Text_visitRopeFxn__C                                  
000090c8  ti_sysbios_family_arm_m3_Hwi_Module__id__C                        
000090ca  ti_sysbios_gates_GateMutex_Module__id__C                          
000090cc  ti_sysbios_hal_Hwi_Module__id__C                                  
000090ce  ti_sysbios_heaps_HeapMem_Module__id__C                            
000090d0  ti_sysbios_knl_Clock_Module__id__C                                
000090d2  ti_sysbios_knl_Semaphore_Module__id__C                            
000090d4  ti_sysbios_knl_Task_Module__id__C                                 
000090d6  xdc_runtime_Core_Module__id__C                                    
000090d8  xdc_runtime_Error_Module__loggerDefined__C                        
000090da  xdc_runtime_Error_maxDepth__C                                     
000090dc  xdc_runtime_Memory_Module__id__C                                  
000090de  xdc_runtime_SysMin_flushAtExit__C                                 
000090e0  xdc_runtime_Text_charCnt__C                                       
000090e2  xdc_runtime_Text_isLoaded__C                                      
000090e4  xdc_runtime_Text_registryModsLastId__C                            
000090e6  xdc_runtime_Text_unnamedModsLastId__C                             
000090e8  __TI_static_base__                                                
000092c8  __TI_Handler_Table_Base                                           
000092d4  __TI_Handler_Table_Limit                                          
000092e8  __TI_CINIT_Base                                                   
00009300  __TI_CINIT_Limit                                                  
20000000  ti_sysbios_family_arm_m3_Hwi_ramVectors                           
20000360  ti_sysbios_heaps_HeapMem_Instance_State_0_buf__A                  
20000760  ti_sysbios_family_arm_m3_Hwi_dispatchTable                        
20000ac0  ti_sysbios_knl_Task_Instance_State_0_stack__A                     
20000cc0  tsk0Stack                                                         
20000ec0  __CIOBUF_                                                         
20000fe0  uartTivaObjects                                                   
2000113c  xdc_runtime_SysMin_Module_State_0_outbuf__A                       
200011bc  tsk0Struct                                                        
2000120c  uartTivaRingBuffer                                                
2000122c  pwmTivaObjects                                                    
2000123c  params                                                            
20001248  parmbuf                                                           
20001254  ti_sysbios_knl_Swi_Module_State_0_readyQ__A                       
200012d4  ti_sysbios_knl_Task_Module_State_0_readyQ__A                      
20001354  ti_sysbios_knl_Task_Object__table__V                              
200013a0  ti_sysbios_knl_Task_Module__state__V                              
200013e4  ti_sysbios_family_arm_lm4_Timer_Object__table__V                  
20001424  ti_sysbios_gates_GateMutex_Object__table__V                       
2000145c  ti_sysbios_family_arm_m3_Hwi_Module__state__V                     
20001490  ti_sysbios_family_arm_lm4_Timer_Module_State_0_device__A          
200014c0  ti_sysbios_knl_Swi_Object__table__V                               
200014f0  ti_sysbios_knl_Clock_Module__state__V                             
2000151c  ti_sysbios_BIOS_Module__state__V                                  
20001540  ti_sysbios_knl_Swi_Module__state__V                               
20001574  ti_sysbios_family_arm_lm4_Timer_Module_State_0_handles__A         
2000158c  ti_sysbios_family_arm_m3_Hwi_Object__table__V                     
200015a4  ti_sysbios_heaps_HeapMem_Object__table__V                         
200015bc  gpioPinConfigs                                                    
200015d0  count1                                                            
200015d4  count2                                                            
200015d8  pwmPeriod                                                         
200015da  duty1                                                             
200015dc  duty2                                                             
200015de  dutyInc                                                           
200015e0  ti_sysbios_family_arm_lm4_Timer_Module__state__V                  
200015ec  xdc_runtime_SysMin_Module__state__V                               
200015f8  _lock                                                             
200015fc  _unlock                                                           
20001600  gpioCallbackFunctions                                             
20001608  pwmPF2                                                            
2000160c  pwmPF3                                                            
20001610  ti_sysbios_family_arm_m3_Hwi_Module__root__V                      
20001618  ti_sysbios_gates_GateHwi_Module__root__V                          
20001620  ti_sysbios_gates_GateMutex_Module__root__V                        
20001628  ti_sysbios_heaps_HeapMem_Module__root__V                          
20001630  ti_sysbios_knl_Clock_Module__root__V                              
20001638  ti_sysbios_knl_Queue_Module__root__V                              
20001640  ti_sysbios_knl_Semaphore_Module__root__V                          
20001648  ti_sysbios_knl_Task_Module__root__V                               
20001650  xdc_runtime_Registry_Module__state__V                             
20001658  xdc_runtime_Startup_Module__state__V                              
20001660  xdc_runtime_System_Module_State_0_atexitHandlers__A               
20001668  xdc_runtime_System_Module__state__V                               
20001676  ti_sysbios_family_arm_m3_Hwi_Module_State_0_excActive__A          
20001680  main_func_sp                                                      
20001684  ti_sysbios_family_arm_m3_Hwi_Module_State_0_excContext__A         
20001688  ti_sysbios_family_arm_m3_Hwi_Module_State_0_excStack__A           
2000168c  ti_sysbios_gates_GateHwi_Object__table__V                         
20001690  ti_sysbios_knl_Task_Module_State_0_idleTask__A                    
20001694  xdc_runtime_Memory_Module__state__V                               
20001698  xdc_runtime_Error_Module__state__V                                
200016a0  __stack                                                           
200019a0  __STACK_END                                                       
e000e000  ti_sysbios_family_arm_m3_Hwi_nvic                                 
ffffffff  __TI_pprof_out_hndl                                               
ffffffff  __TI_prof_data_size                                               
ffffffff  __TI_prof_data_start                                              
ffffffff  __binit__                                                         
ffffffff  __c_args__                                                        
ffffffff  binit                                                             
UNDEFED   SHT$$INIT_ARRAY$$Base                                             
UNDEFED   SHT$$INIT_ARRAY$$Limit                                            

[653 symbols]
